Archive member included to satisfy reference by file (symbol)

/Applications/ArmGNUToolchain/14.2.rel1/arm-none-eabi/bin/../lib/gcc/arm-none-eabi/14.2.1/../../../../arm-none-eabi/lib/thumb/v7-m/nofp/libc_nano.a(libc_a-exit.o)
                              /Applications/ArmGNUToolchain/14.2.rel1/arm-none-eabi/bin/../lib/gcc/arm-none-eabi/14.2.1/../../../../arm-none-eabi/lib/thumb/v7-m/nofp/crt0.o (exit)
/Applications/ArmGNUToolchain/14.2.rel1/arm-none-eabi/bin/../lib/gcc/arm-none-eabi/14.2.1/../../../../arm-none-eabi/lib/thumb/v7-m/nofp/libc_nano.a(libc_a-nano-vfprintf_float.o)
                              (_printf_float)
/Applications/ArmGNUToolchain/14.2.rel1/arm-none-eabi/bin/../lib/gcc/arm-none-eabi/14.2.1/../../../../arm-none-eabi/lib/thumb/v7-m/nofp/libc_nano.a(libc_a-nano-vfprintf_i.o)
                              /Applications/ArmGNUToolchain/14.2.rel1/arm-none-eabi/bin/../lib/gcc/arm-none-eabi/14.2.1/../../../../arm-none-eabi/lib/thumb/v7-m/nofp/libc_nano.a(libc_a-nano-vfprintf_float.o) (_printf_common)
/Applications/ArmGNUToolchain/14.2.rel1/arm-none-eabi/bin/../lib/gcc/arm-none-eabi/14.2.1/../../../../arm-none-eabi/lib/thumb/v7-m/nofp/libc_nano.a(libc_a-findfp.o)
                              /Applications/ArmGNUToolchain/14.2.rel1/arm-none-eabi/bin/../lib/gcc/arm-none-eabi/14.2.1/../../../../arm-none-eabi/lib/thumb/v7-m/nofp/libc_nano.a(libc_a-exit.o) (__stdio_exit_handler)
/Applications/ArmGNUToolchain/14.2.rel1/arm-none-eabi/bin/../lib/gcc/arm-none-eabi/14.2.1/../../../../arm-none-eabi/lib/thumb/v7-m/nofp/libc_nano.a(libc_a-fwalk.o)
                              /Applications/ArmGNUToolchain/14.2.rel1/arm-none-eabi/bin/../lib/gcc/arm-none-eabi/14.2.1/../../../../arm-none-eabi/lib/thumb/v7-m/nofp/libc_nano.a(libc_a-findfp.o) (_fwalk_sglue)
/Applications/ArmGNUToolchain/14.2.rel1/arm-none-eabi/bin/../lib/gcc/arm-none-eabi/14.2.1/../../../../arm-none-eabi/lib/thumb/v7-m/nofp/libc_nano.a(libc_a-memset.o)
                              /Applications/ArmGNUToolchain/14.2.rel1/arm-none-eabi/bin/../lib/gcc/arm-none-eabi/14.2.1/../../../../arm-none-eabi/lib/thumb/v7-m/nofp/crt0.o (memset)
/Applications/ArmGNUToolchain/14.2.rel1/arm-none-eabi/bin/../lib/gcc/arm-none-eabi/14.2.1/../../../../arm-none-eabi/lib/thumb/v7-m/nofp/libc_nano.a(libc_a-init.o)
                              /Applications/ArmGNUToolchain/14.2.rel1/arm-none-eabi/bin/../lib/gcc/arm-none-eabi/14.2.1/../../../../arm-none-eabi/lib/thumb/v7-m/nofp/crt0.o (__libc_init_array)
/Applications/ArmGNUToolchain/14.2.rel1/arm-none-eabi/bin/../lib/gcc/arm-none-eabi/14.2.1/../../../../arm-none-eabi/lib/thumb/v7-m/nofp/libc_nano.a(libc_a-lock.o)
                              /Applications/ArmGNUToolchain/14.2.rel1/arm-none-eabi/bin/../lib/gcc/arm-none-eabi/14.2.1/../../../../arm-none-eabi/lib/thumb/v7-m/nofp/libc_nano.a(libc_a-findfp.o) (__retarget_lock_init_recursive)
/Applications/ArmGNUToolchain/14.2.rel1/arm-none-eabi/bin/../lib/gcc/arm-none-eabi/14.2.1/../../../../arm-none-eabi/lib/thumb/v7-m/nofp/libc_nano.a(libc_a-localeconv.o)
                              /Applications/ArmGNUToolchain/14.2.rel1/arm-none-eabi/bin/../lib/gcc/arm-none-eabi/14.2.1/../../../../arm-none-eabi/lib/thumb/v7-m/nofp/libc_nano.a(libc_a-nano-vfprintf_float.o) (_localeconv_r)
/Applications/ArmGNUToolchain/14.2.rel1/arm-none-eabi/bin/../lib/gcc/arm-none-eabi/14.2.1/../../../../arm-none-eabi/lib/thumb/v7-m/nofp/libc_nano.a(libc_a-impure.o)
                              /Applications/ArmGNUToolchain/14.2.rel1/arm-none-eabi/bin/../lib/gcc/arm-none-eabi/14.2.1/../../../../arm-none-eabi/lib/thumb/v7-m/nofp/libc_nano.a(libc_a-findfp.o) (_impure_data)
/Applications/ArmGNUToolchain/14.2.rel1/arm-none-eabi/bin/../lib/gcc/arm-none-eabi/14.2.1/../../../../arm-none-eabi/lib/thumb/v7-m/nofp/libc_nano.a(libc_a-memchr-stub.o)
                              /Applications/ArmGNUToolchain/14.2.rel1/arm-none-eabi/bin/../lib/gcc/arm-none-eabi/14.2.1/../../../../arm-none-eabi/lib/thumb/v7-m/nofp/libc_nano.a(libc_a-nano-vfprintf_i.o) (memchr)
/Applications/ArmGNUToolchain/14.2.rel1/arm-none-eabi/bin/../lib/gcc/arm-none-eabi/14.2.1/../../../../arm-none-eabi/lib/thumb/v7-m/nofp/libc_nano.a(libc_a-strlen.o)
                              /Applications/ArmGNUToolchain/14.2.rel1/arm-none-eabi/bin/../lib/gcc/arm-none-eabi/14.2.1/../../../../arm-none-eabi/lib/thumb/v7-m/nofp/libc_nano.a(libc_a-nano-vfprintf_float.o) (strlen)
/Applications/ArmGNUToolchain/14.2.rel1/arm-none-eabi/bin/../lib/gcc/arm-none-eabi/14.2.1/../../../../arm-none-eabi/lib/thumb/v7-m/nofp/libc_nano.a(libc_a-dtoa.o)
                              /Applications/ArmGNUToolchain/14.2.rel1/arm-none-eabi/bin/../lib/gcc/arm-none-eabi/14.2.1/../../../../arm-none-eabi/lib/thumb/v7-m/nofp/libc_nano.a(libc_a-nano-vfprintf_float.o) (_dtoa_r)
/Applications/ArmGNUToolchain/14.2.rel1/arm-none-eabi/bin/../lib/gcc/arm-none-eabi/14.2.1/../../../../arm-none-eabi/lib/thumb/v7-m/nofp/libc_nano.a(libc_a-malloc.o)
[...]
Memory Configuration

Name             Origin             Length             Attributes
RAM              0x20000000         0x00005000         xrw
FLASH            0x08000000         0x00010000         xr
*default*        0x00000000         0xffffffff

Linker script and memory map

LOAD /Applications/ArmGNUToolchain/14.2.rel1/arm-none-eabi/bin/../lib/gcc/arm-none-eabi/14.2.1/thumb/v7-m/nofp/crti.o
LOAD /Applications/ArmGNUToolchain/14.2.rel1/arm-none-eabi/bin/../lib/gcc/arm-none-eabi/14.2.1/thumb/v7-m/nofp/crtbegin.o
LOAD /Applications/ArmGNUToolchain/14.2.rel1/arm-none-eabi/bin/../lib/gcc/arm-none-eabi/14.2.1/../../../../arm-none-eabi/lib/thumb/v7-m/nofp/crt0.o
LOAD CMakeFiles/STM32F103C8T6-STD-CMAKE.elf.dir/Hardware/Key.c.obj
LOAD CMakeFiles/STM32F103C8T6-STD-CMAKE.elf.dir/Hardware/LED.c.obj
LOAD CMakeFiles/STM32F103C8T6-STD-CMAKE.elf.dir/Hardware/OLED.c.obj
LOAD CMakeFiles/STM32F103C8T6-STD-CMAKE.elf.dir/Library/misc.c.obj
LOAD CMakeFiles/STM32F103C8T6-STD-CMAKE.elf.dir/Library/stm32f10x_adc.c.obj
LOAD CMakeFiles/STM32F103C8T6-STD-CMAKE.elf.dir/Library/stm32f10x_bkp.c.obj
LOAD CMakeFiles/STM32F103C8T6-STD-CMAKE.elf.dir/Library/stm32f10x_can.c.obj
LOAD CMakeFiles/STM32F103C8T6-STD-CMAKE.elf.dir/Library/stm32f10x_cec.c.obj
LOAD CMakeFiles/STM32F103C8T6-STD-CMAKE.elf.dir/Library/stm32f10x_crc.c.obj
LOAD CMakeFiles/STM32F103C8T6-STD-CMAKE.elf.dir/Library/stm32f10x_dac.c.obj
LOAD CMakeFiles/STM32F103C8T6-STD-CMAKE.elf.dir/Library/stm32f10x_dbgmcu.c.obj
LOAD CMakeFiles/STM32F103C8T6-STD-CMAKE.elf.dir/Library/stm32f10x_dma.c.obj
LOAD CMakeFiles/STM32F103C8T6-STD-CMAKE.elf.dir/Library/stm32f10x_exti.c.obj
LOAD CMakeFiles/STM32F103C8T6-STD-CMAKE.elf.dir/Library/stm32f10x_flash.c.obj
LOAD CMakeFiles/STM32F103C8T6-STD-CMAKE.elf.dir/Library/stm32f10x_fsmc.c.obj
LOAD CMakeFiles/STM32F103C8T6-STD-CMAKE.elf.dir/Library/stm32f10x_gpio.c.obj
LOAD CMakeFiles/STM32F103C8T6-STD-CMAKE.elf.dir/Library/stm32f10x_i2c.c.obj
LOAD CMakeFiles/STM32F103C8T6-STD-CMAKE.elf.dir/Library/stm32f10x_iwdg.c.obj
LOAD CMakeFiles/STM32F103C8T6-STD-CMAKE.elf.dir/Library/stm32f10x_pwr.c.obj
LOAD CMakeFiles/STM32F103C8T6-STD-CMAKE.elf.dir/Library/stm32f10x_rcc.c.obj
LOAD CMakeFiles/STM32F103C8T6-STD-CMAKE.elf.dir/Library/stm32f10x_rtc.c.obj
LOAD CMakeFiles/STM32F103C8T6-STD-CMAKE.elf.dir/Library/stm32f10x_sdio.c.obj
LOAD CMakeFiles/STM32F103C8T6-STD-CMAKE.elf.dir/Library/stm32f10x_spi.c.obj
LOAD CMakeFiles/STM32F103C8T6-STD-CMAKE.elf.dir/Library/stm32f10x_tim.c.obj
LOAD CMakeFiles/STM32F103C8T6-STD-CMAKE.elf.dir/Library/stm32f10x_usart.c.obj
LOAD CMakeFiles/STM32F103C8T6-STD-CMAKE.elf.dir/Library/stm32f10x_wwdg.c.obj
LOAD CMakeFiles/STM32F103C8T6-STD-CMAKE.elf.dir/Start/core_cm3.c.obj
LOAD CMakeFiles/STM32F103C8T6-STD-CMAKE.elf.dir/Start/startup_stm32f103xb.s.obj
LOAD CMakeFiles/STM32F103C8T6-STD-CMAKE.elf.dir/Start/system_stm32f10x.c.obj
LOAD CMakeFiles/STM32F103C8T6-STD-CMAKE.elf.dir/System/Delay.c.obj
LOAD CMakeFiles/STM32F103C8T6-STD-CMAKE.elf.dir/User/main.c.obj
LOAD CMakeFiles/STM32F103C8T6-STD-CMAKE.elf.dir/User/stm32f10x_it.c.obj
START GROUP
LOAD /Applications/ArmGNUToolchain/14.2.rel1/arm-none-eabi/bin/../lib/gcc/arm-none-eabi/14.2.1/thumb/v7-m/nofp/libgcc.a
LOAD /Applications/ArmGNUToolchain/14.2.rel1/arm-none-eabi/bin/../lib/gcc/arm-none-eabi/14.2.1/../../../../arm-none-eabi/lib/thumb/v7-m/nofp/libc_nano.a
END GROUP
START GROUP
LOAD /Applications/ArmGNUToolchain/14.2.rel1/arm-none-eabi/bin/../lib/gcc/arm-none-eabi/14.2.1/thumb/v7-m/nofp/libgcc.a
LOAD /Applications/ArmGNUToolchain/14.2.rel1/arm-none-eabi/bin/../lib/gcc/arm-none-eabi/14.2.1/../../../../arm-none-eabi/lib/thumb/v7-m/nofp/libc_nano.a
LOAD /Applications/ArmGNUToolchain/14.2.rel1/arm-none-eabi/bin/../lib/gcc/arm-none-eabi/14.2.1/../../../../arm-none-eabi/lib/thumb/v7-m/nofp/libnosys.a
END GROUP
START GROUP
LOAD /Applications/ArmGNUToolchain/14.2.rel1/arm-none-eabi/bin/../lib/gcc/arm-none-eabi/14.2.1/thumb/v7-m/nofp/libgcc.a
LOAD /Applications/ArmGNUToolchain/14.2.rel1/arm-none-eabi/bin/../lib/gcc/arm-none-eabi/14.2.1/../../../../arm-none-eabi/lib/thumb/v7-m/nofp/libc_nano.a
LOAD /Applications/ArmGNUToolchain/14.2.rel1/arm-none-eabi/bin/../lib/gcc/arm-none-eabi/14.2.1/../../../../arm-none-eabi/lib/thumb/v7-m/nofp/libnosys.a
END GROUP
LOAD /Applications/ArmGNUToolchain/14.2.rel1/arm-none-eabi/bin/../lib/gcc/arm-none-eabi/14.2.1/thumb/v7-m/nofp/crtend.o
LOAD /Applications/ArmGNUToolchain/14.2.rel1/arm-none-eabi/bin/../lib/gcc/arm-none-eabi/14.2.1/thumb/v7-m/nofp/crtn.o
                0x20005000                        _estack = (ORIGIN (RAM) + LENGTH (RAM))
                0x00000200                        _Min_Heap_Size = 0x200
                0x00000400                        _Min_Stack_Size = 0x400

.isr_vector     0x08000000      0x10c
                0x08000000                        . = ALIGN (0x4)
 *(.isr_vector)
 .isr_vector    0x08000000      0x10c CMakeFiles/STM32F103C8T6-STD-CMAKE.elf.dir/Start/startup_stm32f103xb.s.obj
                0x08000000                g_pfnVectors
                0x0800010c                        . = ALIGN (0x4)

.text           0x08000110     0x3b3c
                0x08000110                        . = ALIGN (0x4)
 *(.text)
 .text          0x08000110       0x10 /Applications/ArmGNUToolchain/14.2.rel1/arm-none-eabi/bin/../lib/gcc/arm-none-eabi/14.2.1/../../../../arm-none-eabi/lib/thumb/v7-m/nofp/libc_nano.a(libc_a-strlen.o)
                0x08000110                strlen
 .text          0x08000120      0x378 /Applications/ArmGNUToolchain/14.2.rel1/arm-none-eabi/bin/../lib/gcc/arm-none-eabi/14.2.1/thumb/v7-m/nofp/libgcc.a(_arm_addsubdf3.o)
                0x08000120                __aeabi_drsub
                0x08000128                __subdf3
                0x08000128                __aeabi_dsub
                0x0800012c                __aeabi_dadd
                0x0800012c                __adddf3
                0x080003a4                __aeabi_ui2d
                0x080003a4                __floatunsidf
                0x080003c4                __floatsidf
                0x080003c4                __aeabi_i2d
                0x080003e8                __extendsfdf2
                0x080003e8                __aeabi_f2d
                0x0800042c                __aeabi_ul2d
                0x0800042c                __floatundidf
                0x0800043c                __aeabi_l2d
                0x0800043c                __floatdidf
 .text          0x08000498      0x424 /Applications/ArmGNUToolchain/14.2.rel1/arm-none-eabi/bin/../lib/gcc/arm-none-eabi/14.2.1/thumb/v7-m/nofp/libgcc.a(_arm_muldivdf3.o)
                0x08000498                __aeabi_dmul
                0x08000498                __muldf3
                0x080006ec                __aeabi_ddiv
                0x080006ec                __divdf3
 .text          0x080008bc      0x110 /Applications/ArmGNUToolchain/14.2.rel1/arm-none-eabi/bin/../lib/gcc/arm-none-eabi/14.2.1/thumb/v7-m/nofp/libgcc.a(_arm_cmpdf2.o)
                0x080008bc                __gedf2
                0x080008bc                __gtdf2
                0x080008c4                __ledf2
                0x080008c4                __ltdf2
                0x080008cc                __cmpdf2
                0x080008cc                __eqdf2
                0x080008cc                __nedf2
                0x08000948                __aeabi_cdrcmple
                0x08000958                __aeabi_cdcmple
                0x08000958                __aeabi_cdcmpeq
                0x08000968                __aeabi_dcmpeq
                0x0800097c                __aeabi_dcmplt
                0x08000990                __aeabi_dcmple
                0x080009a4                __aeabi_dcmpge
                0x080009b8                __aeabi_dcmpgt
 .text          0x080009cc       0x2c /Applications/ArmGNUToolchain/14.2.rel1/arm-none-eabi/bin/../lib/gcc/arm-none-eabi/14.2.1/thumb/v7-m/nofp/libgcc.a(_arm_unorddf2.o)
                0x080009cc                __aeabi_dcmpun
                0x080009cc                __unorddf2
 .text          0x080009f8       0x50 /Applications/ArmGNUToolchain/14.2.rel1/arm-none-eabi/bin/../lib/gcc/arm-none-eabi/14.2.1/thumb/v7-m/nofp/libgcc.a(_arm_fixdfsi.o)
                0x080009f8                __fixdfsi
                0x080009f8                __aeabi_d2iz
 *(.text*)
 .text.deregister_tm_clones
                0x08000a48       0x1c /Applications/ArmGNUToolchain/14.2.rel1/arm-none-eabi/bin/../lib/gcc/arm-none-eabi/14.2.1/thumb/v7-m/nofp/crtbegin.o
 .text.register_tm_clones
                0x08000a64       0x24 /Applications/ArmGNUToolchain/14.2.rel1/arm-none-eabi/bin/../lib/gcc/arm-none-eabi/14.2.1/thumb/v7-m/nofp/crtbegin.o
 .text.__do_global_dtors_aux
                0x08000a88       0x28 /Applications/ArmGNUToolchain/14.2.rel1/arm-none-eabi/bin/../lib/gcc/arm-none-eabi/14.2.1/thumb/v7-m/nofp/crtbegin.o
 .text.frame_dummy
                0x08000ab0       0x24 /Applications/ArmGNUToolchain/14.2.rel1/arm-none-eabi/bin/../lib/gcc/arm-none-eabi/14.2.1/thumb/v7-m/nofp/crtbegin.o
 .text.OLED_I2C_Init
                0x08000ad4       0x58 CMakeFiles/STM32F103C8T6-STD-CMAKE.elf.dir/Hardware/OLED.c.obj
                0x08000ad4                OLED_I2C_Init
 .text.OLED_I2C_Start
                0x08000b2c       0x3c CMakeFiles/STM32F103C8T6-STD-CMAKE.elf.dir/Hardware/OLED.c.obj
                0x08000b2c                OLED_I2C_Start
 .text.OLED_I2C_Stop
                0x08000b68       0x30 CMakeFiles/STM32F103C8T6-STD-CMAKE.elf.dir/Hardware/OLED.c.obj
                0x08000b68                OLED_I2C_Stop
 .text.OLED_I2C_SendByte
                0x08000b98       0x60 CMakeFiles/STM32F103C8T6-STD-CMAKE.elf.dir/Hardware/OLED.c.obj
                0x08000b98                OLED_I2C_SendByte
 .text.OLED_WriteCommand
                0x08000bf8       0x20 CMakeFiles/STM32F103C8T6-STD-CMAKE.elf.dir/Hardware/OLED.c.obj
                0x08000bf8                OLED_WriteCommand
 .text.OLED_WriteData
                0x08000c18       0x20 CMakeFiles/STM32F103C8T6-STD-CMAKE.elf.dir/Hardware/OLED.c.obj
                0x08000c18                OLED_WriteData
 .text.OLED_SetCursor
                0x08000c38       0x20 CMakeFiles/STM32F103C8T6-STD-CMAKE.elf.dir/Hardware/OLED.c.obj
                0x08000c38                OLED_SetCursor
 .text.OLED_Clear
                0x08000c58       0x2c CMakeFiles/STM32F103C8T6-STD-CMAKE.elf.dir/Hardware/OLED.c.obj
                0x08000c58                OLED_Clear
 .text.OLED_ShowChar
                0x08000c84       0x6c CMakeFiles/STM32F103C8T6-STD-CMAKE.elf.dir/Hardware/OLED.c.obj
                0x08000c84                OLED_ShowChar
 .text.OLED_ShowString
                0x08000cf0       0x22 CMakeFiles/STM32F103C8T6-STD-CMAKE.elf.dir/Hardware/OLED.c.obj
                0x08000cf0                OLED_ShowString
 .text.OLED_Pow
                0x08000d12       0x14 CMakeFiles/STM32F103C8T6-STD-CMAKE.elf.dir/Hardware/OLED.c.obj
                0x08000d12                OLED_Pow
 *fill*         0x08000d26        0x2 
 .text.OLED_ShowNum
                0x08000d28       0x50 CMakeFiles/STM32F103C8T6-STD-CMAKE.elf.dir/Hardware/OLED.c.obj
                0x08000d28                OLED_ShowNum
 .text.OLED_ShowSignedNum
                0x08000d78       0x64 CMakeFiles/STM32F103C8T6-STD-CMAKE.elf.dir/Hardware/OLED.c.obj
                0x08000d78                OLED_ShowSignedNum
 .text.OLED_ShowHexNum
                0x08000ddc       0x4c CMakeFiles/STM32F103C8T6-STD-CMAKE.elf.dir/Hardware/OLED.c.obj
                0x08000ddc                OLED_ShowHexNum
 .text.OLED_ShowBinNum
                0x08000e28       0x3e CMakeFiles/STM32F103C8T6-STD-CMAKE.elf.dir/Hardware/OLED.c.obj
                0x08000e28                OLED_ShowBinNum
 .text.OLED_Init
                0x08000e66       0xae CMakeFiles/STM32F103C8T6-STD-CMAKE.elf.dir/Hardware/OLED.c.obj
                0x08000e66                OLED_Init
 .text.GPIO_Init
                0x08000f14       0xb0 CMakeFiles/STM32F103C8T6-STD-CMAKE.elf.dir/Library/stm32f10x_gpio.c.obj
                0x08000f14                GPIO_Init
 .text.GPIO_SetBits
                0x08000fc4        0x4 CMakeFiles/STM32F103C8T6-STD-CMAKE.elf.dir/Library/stm32f10x_gpio.c.obj
                0x08000fc4                GPIO_SetBits
 .text.GPIO_ResetBits
                0x08000fc8        0x4 CMakeFiles/STM32F103C8T6-STD-CMAKE.elf.dir/Library/stm32f10x_gpio.c.obj
                0x08000fc8                GPIO_ResetBits
 .text.GPIO_WriteBit
                0x08000fcc        0xa CMakeFiles/STM32F103C8T6-STD-CMAKE.elf.dir/Library/stm32f10x_gpio.c.obj
                0x08000fcc                GPIO_WriteBit
 *fill*         0x08000fd6        0x2 
 .text.RCC_APB2PeriphClockCmd
                0x08000fd8       0x1c CMakeFiles/STM32F103C8T6-STD-CMAKE.elf.dir/Library/stm32f10x_rcc.c.obj
                0x08000fd8                RCC_APB2PeriphClockCmd
 .text.Reset_Handler
                0x08000ff4       0x48 CMakeFiles/STM32F103C8T6-STD-CMAKE.elf.dir/Start/startup_stm32f103xb.s.obj
                0x08000ff4                Reset_Handler
 .text.Default_Handler
                0x0800103c        0x2 CMakeFiles/STM32F103C8T6-STD-CMAKE.elf.dir/Start/startup_stm32f103xb.s.obj
                0x0800103c                USBWakeUp_IRQHandler
                0x0800103c                EXTI2_IRQHandler
                0x0800103c                TIM1_CC_IRQHandler
                0x0800103c                PVD_IRQHandler
                0x0800103c                EXTI3_IRQHandler
                0x0800103c                EXTI0_IRQHandler
                0x0800103c                I2C2_EV_IRQHandler
                0x0800103c                ADC1_2_IRQHandler
                0x0800103c                SPI1_IRQHandler
                0x0800103c                TAMPER_IRQHandler
                0x0800103c                DMA1_Channel4_IRQHandler
                0x0800103c                USART3_IRQHandler
                0x0800103c                RTC_IRQHandler
                0x0800103c                DMA1_Channel7_IRQHandler
                0x0800103c                CAN1_RX1_IRQHandler
                0x0800103c                TIM4_IRQHandler
                0x0800103c                I2C1_EV_IRQHandler
                0x0800103c                DMA1_Channel6_IRQHandler
                0x0800103c                TIM3_IRQHandler
                0x0800103c                RCC_IRQHandler
                0x0800103c                TIM1_TRG_COM_IRQHandler
                0x0800103c                DMA1_Channel1_IRQHandler
                0x0800103c                Default_Handler
                0x0800103c                EXTI15_10_IRQHandler
                0x0800103c                EXTI9_5_IRQHandler
                0x0800103c                SPI2_IRQHandler
                0x0800103c                DMA1_Channel5_IRQHandler
                0x0800103c                EXTI4_IRQHandler
                0x0800103c                USB_LP_CAN1_RX0_IRQHandler
                0x0800103c                USB_HP_CAN1_TX_IRQHandler
                0x0800103c                DMA1_Channel3_IRQHandler
                0x0800103c                TIM1_UP_IRQHandler
                0x0800103c                WWDG_IRQHandler
                0x0800103c                TIM2_IRQHandler
                0x0800103c                TIM1_BRK_IRQHandler
                0x0800103c                EXTI1_IRQHandler
                0x0800103c                USART2_IRQHandler
                0x0800103c                I2C2_ER_IRQHandler
                0x0800103c                DMA1_Channel2_IRQHandler
                0x0800103c                CAN1_SCE_IRQHandler
                0x0800103c                FLASH_IRQHandler
                0x0800103c                USART1_IRQHandler
                0x0800103c                I2C1_ER_IRQHandler
                0x0800103c                RTC_Alarm_IRQHandler
 *fill*         0x0800103e        0x2 
 .text.SetSysClockTo72
                0x08001040       0xc4 CMakeFiles/STM32F103C8T6-STD-CMAKE.elf.dir/Start/system_stm32f10x.c.obj
 .text.SetSysClock
                0x08001104        0x8 CMakeFiles/STM32F103C8T6-STD-CMAKE.elf.dir/Start/system_stm32f10x.c.obj
 .text.SystemInit
                0x0800110c       0x50 CMakeFiles/STM32F103C8T6-STD-CMAKE.elf.dir/Start/system_stm32f10x.c.obj
                0x0800110c                SystemInit
 .text.Delay_us
                0x0800115c       0x2a CMakeFiles/STM32F103C8T6-STD-CMAKE.elf.dir/System/Delay.c.obj
                0x0800115c                Delay_us
 .text.Delay_ms
                0x08001186       0x16 CMakeFiles/STM32F103C8T6-STD-CMAKE.elf.dir/System/Delay.c.obj
                0x08001186                Delay_ms
 .text.main     0x0800119c       0xa4 CMakeFiles/STM32F103C8T6-STD-CMAKE.elf.dir/User/main.c.obj
                0x0800119c                main
 .text.NMI_Handler
                0x08001240        0x2 CMakeFiles/STM32F103C8T6-STD-CMAKE.elf.dir/User/stm32f10x_it.c.obj
                0x08001240                NMI_Handler
 .text.HardFault_Handler
                0x08001242        0x2 CMakeFiles/STM32F103C8T6-STD-CMAKE.elf.dir/User/stm32f10x_it.c.obj
                0x08001242                HardFault_Handler
 .text.MemManage_Handler
                0x08001244        0x2 CMakeFiles/STM32F103C8T6-STD-CMAKE.elf.dir/User/stm32f10x_it.c.obj
                0x08001244                MemManage_Handler
 .text.BusFault_Handler
                0x08001246        0x2 CMakeFiles/STM32F103C8T6-STD-CMAKE.elf.dir/User/stm32f10x_it.c.obj
                0x08001246                BusFault_Handler
 .text.UsageFault_Handler
                0x08001248        0x2 CMakeFiles/STM32F103C8T6-STD-CMAKE.elf.dir/User/stm32f10x_it.c.obj
                0x08001248                UsageFault_Handler
 .text.SVC_Handler
                0x0800124a        0x2 CMakeFiles/STM32F103C8T6-STD-CMAKE.elf.dir/User/stm32f10x_it.c.obj
                0x0800124a                SVC_Handler
 .text.DebugMon_Handler
                0x0800124c        0x2 CMakeFiles/STM32F103C8T6-STD-CMAKE.elf.dir/User/stm32f10x_it.c.obj
                0x0800124c                DebugMon_Handler
 .text.PendSV_Handler
                0x0800124e        0x2 CMakeFiles/STM32F103C8T6-STD-CMAKE.elf.dir/User/stm32f10x_it.c.obj
                0x0800124e                PendSV_Handler
 .text.SysTick_Handler
                0x08001250        0x2 CMakeFiles/STM32F103C8T6-STD-CMAKE.elf.dir/User/stm32f10x_it.c.obj
                0x08001250                SysTick_Handler
 .text.__cvt    0x08001252       0xc8 /Applications/ArmGNUToolchain/14.2.rel1/arm-none-eabi/bin/../lib/gcc/arm-none-eabi/14.2.1/../../../../arm-none-eabi/lib/thumb/v7-m/nofp/libc_nano.a(libc_a-nano-vfprintf_float.o)
                0x08001252                __cvt
 .text.__exponent
                0x0800131a       0x74 /Applications/ArmGNUToolchain/14.2.rel1/arm-none-eabi/bin/../lib/gcc/arm-none-eabi/14.2.1/../../../../arm-none-eabi/lib/thumb/v7-m/nofp/libc_nano.a(libc_a-nano-vfprintf_float.o)
                0x0800131a                __exponent
 *fill*         0x0800138e        0x2 
 .text._printf_float
                0x08001390      0x458 /Applications/ArmGNUToolchain/14.2.rel1/arm-none-eabi/bin/../lib/gcc/arm-none-eabi/14.2.1/../../../../arm-none-eabi/lib/thumb/v7-m/nofp/libc_nano.a(libc_a-nano-vfprintf_float.o)
                0x08001390                _printf_float
 .text._printf_common
                0x080017e8       0xe4 /Applications/ArmGNUToolchain/14.2.rel1/arm-none-eabi/bin/../lib/gcc/arm-none-eabi/14.2.1/../../../../arm-none-eabi/lib/thumb/v7-m/nofp/libc_nano.a(libc_a-nano-vfprintf_i.o)
                0x080017e8                _printf_common
 .text._printf_i
                0x080018cc      0x240 /Applications/ArmGNUToolchain/14.2.rel1/arm-none-eabi/bin/../lib/gcc/arm-none-eabi/14.2.1/../../../../arm-none-eabi/lib/thumb/v7-m/nofp/libc_nano.a(libc_a-nano-vfprintf_i.o)
                0x080018cc                _printf_i
 .text.std      0x08001b0c       0x6c /Applications/ArmGNUToolchain/14.2.rel1/arm-none-eabi/bin/../lib/gcc/arm-none-eabi/14.2.1/../../../../arm-none-eabi/lib/thumb/v7-m/nofp/libc_nano.a(libc_a-findfp.o)
 .text.stdio_exit_handler
                0x08001b78       0x18 /Applications/ArmGNUToolchain/14.2.rel1/arm-none-eabi/bin/../lib/gcc/arm-none-eabi/14.2.1/../../../../arm-none-eabi/lib/thumb/v7-m/nofp/libc_nano.a(libc_a-findfp.o)
 .text.cleanup_stdio
                0x08001b90       0x40 /Applications/ArmGNUToolchain/14.2.rel1/arm-none-eabi/bin/../lib/gcc/arm-none-eabi/14.2.1/../../../../arm-none-eabi/lib/thumb/v7-m/nofp/libc_nano.a(libc_a-findfp.o)
 .text.global_stdio_init.part.0
                0x08001bd0       0x40 /Applications/ArmGNUToolchain/14.2.rel1/arm-none-eabi/bin/../lib/gcc/arm-none-eabi/14.2.1/../../../../arm-none-eabi/lib/thumb/v7-m/nofp/libc_nano.a(libc_a-findfp.o)
 .text.__sfp_lock_acquire
                0x08001c10        0xc /Applications/ArmGNUToolchain/14.2.rel1/arm-none-eabi/bin/../lib/gcc/arm-none-eabi/14.2.1/../../../../arm-none-eabi/lib/thumb/v7-m/nofp/libc_nano.a(libc_a-findfp.o)
                0x08001c10                __sfp_lock_acquire
 .text.__sfp_lock_release
                0x08001c1c        0xc /Applications/ArmGNUToolchain/14.2.rel1/arm-none-eabi/bin/../lib/gcc/arm-none-eabi/14.2.1/../../../../arm-none-eabi/lib/thumb/v7-m/nofp/libc_nano.a(libc_a-findfp.o)
                0x08001c1c                __sfp_lock_release
 .text.__sinit  0x08001c28       0x30 /Applications/ArmGNUToolchain/14.2.rel1/arm-none-eabi/bin/../lib/gcc/arm-none-eabi/14.2.1/../../../../arm-none-eabi/lib/thumb/v7-m/nofp/libc_nano.a(libc_a-findfp.o)
                0x08001c28                __sinit
 .text._fwalk_sglue
                0x08001c58       0x3c /Applications/ArmGNUToolchain/14.2.rel1/arm-none-eabi/bin/../lib/gcc/arm-none-eabi/14.2.1/../../../../arm-none-eabi/lib/thumb/v7-m/nofp/libc_nano.a(libc_a-fwalk.o)
                0x08001c58                _fwalk_sglue
 .text.memset   0x08001c94       0x10 /Applications/ArmGNUToolchain/14.2.rel1/arm-none-eabi/bin/../lib/gcc/arm-none-eabi/14.2.1/../../../../arm-none-eabi/lib/thumb/v7-m/nofp/libc_nano.a(libc_a-memset.o)
                0x08001c94                memset
 .text.__libc_init_array
                0x08001ca4       0x48 /Applications/ArmGNUToolchain/14.2.rel1/arm-none-eabi/bin/../lib/gcc/arm-none-eabi/14.2.1/../../../../arm-none-eabi/lib/thumb/v7-m/nofp/libc_nano.a(libc_a-init.o)
                0x08001ca4                __libc_init_array
 .text.__retarget_lock_init_recursive
                0x08001cec        0x2 /Applications/ArmGNUToolchain/14.2.rel1/arm-none-eabi/bin/../lib/gcc/arm-none-eabi/14.2.1/../../../../arm-none-eabi/lib/thumb/v7-m/nofp/libc_nano.a(libc_a-lock.o)
                0x08001cec                __retarget_lock_init_recursive
 .text.__retarget_lock_acquire_recursive
                0x08001cee        0x2 /Applications/ArmGNUToolchain/14.2.rel1/arm-none-eabi/bin/../lib/gcc/arm-none-eabi/14.2.1/../../../../arm-none-eabi/lib/thumb/v7-m/nofp/libc_nano.a(libc_a-lock.o)
                0x08001cee                __retarget_lock_acquire_recursive
 .text.__retarget_lock_release_recursive
                0x08001cf0        0x2 /Applications/ArmGNUToolchain/14.2.rel1/arm-none-eabi/bin/../lib/gcc/arm-none-eabi/14.2.1/../../../../arm-none-eabi/lib/thumb/v7-m/nofp/libc_nano.a(libc_a-lock.o)
                0x08001cf0                __retarget_lock_release_recursive
 *fill*         0x08001cf2        0x2 
 .text._localeconv_r
                0x08001cf4        0x8 /Applications/ArmGNUToolchain/14.2.rel1/arm-none-eabi/bin/../lib/gcc/arm-none-eabi/14.2.1/../../../../arm-none-eabi/lib/thumb/v7-m/nofp/libc_nano.a(libc_a-localeconv.o)
                0x08001cf4                _localeconv_r
 .text.memchr   0x08001cfc       0x1c /Applications/ArmGNUToolchain/14.2.rel1/arm-none-eabi/bin/../lib/gcc/arm-none-eabi/14.2.1/../../../../arm-none-eabi/lib/thumb/v7-m/nofp/libc_nano.a(libc_a-memchr-stub.o)
                0x08001cfc                memchr
 .text.quorem   0x08001d18      0x110 /Applications/ArmGNUToolchain/14.2.rel1/arm-none-eabi/bin/../lib/gcc/arm-none-eabi/14.2.1/../../../../arm-none-eabi/lib/thumb/v7-m/nofp/libc_nano.a(libc_a-dtoa.o)
 .text._dtoa_r  0x08001e28      0xbcc /Applications/ArmGNUToolchain/14.2.rel1/arm-none-eabi/bin/../lib/gcc/arm-none-eabi/14.2.1/../../../../arm-none-eabi/lib/thumb/v7-m/nofp/libc_nano.a(libc_a-dtoa.o)
                0x08001e28                _dtoa_r
 .text.malloc   0x080029f4       0x10 /Applications/ArmGNUToolchain/14.2.rel1/arm-none-eabi/bin/../lib/gcc/arm-none-eabi/14.2.1/../../../../arm-none-eabi/lib/thumb/v7-m/nofp/libc_nano.a(libc_a-malloc.o)
                0x080029f4                malloc
 .text.sbrk_aligned
                0x08002a04       0x44 /Applications/ArmGNUToolchain/14.2.rel1/arm-none-eabi/bin/../lib/gcc/arm-none-eabi/14.2.1/../../../../arm-none-eabi/lib/thumb/v7-m/nofp/libc_nano.a(libc_a-mallocr.o)
 .text._malloc_r
                0x08002a48      0x100 /Applications/ArmGNUToolchain/14.2.rel1/arm-none-eabi/bin/../lib/gcc/arm-none-eabi/14.2.1/../../../../arm-none-eabi/lib/thumb/v7-m/nofp/libc_nano.a(libc_a-mallocr.o)
                0x08002a48                _malloc_r
 .text.__sflush_r
                0x08002b48       0xfc /Applications/ArmGNUToolchain/14.2.rel1/arm-none-eabi/bin/../lib/gcc/arm-none-eabi/14.2.1/../../../../arm-none-eabi/lib/thumb/v7-m/nofp/libc_nano.a(libc_a-fflush.o)
                0x08002b48                __sflush_r
 .text._fflush_r
                0x08002c44       0x50 /Applications/ArmGNUToolchain/14.2.rel1/arm-none-eabi/bin/../lib/gcc/arm-none-eabi/14.2.1/../../../../arm-none-eabi/lib/thumb/v7-m/nofp/libc_nano.a(libc_a-fflush.o)
                0x08002c44                _fflush_r
 .text.__malloc_lock
                0x08002c94        0xc /Applications/ArmGNUToolchain/14.2.rel1/arm-none-eabi/bin/../lib/gcc/arm-none-eabi/14.2.1/../../../../arm-none-eabi/lib/thumb/v7-m/nofp/libc_nano.a(libc_a-mlock.o)
                0x08002c94                __malloc_lock
 .text.__malloc_unlock
                0x08002ca0        0xc /Applications/ArmGNUToolchain/14.2.rel1/arm-none-eabi/bin/../lib/gcc/arm-none-eabi/14.2.1/../../../../arm-none-eabi/lib/thumb/v7-m/nofp/libc_nano.a(libc_a-mlock.o)
                0x08002ca0                __malloc_unlock
 .text._Balloc  0x08002cac       0x7c /Applications/ArmGNUToolchain/14.2.rel1/arm-none-eabi/bin/../lib/gcc/arm-none-eabi/14.2.1/../../../../arm-none-eabi/lib/thumb/v7-m/nofp/libc_nano.a(libc_a-mprec.o)
                0x08002cac                _Balloc
 .text._Bfree   0x08002d28       0x44 /Applications/ArmGNUToolchain/14.2.rel1/arm-none-eabi/bin/../lib/gcc/arm-none-eabi/14.2.1/../../../../arm-none-eabi/lib/thumb/v7-m/nofp/libc_nano.a(libc_a-mprec.o)
                0x08002d28                _Bfree
 .text.__multadd
                0x08002d6c       0x8c /Applications/ArmGNUToolchain/14.2.rel1/arm-none-eabi/bin/../lib/gcc/arm-none-eabi/14.2.1/../../../../arm-none-eabi/lib/thumb/v7-m/nofp/libc_nano.a(libc_a-mprec.o)
                0x08002d6c                __multadd
 .text.__hi0bits
                0x08002df8       0x3e /Applications/ArmGNUToolchain/14.2.rel1/arm-none-eabi/bin/../lib/gcc/arm-none-eabi/14.2.1/../../../../arm-none-eabi/lib/thumb/v7-m/nofp/libc_nano.a(libc_a-mprec.o)
                0x08002df8                __hi0bits
 .text.__lo0bits
                0x08002e36       0x5a /Applications/ArmGNUToolchain/14.2.rel1/arm-none-eabi/bin/../lib/gcc/arm-none-eabi/14.2.1/../../../../arm-none-eabi/lib/thumb/v7-m/nofp/libc_nano.a(libc_a-mprec.o)
                0x08002e36                __lo0bits
 .text.__i2b    0x08002e90       0x2c /Applications/ArmGNUToolchain/14.2.rel1/arm-none-eabi/bin/../lib/gcc/arm-none-eabi/14.2.1/../../../../arm-none-eabi/lib/thumb/v7-m/nofp/libc_nano.a(libc_a-mprec.o)
                0x08002e90                __i2b
 .text.__multiply
                0x08002ebc      0x150 /Applications/ArmGNUToolchain/14.2.rel1/arm-none-eabi/bin/../lib/gcc/arm-none-eabi/14.2.1/../../../../arm-none-eabi/lib/thumb/v7-m/nofp/libc_nano.a(libc_a-mprec.o)
                0x08002ebc                __multiply
 .text.__pow5mult
                0x0800300c       0xb8 /Applications/ArmGNUToolchain/14.2.rel1/arm-none-eabi/bin/../lib/gcc/arm-none-eabi/14.2.1/../../../../arm-none-eabi/lib/thumb/v7-m/nofp/libc_nano.a(libc_a-mprec.o)
                0x0800300c                __pow5mult
 .text.__lshift
                0x080030c4       0xd8 /Applications/ArmGNUToolchain/14.2.rel1/arm-none-eabi/bin/../lib/gcc/arm-none-eabi/14.2.1/../../../../arm-none-eabi/lib/thumb/v7-m/nofp/libc_nano.a(libc_a-mprec.o)
                0x080030c4                __lshift
 .text.__mcmp   0x0800319c       0x36 /Applications/ArmGNUToolchain/14.2.rel1/arm-none-eabi/bin/../lib/gcc/arm-none-eabi/14.2.1/../../../../arm-none-eabi/lib/thumb/v7-m/nofp/libc_nano.a(libc_a-mprec.o)
                0x0800319c                __mcmp
 *fill*         0x080031d2        0x2 
 .text.__mdiff  0x080031d4      0x130 /Applications/ArmGNUToolchain/14.2.rel1/arm-none-eabi/bin/../lib/gcc/arm-none-eabi/14.2.1/../../../../arm-none-eabi/lib/thumb/v7-m/nofp/libc_nano.a(libc_a-mprec.o)
                0x080031d4                __mdiff
 .text.__d2b    0x08003304       0xb0 /Applications/ArmGNUToolchain/14.2.rel1/arm-none-eabi/bin/../lib/gcc/arm-none-eabi/14.2.1/../../../../arm-none-eabi/lib/thumb/v7-m/nofp/libc_nano.a(libc_a-mprec.o)
                0x08003304                __d2b
 .text.__sread  0x080033b4       0x22 /Applications/ArmGNUToolchain/14.2.rel1/arm-none-eabi/bin/../lib/gcc/arm-none-eabi/14.2.1/../../../../arm-none-eabi/lib/thumb/v7-m/nofp/libc_nano.a(libc_a-stdio.o)
                0x080033b4                __sread
 .text.__swrite
                0x080033d6       0x38 /Applications/ArmGNUToolchain/14.2.rel1/arm-none-eabi/bin/../lib/gcc/arm-none-eabi/14.2.1/../../../../arm-none-eabi/lib/thumb/v7-m/nofp/libc_nano.a(libc_a-stdio.o)
                0x080033d6                __swrite
 .text.__sseek  0x0800340e       0x26 /Applications/ArmGNUToolchain/14.2.rel1/arm-none-eabi/bin/../lib/gcc/arm-none-eabi/14.2.1/../../../../arm-none-eabi/lib/thumb/v7-m/nofp/libc_nano.a(libc_a-stdio.o)
                0x0800340e                __sseek
 .text.__sclose
                0x08003434        0x8 /Applications/ArmGNUToolchain/14.2.rel1/arm-none-eabi/bin/../lib/gcc/arm-none-eabi/14.2.1/../../../../arm-none-eabi/lib/thumb/v7-m/nofp/libc_nano.a(libc_a-stdio.o)
                0x08003434                __sclose
 .text._lseek_r
                0x0800343c       0x24 /Applications/ArmGNUToolchain/14.2.rel1/arm-none-eabi/bin/../lib/gcc/arm-none-eabi/14.2.1/../../../../arm-none-eabi/lib/thumb/v7-m/nofp/libc_nano.a(libc_a-lseekr.o)
                0x0800343c                _lseek_r
 .text._read_r  0x08003460       0x24 /Applications/ArmGNUToolchain/14.2.rel1/arm-none-eabi/bin/../lib/gcc/arm-none-eabi/14.2.1/../../../../arm-none-eabi/lib/thumb/v7-m/nofp/libc_nano.a(libc_a-readr.o)
                0x08003460                _read_r
 .text._sbrk_r  0x08003484       0x20 /Applications/ArmGNUToolchain/14.2.rel1/arm-none-eabi/bin/../lib/gcc/arm-none-eabi/14.2.1/../../../../arm-none-eabi/lib/thumb/v7-m/nofp/libc_nano.a(libc_a-sbrkr.o)
                0x08003484                _sbrk_r
 .text._write_r
                0x080034a4       0x24 /Applications/ArmGNUToolchain/14.2.rel1/arm-none-eabi/bin/../lib/gcc/arm-none-eabi/14.2.1/../../../../arm-none-eabi/lib/thumb/v7-m/nofp/libc_nano.a(libc_a-writer.o)
                0x080034a4                _write_r
 .text._close_r
                0x080034c8       0x20 /Applications/ArmGNUToolchain/14.2.rel1/arm-none-eabi/bin/../lib/gcc/arm-none-eabi/14.2.1/../../../../arm-none-eabi/lib/thumb/v7-m/nofp/libc_nano.a(libc_a-closer.o)
                0x080034c8                _close_r
 .text.memcpy   0x080034e8       0x1c /Applications/ArmGNUToolchain/14.2.rel1/arm-none-eabi/bin/../lib/gcc/arm-none-eabi/14.2.1/../../../../arm-none-eabi/lib/thumb/v7-m/nofp/libc_nano.a(libc_a-memcpy-stub.o)
                0x080034e8                memcpy
 .text.__assert_func
                0x08003504       0x3c /Applications/ArmGNUToolchain/14.2.rel1/arm-none-eabi/bin/../lib/gcc/arm-none-eabi/14.2.1/../../../../arm-none-eabi/lib/thumb/v7-m/nofp/libc_nano.a(libc_a-assert.o)
                0x08003504                __assert_func
 .text._calloc_r
                0x08003540       0x28 /Applications/ArmGNUToolchain/14.2.rel1/arm-none-eabi/bin/../lib/gcc/arm-none-eabi/14.2.1/../../../../arm-none-eabi/lib/thumb/v7-m/nofp/libc_nano.a(libc_a-callocr.o)
                0x08003540                _calloc_r
 .text._free_r  0x08003568       0x90 /Applications/ArmGNUToolchain/14.2.rel1/arm-none-eabi/bin/../lib/gcc/arm-none-eabi/14.2.1/../../../../arm-none-eabi/lib/thumb/v7-m/nofp/libc_nano.a(libc_a-freer.o)
                0x08003568                _free_r
 .text.__ascii_mbtowc
                0x080035f8       0x24 /Applications/ArmGNUToolchain/14.2.rel1/arm-none-eabi/bin/../lib/gcc/arm-none-eabi/14.2.1/../../../../arm-none-eabi/lib/thumb/v7-m/nofp/libc_nano.a(libc_a-mbtowc_r.o)
                0x080035f8                __ascii_mbtowc
 .text.fprintf  0x0800361c       0x24 /Applications/ArmGNUToolchain/14.2.rel1/arm-none-eabi/bin/../lib/gcc/arm-none-eabi/14.2.1/../../../../arm-none-eabi/lib/thumb/v7-m/nofp/libc_nano.a(libc_a-fprintf.o)
                0x0800361c                fprintf
                0x0800361c                fiprintf
 .text.__ascii_wctomb
                0x08003640       0x1a /Applications/ArmGNUToolchain/14.2.rel1/arm-none-eabi/bin/../lib/gcc/arm-none-eabi/14.2.1/../../../../arm-none-eabi/lib/thumb/v7-m/nofp/libc_nano.a(libc_a-wctomb_r.o)
                0x08003640                __ascii_wctomb
 .text.abort    0x0800365a        0xe /Applications/ArmGNUToolchain/14.2.rel1/arm-none-eabi/bin/../lib/gcc/arm-none-eabi/14.2.1/../../../../arm-none-eabi/lib/thumb/v7-m/nofp/libc_nano.a(libc_a-abort.o)
                0x0800365a                abort
 .text.__sfputc_r
                0x08003668       0x2a /Applications/ArmGNUToolchain/14.2.rel1/arm-none-eabi/bin/../lib/gcc/arm-none-eabi/14.2.1/../../../../arm-none-eabi/lib/thumb/v7-m/nofp/libc_nano.a(libc_a-nano-vfprintf.o)
 .text.__sfputs_r
                0x08003692       0x24 /Applications/ArmGNUToolchain/14.2.rel1/arm-none-eabi/bin/../lib/gcc/arm-none-eabi/14.2.1/../../../../arm-none-eabi/lib/thumb/v7-m/nofp/libc_nano.a(libc_a-nano-vfprintf.o)
                0x08003692                __sfputs_r
 *fill*         0x080036b6        0x2 
 .text._vfprintf_r
                0x080036b8      0x230 /Applications/ArmGNUToolchain/14.2.rel1/arm-none-eabi/bin/../lib/gcc/arm-none-eabi/14.2.1/../../../../arm-none-eabi/lib/thumb/v7-m/nofp/libc_nano.a(libc_a-nano-vfprintf.o)
                0x080036b8                _vfiprintf_r
                0x080036b8                _vfprintf_r
 .text.__swbuf_r
                0x080038e8       0x7c /Applications/ArmGNUToolchain/14.2.rel1/arm-none-eabi/bin/../lib/gcc/arm-none-eabi/14.2.1/../../../../arm-none-eabi/lib/thumb/v7-m/nofp/libc_nano.a(libc_a-wbuf.o)
                0x080038e8                __swbuf_r
 .text.__swsetup_r
                0x08003964       0xa8 /Applications/ArmGNUToolchain/14.2.rel1/arm-none-eabi/bin/../lib/gcc/arm-none-eabi/14.2.1/../../../../arm-none-eabi/lib/thumb/v7-m/nofp/libc_nano.a(libc_a-wsetup.o)
                0x08003964                __swsetup_r
 .text.__swhatbuf_r
                0x08003a0c       0x48 /Applications/ArmGNUToolchain/14.2.rel1/arm-none-eabi/bin/../lib/gcc/arm-none-eabi/14.2.1/../../../../arm-none-eabi/lib/thumb/v7-m/nofp/libc_nano.a(libc_a-makebuf.o)
                0x08003a0c                __swhatbuf_r
 .text.__smakebuf_r
                0x08003a54       0x72 /Applications/ArmGNUToolchain/14.2.rel1/arm-none-eabi/bin/../lib/gcc/arm-none-eabi/14.2.1/../../../../arm-none-eabi/lib/thumb/v7-m/nofp/libc_nano.a(libc_a-makebuf.o)
                0x08003a54                __smakebuf_r
 .text._raise_r
                0x08003ac6       0x50 /Applications/ArmGNUToolchain/14.2.rel1/arm-none-eabi/bin/../lib/gcc/arm-none-eabi/14.2.1/../../../../arm-none-eabi/lib/thumb/v7-m/nofp/libc_nano.a(libc_a-signal.o)
                0x08003ac6                _raise_r
 *fill*         0x08003b16        0x2 
 .text.raise    0x08003b18       0x10 /Applications/ArmGNUToolchain/14.2.rel1/arm-none-eabi/bin/../lib/gcc/arm-none-eabi/14.2.1/../../../../arm-none-eabi/lib/thumb/v7-m/nofp/libc_nano.a(libc_a-signal.o)
                0x08003b18                raise
 .text._isatty_r
                0x08003b28       0x20 /Applications/ArmGNUToolchain/14.2.rel1/arm-none-eabi/bin/../lib/gcc/arm-none-eabi/14.2.1/../../../../arm-none-eabi/lib/thumb/v7-m/nofp/libc_nano.a(libc_a-isattyr.o)
                0x08003b28                _isatty_r
 .text._kill_r  0x08003b48       0x24 /Applications/ArmGNUToolchain/14.2.rel1/arm-none-eabi/bin/../lib/gcc/arm-none-eabi/14.2.1/../../../../arm-none-eabi/lib/thumb/v7-m/nofp/libc_nano.a(libc_a-signalr.o)
                0x08003b48                _kill_r
 .text._getpid_r
                0x08003b6c        0x4 /Applications/ArmGNUToolchain/14.2.rel1/arm-none-eabi/bin/../lib/gcc/arm-none-eabi/14.2.1/../../../../arm-none-eabi/lib/thumb/v7-m/nofp/libc_nano.a(libc_a-signalr.o)
                0x08003b6c                _getpid_r
 .text._fstat_r
                0x08003b70       0x24 /Applications/ArmGNUToolchain/14.2.rel1/arm-none-eabi/bin/../lib/gcc/arm-none-eabi/14.2.1/../../../../arm-none-eabi/lib/thumb/v7-m/nofp/libc_nano.a(libc_a-fstatr.o)
                0x08003b70                _fstat_r
 .text._close   0x08003b94       0x10 /Applications/ArmGNUToolchain/14.2.rel1/arm-none-eabi/bin/../lib/gcc/arm-none-eabi/14.2.1/../../../../arm-none-eabi/lib/thumb/v7-m/nofp/libnosys.a(close.o)
                0x08003b94                _close
 .text._fstat   0x08003ba4       0x10 /Applications/ArmGNUToolchain/14.2.rel1/arm-none-eabi/bin/../lib/gcc/arm-none-eabi/14.2.1/../../../../arm-none-eabi/lib/thumb/v7-m/nofp/libnosys.a(fstat.o)
                0x08003ba4                _fstat
 .text._getpid  0x08003bb4       0x10 /Applications/ArmGNUToolchain/14.2.rel1/arm-none-eabi/bin/../lib/gcc/arm-none-eabi/14.2.1/../../../../arm-none-eabi/lib/thumb/v7-m/nofp/libnosys.a(getpid.o)
                0x08003bb4                _getpid
 .text._isatty  0x08003bc4       0x10 /Applications/ArmGNUToolchain/14.2.rel1/arm-none-eabi/bin/../lib/gcc/arm-none-eabi/14.2.1/../../../../arm-none-eabi/lib/thumb/v7-m/nofp/libnosys.a(isatty.o)
                0x08003bc4                _isatty
 .text._kill    0x08003bd4       0x10 /Applications/ArmGNUToolchain/14.2.rel1/arm-none-eabi/bin/../lib/gcc/arm-none-eabi/14.2.1/../../../../arm-none-eabi/lib/thumb/v7-m/nofp/libnosys.a(kill.o)
                0x08003bd4                _kill
 .text._lseek   0x08003be4       0x10 /Applications/ArmGNUToolchain/14.2.rel1/arm-none-eabi/bin/../lib/gcc/arm-none-eabi/14.2.1/../../../../arm-none-eabi/lib/thumb/v7-m/nofp/libnosys.a(lseek.o)
                0x08003be4                _lseek
 .text._read    0x08003bf4       0x10 /Applications/ArmGNUToolchain/14.2.rel1/arm-none-eabi/bin/../lib/gcc/arm-none-eabi/14.2.1/../../../../arm-none-eabi/lib/thumb/v7-m/nofp/libnosys.a(read.o)
                0x08003bf4                _read
 .text._sbrk    0x08003c04       0x1c /Applications/ArmGNUToolchain/14.2.rel1/arm-none-eabi/bin/../lib/gcc/arm-none-eabi/14.2.1/../../../../arm-none-eabi/lib/thumb/v7-m/nofp/libnosys.a(sbrk.o)
                0x08003c04                _sbrk
 .text._write   0x08003c20       0x10 /Applications/ArmGNUToolchain/14.2.rel1/arm-none-eabi/bin/../lib/gcc/arm-none-eabi/14.2.1/../../../../arm-none-eabi/lib/thumb/v7-m/nofp/libnosys.a(write.o)
                0x08003c20                _write
 .text._exit    0x08003c30        0x4 /Applications/ArmGNUToolchain/14.2.rel1/arm-none-eabi/bin/../lib/gcc/arm-none-eabi/14.2.1/../../../../arm-none-eabi/lib/thumb/v7-m/nofp/libnosys.a(_exit.o)
                0x08003c30                _exit
 *(.glue_7)
 .glue_7        0x08003c34        0x0 linker stubs
 *(.glue_7t)
 .glue_7t       0x08003c34        0x0 linker stubs
 *(.eh_frame)
 .eh_frame      0x08003c34        0x0 /Applications/ArmGNUToolchain/14.2.rel1/arm-none-eabi/bin/../lib/gcc/arm-none-eabi/14.2.1/thumb/v7-m/nofp/crtbegin.o
 *(.init)
 .init          0x08003c34        0x4 /Applications/ArmGNUToolchain/14.2.rel1/arm-none-eabi/bin/../lib/gcc/arm-none-eabi/14.2.1/thumb/v7-m/nofp/crti.o
                0x08003c34                _init
 .init          0x08003c38        0x8 /Applications/ArmGNUToolchain/14.2.rel1/arm-none-eabi/bin/../lib/gcc/arm-none-eabi/14.2.1/thumb/v7-m/nofp/crtn.o
 *(.fini)
 .fini          0x08003c40        0x4 /Applications/ArmGNUToolchain/14.2.rel1/arm-none-eabi/bin/../lib/gcc/arm-none-eabi/14.2.1/thumb/v7-m/nofp/crti.o
                0x08003c40                _fini
 .fini          0x08003c44        0x8 /Applications/ArmGNUToolchain/14.2.rel1/arm-none-eabi/bin/../lib/gcc/arm-none-eabi/14.2.1/thumb/v7-m/nofp/crtn.o
                0x08003c4c                        . = ALIGN (0x4)
                0x08003c4c                        _etext = .

.vfp11_veneer   0x08003c4c        0x0
 .vfp11_veneer  0x08003c4c        0x0 linker stubs

.v4_bx          0x08003c4c        0x0
 .v4_bx         0x08003c4c        0x0 linker stubs

.iplt           0x08003c4c        0x0
 .iplt          0x08003c4c        0x0 /Applications/ArmGNUToolchain/14.2.rel1/arm-none-eabi/bin/../lib/gcc/arm-none-eabi/14.2.1/thumb/v7-m/nofp/crtbegin.o

.rodata         0x08003c50      0x984
                0x08003c50                        . = ALIGN (0x4)
 *(.rodata)
 *(.rodata*)
 .rodata.OLED_F8x16
                0x08003c50      0x5f0 CMakeFiles/STM32F103C8T6-STD-CMAKE.elf.dir/Hardware/OLED.c.obj
                0x08003c50                OLED_F8x16
 .rodata.main.str1.4
                0x08004240        0xc CMakeFiles/STM32F103C8T6-STD-CMAKE.elf.dir/User/main.c.obj
 .rodata._printf_float.str1.1
                0x0800424c      0x183 /Applications/ArmGNUToolchain/14.2.rel1/arm-none-eabi/bin/../lib/gcc/arm-none-eabi/14.2.1/../../../../arm-none-eabi/lib/thumb/v7-m/nofp/libc_nano.a(libc_a-nano-vfprintf_float.o)
                                 0x12 (size before relaxing)
 .rodata._printf_i.str1.1
                0x080043cf       0x22 /Applications/ArmGNUToolchain/14.2.rel1/arm-none-eabi/bin/../lib/gcc/arm-none-eabi/14.2.1/../../../../arm-none-eabi/lib/thumb/v7-m/nofp/libc_nano.a(libc_a-nano-vfprintf_i.o)
 .rodata._dtoa_r.str1.1
                0x080043cf       0x98 /Applications/ArmGNUToolchain/14.2.rel1/arm-none-eabi/bin/../lib/gcc/arm-none-eabi/14.2.1/../../../../arm-none-eabi/lib/thumb/v7-m/nofp/libc_nano.a(libc_a-dtoa.o)
 .rodata._Balloc.str1.1
                0x080043cf       0x79 /Applications/ArmGNUToolchain/14.2.rel1/arm-none-eabi/bin/../lib/gcc/arm-none-eabi/14.2.1/../../../../arm-none-eabi/lib/thumb/v7-m/nofp/libc_nano.a(libc_a-mprec.o)
 .rodata.__multadd.str1.1
                0x080043cf       0x11 /Applications/ArmGNUToolchain/14.2.rel1/arm-none-eabi/bin/../lib/gcc/arm-none-eabi/14.2.1/../../../../arm-none-eabi/lib/thumb/v7-m/nofp/libc_nano.a(libc_a-mprec.o)
 *fill*         0x080043cf        0x1 
 .rodata.p05.0  0x080043d0        0xc /Applications/ArmGNUToolchain/14.2.rel1/arm-none-eabi/bin/../lib/gcc/arm-none-eabi/14.2.1/../../../../arm-none-eabi/lib/thumb/v7-m/nofp/libc_nano.a(libc_a-mprec.o)
 *fill*         0x080043dc        0x4 
 .rodata.__mprec_bigtens
                0x080043e0       0x28 /Applications/ArmGNUToolchain/14.2.rel1/arm-none-eabi/bin/../lib/gcc/arm-none-eabi/14.2.1/../../../../arm-none-eabi/lib/thumb/v7-m/nofp/libc_nano.a(libc_a-mprec.o)
                0x080043e0                __mprec_bigtens
 .rodata.__mprec_tens
                0x08004408       0xc8 /Applications/ArmGNUToolchain/14.2.rel1/arm-none-eabi/bin/../lib/gcc/arm-none-eabi/14.2.1/../../../../arm-none-eabi/lib/thumb/v7-m/nofp/libc_nano.a(libc_a-mprec.o)
                0x08004408                __mprec_tens
 .rodata._setlocale_r.str1.1
                0x080044d0        0x9 /Applications/ArmGNUToolchain/14.2.rel1/arm-none-eabi/bin/../lib/gcc/arm-none-eabi/14.2.1/../../../../arm-none-eabi/lib/thumb/v7-m/nofp/libc_nano.a(libc_a-locale.o)
 .rodata.str1.1
                0x080044d0        0x2 /Applications/ArmGNUToolchain/14.2.rel1/arm-none-eabi/bin/../lib/gcc/arm-none-eabi/14.2.1/../../../../arm-none-eabi/lib/thumb/v7-m/nofp/libc_nano.a(libc_a-locale.o)
 .rodata._ctype_
                0x080044d0      0x101 /Applications/ArmGNUToolchain/14.2.rel1/arm-none-eabi/bin/../lib/gcc/arm-none-eabi/14.2.1/../../../../arm-none-eabi/lib/thumb/v7-m/nofp/libc_nano.a(libc_a-ctype_.o)
                0x080044d0                _ctype_
 .rodata.__assert_func.str1.1
                0x080045d1       0x3d /Applications/ArmGNUToolchain/14.2.rel1/arm-none-eabi/bin/../lib/gcc/arm-none-eabi/14.2.1/../../../../arm-none-eabi/lib/thumb/v7-m/nofp/libc_nano.a(libc_a-assert.o)
 .rodata._vfprintf_r.str1.1
                0x080045d1       0x11 /Applications/ArmGNUToolchain/14.2.rel1/arm-none-eabi/bin/../lib/gcc/arm-none-eabi/14.2.1/../../../../arm-none-eabi/lib/thumb/v7-m/nofp/libc_nano.a(libc_a-nano-vfprintf.o)
                0x08004610                        . = ALIGN (0x4)
 *fill*         0x080045d1        0x3 

.ARM.extab
 *(.ARM.extab* .gnu.linkonce.armextab.*)

.ARM            0x080045d4        0x8
                0x080045d4                        __exidx_start = .
 *(.ARM.exidx*)
 .ARM.exidx     0x080045d4        0x8 /Applications/ArmGNUToolchain/14.2.rel1/arm-none-eabi/bin/../lib/gcc/arm-none-eabi/14.2.1/../../../../arm-none-eabi/lib/thumb/v7-m/nofp/libc_nano.a(libc_a-strlen.o)
                0x080045dc                        __exidx_end = .

.rel.dyn        0x080045dc        0x0
 .rel.iplt      0x080045dc        0x0 /Applications/ArmGNUToolchain/14.2.rel1/arm-none-eabi/bin/../lib/gcc/arm-none-eabi/14.2.1/thumb/v7-m/nofp/crtbegin.o

.preinit_array  0x080045dc        0x0
                0x080045dc                        PROVIDE (__preinit_array_start = .)
 *(.preinit_array*)
                0x080045dc                        PROVIDE (__preinit_array_end = .)

.init_array     0x080045dc        0x4
                0x080045dc                        PROVIDE (__init_array_start = .)
 *(SORT_BY_NAME(.init_array.*))
 *(.init_array*)
 .init_array    0x080045dc        0x4 /Applications/ArmGNUToolchain/14.2.rel1/arm-none-eabi/bin/../lib/gcc/arm-none-eabi/14.2.1/thumb/v7-m/nofp/crtbegin.o
                0x080045e0                        PROVIDE (__init_array_end = .)

.fini_array     0x080045e0        0x4
                [!provide]                        PROVIDE (__fini_array_start = .)
 *(SORT_BY_NAME(.fini_array.*))
 *(.fini_array*)
 .fini_array    0x080045e0        0x4 /Applications/ArmGNUToolchain/14.2.rel1/arm-none-eabi/bin/../lib/gcc/arm-none-eabi/14.2.1/thumb/v7-m/nofp/crtbegin.o
                [!provide]                        PROVIDE (__fini_array_end = .)
                0x080045e4                        _sidata = LOADADDR (.data)

.data           0x20000000      0x1c8 load address 0x080045e4
                0x20000000                        . = ALIGN (0x4)
                0x20000000                        _sdata = .
 *(.data)
 *(.data*)
 .data.__sglue  0x20000000        0xc /Applications/ArmGNUToolchain/14.2.rel1/arm-none-eabi/bin/../lib/gcc/arm-none-eabi/14.2.1/../../../../arm-none-eabi/lib/thumb/v7-m/nofp/libc_nano.a(libc_a-findfp.o)
                0x20000000                __sglue
 .data._impure_ptr
                0x2000000c        0x4 /Applications/ArmGNUToolchain/14.2.rel1/arm-none-eabi/bin/../lib/gcc/arm-none-eabi/14.2.1/../../../../arm-none-eabi/lib/thumb/v7-m/nofp/libc_nano.a(libc_a-impure.o)
                0x2000000c                _impure_ptr
 .data._impure_data
                0x20000010       0x4c /Applications/ArmGNUToolchain/14.2.rel1/arm-none-eabi/bin/../lib/gcc/arm-none-eabi/14.2.1/../../../../arm-none-eabi/lib/thumb/v7-m/nofp/libc_nano.a(libc_a-impure.o)
                0x20000010                _impure_data
 .data.__global_locale
                0x2000005c      0x16c /Applications/ArmGNUToolchain/14.2.rel1/arm-none-eabi/bin/../lib/gcc/arm-none-eabi/14.2.1/../../../../arm-none-eabi/lib/thumb/v7-m/nofp/libc_nano.a(libc_a-locale.o)
                0x2000005c                __global_locale
                0x200001c8                        . = ALIGN (0x4)
                0x200001c8                        _edata = .

.tm_clone_table
                0x200001c8        0x0 load address 0x080047ac
 .tm_clone_table
                0x200001c8        0x0 /Applications/ArmGNUToolchain/14.2.rel1/arm-none-eabi/bin/../lib/gcc/arm-none-eabi/14.2.1/thumb/v7-m/nofp/crtbegin.o
 .tm_clone_table
                0x200001c8        0x0 /Applications/ArmGNUToolchain/14.2.rel1/arm-none-eabi/bin/../lib/gcc/arm-none-eabi/14.2.1/thumb/v7-m/nofp/crtend.o

.igot.plt       0x200001c8        0x0 load address 0x080047ac
 .igot.plt      0x200001c8        0x0 /Applications/ArmGNUToolchain/14.2.rel1/arm-none-eabi/bin/../lib/gcc/arm-none-eabi/14.2.1/thumb/v7-m/nofp/crtbegin.o
                0x200001c8                        . = ALIGN (0x4)

.bss            0x200001c8      0x16c load address 0x080047ac
                0x200001c8                        _sbss = .
                0x200001c8                        __bss_start__ = _sbss
 *(.bss)
 *(.bss*)
 .bss.completed.1
                0x200001c8        0x1 /Applications/ArmGNUToolchain/14.2.rel1/arm-none-eabi/bin/../lib/gcc/arm-none-eabi/14.2.1/thumb/v7-m/nofp/crtbegin.o
 *fill*         0x200001c9        0x3 
 .bss.object.0  0x200001cc       0x18 /Applications/ArmGNUToolchain/14.2.rel1/arm-none-eabi/bin/../lib/gcc/arm-none-eabi/14.2.1/thumb/v7-m/nofp/crtbegin.o
 .bss.__sf      0x200001e4      0x138 /Applications/ArmGNUToolchain/14.2.rel1/arm-none-eabi/bin/../lib/gcc/arm-none-eabi/14.2.1/../../../../arm-none-eabi/lib/thumb/v7-m/nofp/libc_nano.a(libc_a-findfp.o)
                0x200001e4                __sf
 .bss.__stdio_exit_handler
                0x2000031c        0x4 /Applications/ArmGNUToolchain/14.2.rel1/arm-none-eabi/bin/../lib/gcc/arm-none-eabi/14.2.1/../../../../arm-none-eabi/lib/thumb/v7-m/nofp/libc_nano.a(libc_a-findfp.o)
                0x2000031c                __stdio_exit_handler
 .bss.__lock___malloc_recursive_mutex
                0x20000320        0x1 /Applications/ArmGNUToolchain/14.2.rel1/arm-none-eabi/bin/../lib/gcc/arm-none-eabi/14.2.1/../../../../arm-none-eabi/lib/thumb/v7-m/nofp/libc_nano.a(libc_a-lock.o)
                0x20000320                __lock___malloc_recursive_mutex
 .bss.__lock___sfp_recursive_mutex
                0x20000321        0x1 /Applications/ArmGNUToolchain/14.2.rel1/arm-none-eabi/bin/../lib/gcc/arm-none-eabi/14.2.1/../../../../arm-none-eabi/lib/thumb/v7-m/nofp/libc_nano.a(libc_a-lock.o)
                0x20000321                __lock___sfp_recursive_mutex
 *fill*         0x20000322        0x2 
 .bss.__malloc_sbrk_start
                0x20000324        0x4 /Applications/ArmGNUToolchain/14.2.rel1/arm-none-eabi/bin/../lib/gcc/arm-none-eabi/14.2.1/../../../../arm-none-eabi/lib/thumb/v7-m/nofp/libc_nano.a(libc_a-mallocr.o)
                0x20000324                __malloc_sbrk_start
 .bss.__malloc_free_list
                0x20000328        0x4 /Applications/ArmGNUToolchain/14.2.rel1/arm-none-eabi/bin/../lib/gcc/arm-none-eabi/14.2.1/../../../../arm-none-eabi/lib/thumb/v7-m/nofp/libc_nano.a(libc_a-mallocr.o)
                0x20000328                __malloc_free_list
 .bss.errno     0x2000032c        0x4 /Applications/ArmGNUToolchain/14.2.rel1/arm-none-eabi/bin/../lib/gcc/arm-none-eabi/14.2.1/../../../../arm-none-eabi/lib/thumb/v7-m/nofp/libc_nano.a(libc_a-reent.o)
                0x2000032c                errno
 .bss.heap_end.0
                0x20000330        0x4 /Applications/ArmGNUToolchain/14.2.rel1/arm-none-eabi/bin/../lib/gcc/arm-none-eabi/14.2.1/../../../../arm-none-eabi/lib/thumb/v7-m/nofp/libnosys.a(sbrk.o)
 *(COMMON)
                0x20000334                        . = ALIGN (0x4)
                0x20000334                        _ebss = .
                0x20000334                        __bss_end__ = _ebss

._user_heap_stack
                0x20000334      0x604 load address 0x080047ac
                0x20000338                        . = ALIGN (0x8)
 *fill*         0x20000334        0x4 
                0x20000338                        PROVIDE (end = .)
                [!provide]                        PROVIDE (_end = .)
                0x20000538                        . = (. + _Min_Heap_Size)
 *fill*         0x20000338      0x200 
                0x20000938                        . = (. + _Min_Stack_Size)
 *fill*         0x20000538      0x400 
                0x20000938                        . = ALIGN (0x8)

/DISCARD/
 libc.a(*)
 libm.a(*)
 libgcc.a(*)
OUTPUT(STM32F103C8T6-STD-CMAKE.elf elf32-littlearm)
LOAD linker stubs
LOAD /Applications/ArmGNUToolchain/14.2.rel1/arm-none-eabi/bin/../lib/gcc/arm-none-eabi/14.2.1/../../../../arm-none-eabi/lib/thumb/v7-m/nofp/libc.a
LOAD /Applications/ArmGNUToolchain/14.2.rel1/arm-none-eabi/bin/../lib/gcc/arm-none-eabi/14.2.1/../../../../arm-none-eabi/lib/thumb/v7-m/nofp/libm.a
LOAD /Applications/ArmGNUToolchain/14.2.rel1/arm-none-eabi/bin/../lib/gcc/arm-none-eabi/14.2.1/thumb/v7-m/nofp/libgcc.a

.ARM.attributes
                0x00000000       0x29
 .ARM.attributes
                0x00000000       0x1d /Applications/ArmGNUToolchain/14.2.rel1/arm-none-eabi/bin/../lib/gcc/arm-none-eabi/14.2.1/thumb/v7-m/nofp/crti.o
 .ARM.attributes
                0x0000001d       0x2d /Applications/ArmGNUToolchain/14.2.rel1/arm-none-eabi/bin/../lib/gcc/arm-none-eabi/14.2.1/thumb/v7-m/nofp/crtbegin.o
 .ARM.attributes
                0x0000004a       0x2d CMakeFiles/STM32F103C8T6-STD-CMAKE.elf.dir/Hardware/OLED.c.obj
 .ARM.attributes
                0x00000077       0x2d CMakeFiles/STM32F103C8T6-STD-CMAKE.elf.dir/Library/stm32f10x_gpio.c.obj
 .ARM.attributes
                0x000000a4       0x2d CMakeFiles/STM32F103C8T6-STD-CMAKE.elf.dir/Library/stm32f10x_rcc.c.obj
 .ARM.attributes
                0x000000d1       0x21 CMakeFiles/STM32F103C8T6-STD-CMAKE.elf.dir/Start/startup_stm32f103xb.s.obj
 .ARM.attributes
                0x000000f2       0x2d CMakeFiles/STM32F103C8T6-STD-CMAKE.elf.dir/Start/system_stm32f10x.c.obj
 .ARM.attributes
                0x0000011f       0x2d CMakeFiles/STM32F103C8T6-STD-CMAKE.elf.dir/System/Delay.c.obj
 .ARM.attributes
                0x0000014c       0x2d CMakeFiles/STM32F103C8T6-STD-CMAKE.elf.dir/User/main.c.obj
 .ARM.attributes
                0x00000179       0x2d CMakeFiles/STM32F103C8T6-STD-CMAKE.elf.dir/User/stm32f10x_it.c.obj
 .ARM.attributes
                0x000001a6       0x2d /Applications/ArmGNUToolchain/14.2.rel1/arm-none-eabi/bin/../lib/gcc/arm-none-eabi/14.2.1/../../../../arm-none-eabi/lib/thumb/v7-m/nofp/libc_nano.a(libc_a-nano-vfprintf_float.o)
 .ARM.attributes
                0x000001d3       0x2d /Applications/ArmGNUToolchain/14.2.rel1/arm-none-eabi/bin/../lib/gcc/arm-none-eabi/14.2.1/../../../../arm-none-eabi/lib/thumb/v7-m/nofp/libc_nano.a(libc_a-nano-vfprintf_i.o)
 .ARM.attributes
                0x00000200       0x2d /Applications/ArmGNUToolchain/14.2.rel1/arm-none-eabi/bin/../lib/gcc/arm-none-eabi/14.2.1/../../../../arm-none-eabi/lib/thumb/v7-m/nofp/libc_nano.a(libc_a-findfp.o)
 .ARM.attributes
                0x0000022d       0x2d /Applications/ArmGNUToolchain/14.2.rel1/arm-none-eabi/bin/../lib/gcc/arm-none-eabi/14.2.1/../../../../arm-none-eabi/lib/thumb/v7-m/nofp/libc_nano.a(libc_a-fwalk.o)
 .ARM.attributes
                0x0000025a       0x2d /Applications/ArmGNUToolchain/14.2.rel1/arm-none-eabi/bin/../lib/gcc/arm-none-eabi/14.2.1/../../../../arm-none-eabi/lib/thumb/v7-m/nofp/libc_nano.a(libc_a-memset.o)
 .ARM.attributes
                0x00000287       0x2d /Applications/ArmGNUToolchain/14.2.rel1/arm-none-eabi/bin/../lib/gcc/arm-none-eabi/14.2.1/../../../../arm-none-eabi/lib/thumb/v7-m/nofp/libc_nano.a(libc_a-init.o)
 .ARM.attributes
                0x000002b4       0x2d /Applications/ArmGNUToolchain/14.2.rel1/arm-none-eabi/bin/../lib/gcc/arm-none-eabi/14.2.1/../../../../arm-none-eabi/lib/thumb/v7-m/nofp/libc_nano.a(libc_a-lock.o)
 .ARM.attributes
                0x000002e1       0x2d /Applications/ArmGNUToolchain/14.2.rel1/arm-none-eabi/bin/../lib/gcc/arm-none-eabi/14.2.1/../../../../arm-none-eabi/lib/thumb/v7-m/nofp/libc_nano.a(libc_a-localeconv.o)
 .ARM.attributes
                0x0000030e       0x2d /Applications/ArmGNUToolchain/14.2.rel1/arm-none-eabi/bin/../lib/gcc/arm-none-eabi/14.2.1/../../../../arm-none-eabi/lib/thumb/v7-m/nofp/libc_nano.a(libc_a-impure.o)
 .ARM.attributes
                0x0000033b       0x2d /Applications/ArmGNUToolchain/14.2.rel1/arm-none-eabi/bin/../lib/gcc/arm-none-eabi/14.2.1/../../../../arm-none-eabi/lib/thumb/v7-m/nofp/libc_nano.a(libc_a-memchr-stub.o)
 .ARM.attributes
                0x00000368       0x17 /Applications/ArmGNUToolchain/14.2.rel1/arm-none-eabi/bin/../lib/gcc/arm-none-eabi/14.2.1/../../../../arm-none-eabi/lib/thumb/v7-m/nofp/libc_nano.a(libc_a-strlen.o)
 .ARM.attributes
                0x0000037f       0x2d /Applications/ArmGNUToolchain/14.2.rel1/arm-none-eabi/bin/../lib/gcc/arm-none-eabi/14.2.1/../../../../arm-none-eabi/lib/thumb/v7-m/nofp/libc_nano.a(libc_a-dtoa.o)
 .ARM.attributes
                0x000003ac       0x2d /Applications/ArmGNUToolchain/14.2.rel1/arm-none-eabi/bin/../lib/gcc/arm-none-eabi/14.2.1/../../../../arm-none-eabi/lib/thumb/v7-m/nofp/libc_nano.a(libc_a-malloc.o)
 .ARM.attributes
                0x000003d9       0x2d /Applications/ArmGNUToolchain/14.2.rel1/arm-none-eabi/bin/../lib/gcc/arm-none-eabi/14.2.1/../../../../arm-none-eabi/lib/thumb/v7-m/nofp/libc_nano.a(libc_a-mallocr.o)
 .ARM.attributes
                0x00000406       0x2d /Applications/ArmGNUToolchain/14.2.rel1/arm-none-eabi/bin/../lib/gcc/arm-none-eabi/14.2.1/../../../../arm-none-eabi/lib/thumb/v7-m/nofp/libc_nano.a(libc_a-fflush.o)
 .ARM.attributes
                0x00000433       0x2d /Applications/ArmGNUToolchain/14.2.rel1/arm-none-eabi/bin/../lib/gcc/arm-none-eabi/14.2.1/../../../../arm-none-eabi/lib/thumb/v7-m/nofp/libc_nano.a(libc_a-mlock.o)
 .ARM.attributes
                0x00000460       0x2d /Applications/ArmGNUToolchain/14.2.rel1/arm-none-eabi/bin/../lib/gcc/arm-none-eabi/14.2.1/../../../../arm-none-eabi/lib/thumb/v7-m/nofp/libc_nano.a(libc_a-mprec.o)
 .ARM.attributes
                0x0000048d       0x2d /Applications/ArmGNUToolchain/14.2.rel1/arm-none-eabi/bin/../lib/gcc/arm-none-eabi/14.2.1/../../../../arm-none-eabi/lib/thumb/v7-m/nofp/libc_nano.a(libc_a-stdio.o)
 .ARM.attributes
                0x000004ba       0x2d /Applications/ArmGNUToolchain/14.2.rel1/arm-none-eabi/bin/../lib/gcc/arm-none-eabi/14.2.1/../../../../arm-none-eabi/lib/thumb/v7-m/nofp/libc_nano.a(libc_a-lseekr.o)
 .ARM.attributes
                0x000004e7       0x2d /Applications/ArmGNUToolchain/14.2.rel1/arm-none-eabi/bin/../lib/gcc/arm-none-eabi/14.2.1/../../../../arm-none-eabi/lib/thumb/v7-m/nofp/libc_nano.a(libc_a-readr.o)
 .ARM.attributes
                0x00000514       0x2d /Applications/ArmGNUToolchain/14.2.rel1/arm-none-eabi/bin/../lib/gcc/arm-none-eabi/14.2.1/../../../../arm-none-eabi/lib/thumb/v7-m/nofp/libc_nano.a(libc_a-sbrkr.o)
 .ARM.attributes
                0x00000541       0x2d /Applications/ArmGNUToolchain/14.2.rel1/arm-none-eabi/bin/../lib/gcc/arm-none-eabi/14.2.1/../../../../arm-none-eabi/lib/thumb/v7-m/nofp/libc_nano.a(libc_a-writer.o)
 .ARM.attributes
                0x0000056e       0x2d /Applications/ArmGNUToolchain/14.2.rel1/arm-none-eabi/bin/../lib/gcc/arm-none-eabi/14.2.1/../../../../arm-none-eabi/lib/thumb/v7-m/nofp/libc_nano.a(libc_a-locale.o)
 .ARM.attributes
                0x0000059b       0x2d /Applications/ArmGNUToolchain/14.2.rel1/arm-none-eabi/bin/../lib/gcc/arm-none-eabi/14.2.1/../../../../arm-none-eabi/lib/thumb/v7-m/nofp/libc_nano.a(libc_a-closer.o)
 .ARM.attributes
                0x000005c8       0x2d /Applications/ArmGNUToolchain/14.2.rel1/arm-none-eabi/bin/../lib/gcc/arm-none-eabi/14.2.1/../../../../arm-none-eabi/lib/thumb/v7-m/nofp/libc_nano.a(libc_a-reent.o)
 .ARM.attributes
                0x000005f5       0x2d /Applications/ArmGNUToolchain/14.2.rel1/arm-none-eabi/bin/../lib/gcc/arm-none-eabi/14.2.1/../../../../arm-none-eabi/lib/thumb/v7-m/nofp/libc_nano.a(libc_a-memcpy-stub.o)
 .ARM.attributes
                0x00000622       0x2d /Applications/ArmGNUToolchain/14.2.rel1/arm-none-eabi/bin/../lib/gcc/arm-none-eabi/14.2.1/../../../../arm-none-eabi/lib/thumb/v7-m/nofp/libc_nano.a(libc_a-ctype_.o)
 .ARM.attributes
                0x0000064f       0x2d /Applications/ArmGNUToolchain/14.2.rel1/arm-none-eabi/bin/../lib/gcc/arm-none-eabi/14.2.1/../../../../arm-none-eabi/lib/thumb/v7-m/nofp/libc_nano.a(libc_a-assert.o)
 .ARM.attributes
                0x0000067c       0x2d /Applications/ArmGNUToolchain/14.2.rel1/arm-none-eabi/bin/../lib/gcc/arm-none-eabi/14.2.1/../../../../arm-none-eabi/lib/thumb/v7-m/nofp/libc_nano.a(libc_a-callocr.o)
 .ARM.attributes
                0x000006a9       0x2d /Applications/ArmGNUToolchain/14.2.rel1/arm-none-eabi/bin/../lib/gcc/arm-none-eabi/14.2.1/../../../../arm-none-eabi/lib/thumb/v7-m/nofp/libc_nano.a(libc_a-freer.o)
 .ARM.attributes
                0x000006d6       0x2d /Applications/ArmGNUToolchain/14.2.rel1/arm-none-eabi/bin/../lib/gcc/arm-none-eabi/14.2.1/../../../../arm-none-eabi/lib/thumb/v7-m/nofp/libc_nano.a(libc_a-mbtowc_r.o)
 .ARM.attributes
                0x00000703       0x2d /Applications/ArmGNUToolchain/14.2.rel1/arm-none-eabi/bin/../lib/gcc/arm-none-eabi/14.2.1/../../../../arm-none-eabi/lib/thumb/v7-m/nofp/libc_nano.a(libc_a-fprintf.o)
 .ARM.attributes
                0x00000730       0x2d /Applications/ArmGNUToolchain/14.2.rel1/arm-none-eabi/bin/../lib/gcc/arm-none-eabi/14.2.1/../../../../arm-none-eabi/lib/thumb/v7-m/nofp/libc_nano.a(libc_a-wctomb_r.o)
 .ARM.attributes
                0x0000075d       0x2d /Applications/ArmGNUToolchain/14.2.rel1/arm-none-eabi/bin/../lib/gcc/arm-none-eabi/14.2.1/../../../../arm-none-eabi/lib/thumb/v7-m/nofp/libc_nano.a(libc_a-abort.o)
 .ARM.attributes
                0x0000078a       0x2d /Applications/ArmGNUToolchain/14.2.rel1/arm-none-eabi/bin/../lib/gcc/arm-none-eabi/14.2.1/../../../../arm-none-eabi/lib/thumb/v7-m/nofp/libc_nano.a(libc_a-nano-vfprintf.o)
 .ARM.attributes
                0x000007b7       0x2d /Applications/ArmGNUToolchain/14.2.rel1/arm-none-eabi/bin/../lib/gcc/arm-none-eabi/14.2.1/../../../../arm-none-eabi/lib/thumb/v7-m/nofp/libc_nano.a(libc_a-wbuf.o)
 .ARM.attributes
                0x000007e4       0x2d /Applications/ArmGNUToolchain/14.2.rel1/arm-none-eabi/bin/../lib/gcc/arm-none-eabi/14.2.1/../../../../arm-none-eabi/lib/thumb/v7-m/nofp/libc_nano.a(libc_a-wsetup.o)
 .ARM.attributes
                0x00000811       0x2d /Applications/ArmGNUToolchain/14.2.rel1/arm-none-eabi/bin/../lib/gcc/arm-none-eabi/14.2.1/../../../../arm-none-eabi/lib/thumb/v7-m/nofp/libc_nano.a(libc_a-makebuf.o)
 .ARM.attributes
                0x0000083e       0x2d /Applications/ArmGNUToolchain/14.2.rel1/arm-none-eabi/bin/../lib/gcc/arm-none-eabi/14.2.1/../../../../arm-none-eabi/lib/thumb/v7-m/nofp/libc_nano.a(libc_a-signal.o)
 .ARM.attributes
                0x0000086b       0x2d /Applications/ArmGNUToolchain/14.2.rel1/arm-none-eabi/bin/../lib/gcc/arm-none-eabi/14.2.1/../../../../arm-none-eabi/lib/thumb/v7-m/nofp/libc_nano.a(libc_a-isattyr.o)
 .ARM.attributes
                0x00000898       0x2d /Applications/ArmGNUToolchain/14.2.rel1/arm-none-eabi/bin/../lib/gcc/arm-none-eabi/14.2.1/../../../../arm-none-eabi/lib/thumb/v7-m/nofp/libc_nano.a(libc_a-signalr.o)
 .ARM.attributes
                0x000008c5       0x2d /Applications/ArmGNUToolchain/14.2.rel1/arm-none-eabi/bin/../lib/gcc/arm-none-eabi/14.2.1/../../../../arm-none-eabi/lib/thumb/v7-m/nofp/libc_nano.a(libc_a-fstatr.o)
 .ARM.attributes
                0x000008f2       0x1d /Applications/ArmGNUToolchain/14.2.rel1/arm-none-eabi/bin/../lib/gcc/arm-none-eabi/14.2.1/thumb/v7-m/nofp/libgcc.a(_arm_addsubdf3.o)
 .ARM.attributes
                0x0000090f       0x1d /Applications/ArmGNUToolchain/14.2.rel1/arm-none-eabi/bin/../lib/gcc/arm-none-eabi/14.2.1/thumb/v7-m/nofp/libgcc.a(_arm_muldivdf3.o)
 .ARM.attributes
                0x0000092c       0x1d /Applications/ArmGNUToolchain/14.2.rel1/arm-none-eabi/bin/../lib/gcc/arm-none-eabi/14.2.1/thumb/v7-m/nofp/libgcc.a(_arm_cmpdf2.o)
 .ARM.attributes
                0x00000949       0x1d /Applications/ArmGNUToolchain/14.2.rel1/arm-none-eabi/bin/../lib/gcc/arm-none-eabi/14.2.1/thumb/v7-m/nofp/libgcc.a(_arm_unorddf2.o)
 .ARM.attributes
                0x00000966       0x1d /Applications/ArmGNUToolchain/14.2.rel1/arm-none-eabi/bin/../lib/gcc/arm-none-eabi/14.2.1/thumb/v7-m/nofp/libgcc.a(_arm_fixdfsi.o)
 .ARM.attributes
                0x00000983       0x2d /Applications/ArmGNUToolchain/14.2.rel1/arm-none-eabi/bin/../lib/gcc/arm-none-eabi/14.2.1/../../../../arm-none-eabi/lib/thumb/v7-m/nofp/libnosys.a(close.o)
 .ARM.attributes
                0x000009b0       0x2d /Applications/ArmGNUToolchain/14.2.rel1/arm-none-eabi/bin/../lib/gcc/arm-none-eabi/14.2.1/../../../../arm-none-eabi/lib/thumb/v7-m/nofp/libnosys.a(fstat.o)
 .ARM.attributes
                0x000009dd       0x2d /Applications/ArmGNUToolchain/14.2.rel1/arm-none-eabi/bin/../lib/gcc/arm-none-eabi/14.2.1/../../../../arm-none-eabi/lib/thumb/v7-m/nofp/libnosys.a(getpid.o)
 .ARM.attributes
                0x00000a0a       0x2d /Applications/ArmGNUToolchain/14.2.rel1/arm-none-eabi/bin/../lib/gcc/arm-none-eabi/14.2.1/../../../../arm-none-eabi/lib/thumb/v7-m/nofp/libnosys.a(isatty.o)
 .ARM.attributes
                0x00000a37       0x2d /Applications/ArmGNUToolchain/14.2.rel1/arm-none-eabi/bin/../lib/gcc/arm-none-eabi/14.2.1/../../../../arm-none-eabi/lib/thumb/v7-m/nofp/libnosys.a(kill.o)
 .ARM.attributes
                0x00000a64       0x2d /Applications/ArmGNUToolchain/14.2.rel1/arm-none-eabi/bin/../lib/gcc/arm-none-eabi/14.2.1/../../../../arm-none-eabi/lib/thumb/v7-m/nofp/libnosys.a(lseek.o)
 .ARM.attributes
                0x00000a91       0x2d /Applications/ArmGNUToolchain/14.2.rel1/arm-none-eabi/bin/../lib/gcc/arm-none-eabi/14.2.1/../../../../arm-none-eabi/lib/thumb/v7-m/nofp/libnosys.a(read.o)
 .ARM.attributes
                0x00000abe       0x2d /Applications/ArmGNUToolchain/14.2.rel1/arm-none-eabi/bin/../lib/gcc/arm-none-eabi/14.2.1/../../../../arm-none-eabi/lib/thumb/v7-m/nofp/libnosys.a(sbrk.o)
 .ARM.attributes
                0x00000aeb       0x2d /Applications/ArmGNUToolchain/14.2.rel1/arm-none-eabi/bin/../lib/gcc/arm-none-eabi/14.2.1/../../../../arm-none-eabi/lib/thumb/v7-m/nofp/libnosys.a(write.o)
 .ARM.attributes
                0x00000b18       0x2d /Applications/ArmGNUToolchain/14.2.rel1/arm-none-eabi/bin/../lib/gcc/arm-none-eabi/14.2.1/../../../../arm-none-eabi/lib/thumb/v7-m/nofp/libnosys.a(_exit.o)
 .ARM.attributes
                0x00000b45       0x2d /Applications/ArmGNUToolchain/14.2.rel1/arm-none-eabi/bin/../lib/gcc/arm-none-eabi/14.2.1/thumb/v7-m/nofp/crtend.o
 .ARM.attributes
                0x00000b72       0x1d /Applications/ArmGNUToolchain/14.2.rel1/arm-none-eabi/bin/../lib/gcc/arm-none-eabi/14.2.1/thumb/v7-m/nofp/crtn.o

.comment        0x00000000       0x45
 .comment       0x00000000       0x45 CMakeFiles/STM32F103C8T6-STD-CMAKE.elf.dir/Hardware/OLED.c.obj
                                 0x46 (size before relaxing)
 .comment       0x00000045       0x46 CMakeFiles/STM32F103C8T6-STD-CMAKE.elf.dir/Library/stm32f10x_gpio.c.obj
 .comment       0x00000045       0x46 CMakeFiles/STM32F103C8T6-STD-CMAKE.elf.dir/Library/stm32f10x_rcc.c.obj
 .comment       0x00000045       0x46 CMakeFiles/STM32F103C8T6-STD-CMAKE.elf.dir/Start/system_stm32f10x.c.obj
 .comment       0x00000045       0x46 CMakeFiles/STM32F103C8T6-STD-CMAKE.elf.dir/System/Delay.c.obj
 .comment       0x00000045       0x46 CMakeFiles/STM32F103C8T6-STD-CMAKE.elf.dir/User/main.c.obj
 .comment       0x00000045       0x46 CMakeFiles/STM32F103C8T6-STD-CMAKE.elf.dir/User/stm32f10x_it.c.obj

.debug_info     0x00000000     0x2b1c
 .debug_info    0x00000000      0xde9 CMakeFiles/STM32F103C8T6-STD-CMAKE.elf.dir/Hardware/OLED.c.obj
 .debug_info    0x00000de9      0x8be CMakeFiles/STM32F103C8T6-STD-CMAKE.elf.dir/Library/stm32f10x_gpio.c.obj
 .debug_info    0x000016a7      0x8bc CMakeFiles/STM32F103C8T6-STD-CMAKE.elf.dir/Library/stm32f10x_rcc.c.obj
 .debug_info    0x00001f63       0x30 CMakeFiles/STM32F103C8T6-STD-CMAKE.elf.dir/Start/startup_stm32f103xb.s.obj
 .debug_info    0x00001f93      0x439 CMakeFiles/STM32F103C8T6-STD-CMAKE.elf.dir/Start/system_stm32f10x.c.obj
 .debug_info    0x000023cc      0x170 CMakeFiles/STM32F103C8T6-STD-CMAKE.elf.dir/System/Delay.c.obj
 .debug_info    0x0000253c      0x4e3 CMakeFiles/STM32F103C8T6-STD-CMAKE.elf.dir/User/main.c.obj
 .debug_info    0x00002a1f       0xfd CMakeFiles/STM32F103C8T6-STD-CMAKE.elf.dir/User/stm32f10x_it.c.obj

.debug_abbrev   0x00000000      0xb41
 .debug_abbrev  0x00000000      0x253 CMakeFiles/STM32F103C8T6-STD-CMAKE.elf.dir/Hardware/OLED.c.obj
 .debug_abbrev  0x00000253      0x250 CMakeFiles/STM32F103C8T6-STD-CMAKE.elf.dir/Library/stm32f10x_gpio.c.obj
 .debug_abbrev  0x000004a3      0x20d CMakeFiles/STM32F103C8T6-STD-CMAKE.elf.dir/Library/stm32f10x_rcc.c.obj
 .debug_abbrev  0x000006b0       0x24 CMakeFiles/STM32F103C8T6-STD-CMAKE.elf.dir/Start/startup_stm32f103xb.s.obj
 .debug_abbrev  0x000006d4      0x1c7 CMakeFiles/STM32F103C8T6-STD-CMAKE.elf.dir/Start/system_stm32f10x.c.obj
 .debug_abbrev  0x0000089b       0xe6 CMakeFiles/STM32F103C8T6-STD-CMAKE.elf.dir/System/Delay.c.obj
 .debug_abbrev  0x00000981      0x17b CMakeFiles/STM32F103C8T6-STD-CMAKE.elf.dir/User/main.c.obj
 .debug_abbrev  0x00000afc       0x45 CMakeFiles/STM32F103C8T6-STD-CMAKE.elf.dir/User/stm32f10x_it.c.obj

.debug_loclists
                0x00000000      0xe84
 .debug_loclists
                0x00000000      0x54d CMakeFiles/STM32F103C8T6-STD-CMAKE.elf.dir/Hardware/OLED.c.obj
 .debug_loclists
                0x0000054d      0x4d7 CMakeFiles/STM32F103C8T6-STD-CMAKE.elf.dir/Library/stm32f10x_gpio.c.obj
 .debug_loclists
                0x00000a24      0x33c CMakeFiles/STM32F103C8T6-STD-CMAKE.elf.dir/Library/stm32f10x_rcc.c.obj
 .debug_loclists
                0x00000d60       0xb7 CMakeFiles/STM32F103C8T6-STD-CMAKE.elf.dir/Start/system_stm32f10x.c.obj
 .debug_loclists
                0x00000e17       0x6d CMakeFiles/STM32F103C8T6-STD-CMAKE.elf.dir/System/Delay.c.obj

.debug_aranges  0x00000000      0x368
 .debug_aranges
                0x00000000       0x98 CMakeFiles/STM32F103C8T6-STD-CMAKE.elf.dir/Hardware/OLED.c.obj
 .debug_aranges
                0x00000098       0xa8 CMakeFiles/STM32F103C8T6-STD-CMAKE.elf.dir/Library/stm32f10x_gpio.c.obj
 .debug_aranges
                0x00000140      0x118 CMakeFiles/STM32F103C8T6-STD-CMAKE.elf.dir/Library/stm32f10x_rcc.c.obj
 .debug_aranges
                0x00000258       0x28 CMakeFiles/STM32F103C8T6-STD-CMAKE.elf.dir/Start/startup_stm32f103xb.s.obj
 .debug_aranges
                0x00000280       0x38 CMakeFiles/STM32F103C8T6-STD-CMAKE.elf.dir/Start/system_stm32f10x.c.obj
 .debug_aranges
                0x000002b8       0x30 CMakeFiles/STM32F103C8T6-STD-CMAKE.elf.dir/System/Delay.c.obj
 .debug_aranges
                0x000002e8       0x20 CMakeFiles/STM32F103C8T6-STD-CMAKE.elf.dir/User/main.c.obj
 .debug_aranges
                0x00000308       0x60 CMakeFiles/STM32F103C8T6-STD-CMAKE.elf.dir/User/stm32f10x_it.c.obj

.debug_rnglists
                0x00000000      0x26d
 .debug_rnglists
                0x00000000       0x6e CMakeFiles/STM32F103C8T6-STD-CMAKE.elf.dir/Hardware/OLED.c.obj
 .debug_rnglists
                0x0000006e       0x7b CMakeFiles/STM32F103C8T6-STD-CMAKE.elf.dir/Library/stm32f10x_gpio.c.obj
 .debug_rnglists
                0x000000e9       0xce CMakeFiles/STM32F103C8T6-STD-CMAKE.elf.dir/Library/stm32f10x_rcc.c.obj
 .debug_rnglists
                0x000001b7       0x19 CMakeFiles/STM32F103C8T6-STD-CMAKE.elf.dir/Start/startup_stm32f103xb.s.obj
 .debug_rnglists
                0x000001d0       0x27 CMakeFiles/STM32F103C8T6-STD-CMAKE.elf.dir/Start/system_stm32f10x.c.obj
 .debug_rnglists
                0x000001f7       0x1f CMakeFiles/STM32F103C8T6-STD-CMAKE.elf.dir/System/Delay.c.obj
 .debug_rnglists
                0x00000216       0x14 CMakeFiles/STM32F103C8T6-STD-CMAKE.elf.dir/User/main.c.obj
 .debug_rnglists
                0x0000022a       0x43 CMakeFiles/STM32F103C8T6-STD-CMAKE.elf.dir/User/stm32f10x_it.c.obj

.debug_line     0x00000000     0x1f65
 .debug_line    0x00000000      0x642 CMakeFiles/STM32F103C8T6-STD-CMAKE.elf.dir/Hardware/OLED.c.obj
 .debug_line    0x00000642      0x6d5 CMakeFiles/STM32F103C8T6-STD-CMAKE.elf.dir/Library/stm32f10x_gpio.c.obj
 .debug_line    0x00000d17      0x890 CMakeFiles/STM32F103C8T6-STD-CMAKE.elf.dir/Library/stm32f10x_rcc.c.obj
 .debug_line    0x000015a7       0x78 CMakeFiles/STM32F103C8T6-STD-CMAKE.elf.dir/Start/startup_stm32f103xb.s.obj
 .debug_line    0x0000161f      0x3d5 CMakeFiles/STM32F103C8T6-STD-CMAKE.elf.dir/Start/system_stm32f10x.c.obj
 .debug_line    0x000019f4      0x201 CMakeFiles/STM32F103C8T6-STD-CMAKE.elf.dir/System/Delay.c.obj
 .debug_line    0x00001bf5      0x257 CMakeFiles/STM32F103C8T6-STD-CMAKE.elf.dir/User/main.c.obj
 .debug_line    0x00001e4c      0x119 CMakeFiles/STM32F103C8T6-STD-CMAKE.elf.dir/User/stm32f10x_it.c.obj

.debug_str      0x00000000      0xd8b
 .debug_str     0x00000000      0xd8b CMakeFiles/STM32F103C8T6-STD-CMAKE.elf.dir/Hardware/OLED.c.obj
                                0x4cc (size before relaxing)
 .debug_str     0x00000d8b      0x570 CMakeFiles/STM32F103C8T6-STD-CMAKE.elf.dir/Library/stm32f10x_gpio.c.obj
 .debug_str     0x00000d8b      0x65a CMakeFiles/STM32F103C8T6-STD-CMAKE.elf.dir/Library/stm32f10x_rcc.c.obj
 .debug_str     0x00000d8b       0x86 CMakeFiles/STM32F103C8T6-STD-CMAKE.elf.dir/Start/startup_stm32f103xb.s.obj
 .debug_str     0x00000d8b      0x31e CMakeFiles/STM32F103C8T6-STD-CMAKE.elf.dir/Start/system_stm32f10x.c.obj
 .debug_str     0x00000d8b      0x1e3 CMakeFiles/STM32F103C8T6-STD-CMAKE.elf.dir/System/Delay.c.obj
 .debug_str     0x00000d8b      0x3e8 CMakeFiles/STM32F103C8T6-STD-CMAKE.elf.dir/User/main.c.obj
 .debug_str     0x00000d8b      0x22d CMakeFiles/STM32F103C8T6-STD-CMAKE.elf.dir/User/stm32f10x_it.c.obj

.debug_frame    0x00000000     0x187c
 .debug_frame   0x00000000      0x1d8 CMakeFiles/STM32F103C8T6-STD-CMAKE.elf.dir/Hardware/OLED.c.obj
 .debug_frame   0x000001d8      0x168 CMakeFiles/STM32F103C8T6-STD-CMAKE.elf.dir/Library/stm32f10x_gpio.c.obj
 .debug_frame   0x00000340      0x228 CMakeFiles/STM32F103C8T6-STD-CMAKE.elf.dir/Library/stm32f10x_rcc.c.obj
 .debug_frame   0x00000568       0x6c CMakeFiles/STM32F103C8T6-STD-CMAKE.elf.dir/Start/system_stm32f10x.c.obj
 .debug_frame   0x000005d4       0x50 CMakeFiles/STM32F103C8T6-STD-CMAKE.elf.dir/System/Delay.c.obj
 .debug_frame   0x00000624       0x28 CMakeFiles/STM32F103C8T6-STD-CMAKE.elf.dir/User/main.c.obj
 .debug_frame   0x0000064c       0xa0 CMakeFiles/STM32F103C8T6-STD-CMAKE.elf.dir/User/stm32f10x_it.c.obj
 .debug_frame   0x000006ec       0x90 /Applications/ArmGNUToolchain/14.2.rel1/arm-none-eabi/bin/../lib/gcc/arm-none-eabi/14.2.1/../../../../arm-none-eabi/lib/thumb/v7-m/nofp/libc_nano.a(libc_a-nano-vfprintf_float.o)
 .debug_frame   0x0000077c       0x60 /Applications/ArmGNUToolchain/14.2.rel1/arm-none-eabi/bin/../lib/gcc/arm-none-eabi/14.2.1/../../../../arm-none-eabi/lib/thumb/v7-m/nofp/libc_nano.a(libc_a-nano-vfprintf_i.o)
 .debug_frame   0x000007dc      0x144 /Applications/ArmGNUToolchain/14.2.rel1/arm-none-eabi/bin/../lib/gcc/arm-none-eabi/14.2.1/../../../../arm-none-eabi/lib/thumb/v7-m/nofp/libc_nano.a(libc_a-findfp.o)
 .debug_frame   0x00000920       0x34 /Applications/ArmGNUToolchain/14.2.rel1/arm-none-eabi/bin/../lib/gcc/arm-none-eabi/14.2.1/../../../../arm-none-eabi/lib/thumb/v7-m/nofp/libc_nano.a(libc_a-fwalk.o)
 .debug_frame   0x00000954       0x20 /Applications/ArmGNUToolchain/14.2.rel1/arm-none-eabi/bin/../lib/gcc/arm-none-eabi/14.2.1/../../../../arm-none-eabi/lib/thumb/v7-m/nofp/libc_nano.a(libc_a-memset.o)
 .debug_frame   0x00000974       0x2c /Applications/ArmGNUToolchain/14.2.rel1/arm-none-eabi/bin/../lib/gcc/arm-none-eabi/14.2.1/../../../../arm-none-eabi/lib/thumb/v7-m/nofp/libc_nano.a(libc_a-init.o)
 .debug_frame   0x000009a0       0xb0 /Applications/ArmGNUToolchain/14.2.rel1/arm-none-eabi/bin/../lib/gcc/arm-none-eabi/14.2.1/../../../../arm-none-eabi/lib/thumb/v7-m/nofp/libc_nano.a(libc_a-lock.o)
 .debug_frame   0x00000a50       0x40 /Applications/ArmGNUToolchain/14.2.rel1/arm-none-eabi/bin/../lib/gcc/arm-none-eabi/14.2.1/../../../../arm-none-eabi/lib/thumb/v7-m/nofp/libc_nano.a(libc_a-localeconv.o)
 .debug_frame   0x00000a90       0x28 /Applications/ArmGNUToolchain/14.2.rel1/arm-none-eabi/bin/../lib/gcc/arm-none-eabi/14.2.1/../../../../arm-none-eabi/lib/thumb/v7-m/nofp/libc_nano.a(libc_a-memchr-stub.o)
 .debug_frame   0x00000ab8       0x20 /Applications/ArmGNUToolchain/14.2.rel1/arm-none-eabi/bin/../lib/gcc/arm-none-eabi/14.2.1/../../../../arm-none-eabi/lib/thumb/v7-m/nofp/libc_nano.a(libc_a-strlen.o)
 .debug_frame   0x00000ad8       0x6c /Applications/ArmGNUToolchain/14.2.rel1/arm-none-eabi/bin/../lib/gcc/arm-none-eabi/14.2.1/../../../../arm-none-eabi/lib/thumb/v7-m/nofp/libc_nano.a(libc_a-dtoa.o)
 .debug_frame   0x00000b44       0x30 /Applications/ArmGNUToolchain/14.2.rel1/arm-none-eabi/bin/../lib/gcc/arm-none-eabi/14.2.1/../../../../arm-none-eabi/lib/thumb/v7-m/nofp/libc_nano.a(libc_a-malloc.o)
 .debug_frame   0x00000b74       0x50 /Applications/ArmGNUToolchain/14.2.rel1/arm-none-eabi/bin/../lib/gcc/arm-none-eabi/14.2.1/../../../../arm-none-eabi/lib/thumb/v7-m/nofp/libc_nano.a(libc_a-mallocr.o)
 .debug_frame   0x00000bc4       0x5c /Applications/ArmGNUToolchain/14.2.rel1/arm-none-eabi/bin/../lib/gcc/arm-none-eabi/14.2.1/../../../../arm-none-eabi/lib/thumb/v7-m/nofp/libc_nano.a(libc_a-fflush.o)
 .debug_frame   0x00000c20       0x30 /Applications/ArmGNUToolchain/14.2.rel1/arm-none-eabi/bin/../lib/gcc/arm-none-eabi/14.2.1/../../../../arm-none-eabi/lib/thumb/v7-m/nofp/libc_nano.a(libc_a-mlock.o)
 .debug_frame   0x00000c50      0x25c /Applications/ArmGNUToolchain/14.2.rel1/arm-none-eabi/bin/../lib/gcc/arm-none-eabi/14.2.1/../../../../arm-none-eabi/lib/thumb/v7-m/nofp/libc_nano.a(libc_a-mprec.o)
 .debug_frame   0x00000eac       0x88 /Applications/ArmGNUToolchain/14.2.rel1/arm-none-eabi/bin/../lib/gcc/arm-none-eabi/14.2.1/../../../../arm-none-eabi/lib/thumb/v7-m/nofp/libc_nano.a(libc_a-stdio.o)
 .debug_frame   0x00000f34       0x2c /Applications/ArmGNUToolchain/14.2.rel1/arm-none-eabi/bin/../lib/gcc/arm-none-eabi/14.2.1/../../../../arm-none-eabi/lib/thumb/v7-m/nofp/libc_nano.a(libc_a-lseekr.o)
 .debug_frame   0x00000f60       0x2c /Applications/ArmGNUToolchain/14.2.rel1/arm-none-eabi/bin/../lib/gcc/arm-none-eabi/14.2.1/../../../../arm-none-eabi/lib/thumb/v7-m/nofp/libc_nano.a(libc_a-readr.o)
 .debug_frame   0x00000f8c       0x2c /Applications/ArmGNUToolchain/14.2.rel1/arm-none-eabi/bin/../lib/gcc/arm-none-eabi/14.2.1/../../../../arm-none-eabi/lib/thumb/v7-m/nofp/libc_nano.a(libc_a-sbrkr.o)
 .debug_frame   0x00000fb8       0x2c /Applications/ArmGNUToolchain/14.2.rel1/arm-none-eabi/bin/../lib/gcc/arm-none-eabi/14.2.1/../../../../arm-none-eabi/lib/thumb/v7-m/nofp/libc_nano.a(libc_a-writer.o)
 .debug_frame   0x00000fe4       0x48 /Applications/ArmGNUToolchain/14.2.rel1/arm-none-eabi/bin/../lib/gcc/arm-none-eabi/14.2.1/../../../../arm-none-eabi/lib/thumb/v7-m/nofp/libc_nano.a(libc_a-locale.o)
 .debug_frame   0x0000102c       0x2c /Applications/ArmGNUToolchain/14.2.rel1/arm-none-eabi/bin/../lib/gcc/arm-none-eabi/14.2.1/../../../../arm-none-eabi/lib/thumb/v7-m/nofp/libc_nano.a(libc_a-closer.o)
 .debug_frame   0x00001058       0x38 /Applications/ArmGNUToolchain/14.2.rel1/arm-none-eabi/bin/../lib/gcc/arm-none-eabi/14.2.1/../../../../arm-none-eabi/lib/thumb/v7-m/nofp/libc_nano.a(libc_a-reent.o)
 .debug_frame   0x00001090       0x28 /Applications/ArmGNUToolchain/14.2.rel1/arm-none-eabi/bin/../lib/gcc/arm-none-eabi/14.2.1/../../../../arm-none-eabi/lib/thumb/v7-m/nofp/libc_nano.a(libc_a-memcpy-stub.o)
 .debug_frame   0x000010b8       0x40 /Applications/ArmGNUToolchain/14.2.rel1/arm-none-eabi/bin/../lib/gcc/arm-none-eabi/14.2.1/../../../../arm-none-eabi/lib/thumb/v7-m/nofp/libc_nano.a(libc_a-assert.o)
 .debug_frame   0x000010f8       0x2c /Applications/ArmGNUToolchain/14.2.rel1/arm-none-eabi/bin/../lib/gcc/arm-none-eabi/14.2.1/../../../../arm-none-eabi/lib/thumb/v7-m/nofp/libc_nano.a(libc_a-callocr.o)
 .debug_frame   0x00001124       0x38 /Applications/ArmGNUToolchain/14.2.rel1/arm-none-eabi/bin/../lib/gcc/arm-none-eabi/14.2.1/../../../../arm-none-eabi/lib/thumb/v7-m/nofp/libc_nano.a(libc_a-freer.o)
 .debug_frame   0x0000115c       0x48 /Applications/ArmGNUToolchain/14.2.rel1/arm-none-eabi/bin/../lib/gcc/arm-none-eabi/14.2.1/../../../../arm-none-eabi/lib/thumb/v7-m/nofp/libc_nano.a(libc_a-mbtowc_r.o)
 .debug_frame   0x000011a4       0x64 /Applications/ArmGNUToolchain/14.2.rel1/arm-none-eabi/bin/../lib/gcc/arm-none-eabi/14.2.1/../../../../arm-none-eabi/lib/thumb/v7-m/nofp/libc_nano.a(libc_a-fprintf.o)
 .debug_frame   0x00001208       0x3c /Applications/ArmGNUToolchain/14.2.rel1/arm-none-eabi/bin/../lib/gcc/arm-none-eabi/14.2.1/../../../../arm-none-eabi/lib/thumb/v7-m/nofp/libc_nano.a(libc_a-wctomb_r.o)
 .debug_frame   0x00001244       0x28 /Applications/ArmGNUToolchain/14.2.rel1/arm-none-eabi/bin/../lib/gcc/arm-none-eabi/14.2.1/../../../../arm-none-eabi/lib/thumb/v7-m/nofp/libc_nano.a(libc_a-abort.o)
 .debug_frame   0x0000126c       0xa8 /Applications/ArmGNUToolchain/14.2.rel1/arm-none-eabi/bin/../lib/gcc/arm-none-eabi/14.2.1/../../../../arm-none-eabi/lib/thumb/v7-m/nofp/libc_nano.a(libc_a-nano-vfprintf.o)
 .debug_frame   0x00001314       0x40 /Applications/ArmGNUToolchain/14.2.rel1/arm-none-eabi/bin/../lib/gcc/arm-none-eabi/14.2.1/../../../../arm-none-eabi/lib/thumb/v7-m/nofp/libc_nano.a(libc_a-wbuf.o)
 .debug_frame   0x00001354       0x2c /Applications/ArmGNUToolchain/14.2.rel1/arm-none-eabi/bin/../lib/gcc/arm-none-eabi/14.2.1/../../../../arm-none-eabi/lib/thumb/v7-m/nofp/libc_nano.a(libc_a-wsetup.o)
 .debug_frame   0x00001380       0x58 /Applications/ArmGNUToolchain/14.2.rel1/arm-none-eabi/bin/../lib/gcc/arm-none-eabi/14.2.1/../../../../arm-none-eabi/lib/thumb/v7-m/nofp/libc_nano.a(libc_a-makebuf.o)
 .debug_frame   0x000013d8       0xcc /Applications/ArmGNUToolchain/14.2.rel1/arm-none-eabi/bin/../lib/gcc/arm-none-eabi/14.2.1/../../../../arm-none-eabi/lib/thumb/v7-m/nofp/libc_nano.a(libc_a-signal.o)
 .debug_frame   0x000014a4       0x2c /Applications/ArmGNUToolchain/14.2.rel1/arm-none-eabi/bin/../lib/gcc/arm-none-eabi/14.2.1/../../../../arm-none-eabi/lib/thumb/v7-m/nofp/libc_nano.a(libc_a-isattyr.o)
 .debug_frame   0x000014d0       0x3c /Applications/ArmGNUToolchain/14.2.rel1/arm-none-eabi/bin/../lib/gcc/arm-none-eabi/14.2.1/../../../../arm-none-eabi/lib/thumb/v7-m/nofp/libc_nano.a(libc_a-signalr.o)
 .debug_frame   0x0000150c       0x2c /Applications/ArmGNUToolchain/14.2.rel1/arm-none-eabi/bin/../lib/gcc/arm-none-eabi/14.2.1/../../../../arm-none-eabi/lib/thumb/v7-m/nofp/libc_nano.a(libc_a-fstatr.o)
 .debug_frame   0x00001538       0xac /Applications/ArmGNUToolchain/14.2.rel1/arm-none-eabi/bin/../lib/gcc/arm-none-eabi/14.2.1/thumb/v7-m/nofp/libgcc.a(_arm_addsubdf3.o)
 .debug_frame   0x000015e4       0x50 /Applications/ArmGNUToolchain/14.2.rel1/arm-none-eabi/bin/../lib/gcc/arm-none-eabi/14.2.1/thumb/v7-m/nofp/libgcc.a(_arm_muldivdf3.o)
 .debug_frame   0x00001634       0xc4 /Applications/ArmGNUToolchain/14.2.rel1/arm-none-eabi/bin/../lib/gcc/arm-none-eabi/14.2.1/thumb/v7-m/nofp/libgcc.a(_arm_cmpdf2.o)
 .debug_frame   0x000016f8       0x20 /Applications/ArmGNUToolchain/14.2.rel1/arm-none-eabi/bin/../lib/gcc/arm-none-eabi/14.2.1/thumb/v7-m/nofp/libgcc.a(_arm_unorddf2.o)
 .debug_frame   0x00001718       0x24 /Applications/ArmGNUToolchain/14.2.rel1/arm-none-eabi/bin/../lib/gcc/arm-none-eabi/14.2.1/thumb/v7-m/nofp/libgcc.a(_arm_fixdfsi.o)
 .debug_frame   0x0000173c       0x20 /Applications/ArmGNUToolchain/14.2.rel1/arm-none-eabi/bin/../lib/gcc/arm-none-eabi/14.2.1/../../../../arm-none-eabi/lib/thumb/v7-m/nofp/libnosys.a(close.o)
 .debug_frame   0x0000175c       0x20 /Applications/ArmGNUToolchain/14.2.rel1/arm-none-eabi/bin/../lib/gcc/arm-none-eabi/14.2.1/../../../../arm-none-eabi/lib/thumb/v7-m/nofp/libnosys.a(fstat.o)
 .debug_frame   0x0000177c       0x20 /Applications/ArmGNUToolchain/14.2.rel1/arm-none-eabi/bin/../lib/gcc/arm-none-eabi/14.2.1/../../../../arm-none-eabi/lib/thumb/v7-m/nofp/libnosys.a(getpid.o)
 .debug_frame   0x0000179c       0x20 /Applications/ArmGNUToolchain/14.2.rel1/arm-none-eabi/bin/../lib/gcc/arm-none-eabi/14.2.1/../../../../arm-none-eabi/lib/thumb/v7-m/nofp/libnosys.a(isatty.o)
 .debug_frame   0x000017bc       0x20 /Applications/ArmGNUToolchain/14.2.rel1/arm-none-eabi/bin/../lib/gcc/arm-none-eabi/14.2.1/../../../../arm-none-eabi/lib/thumb/v7-m/nofp/libnosys.a(kill.o)
 .debug_frame   0x000017dc       0x20 /Applications/ArmGNUToolchain/14.2.rel1/arm-none-eabi/bin/../lib/gcc/arm-none-eabi/14.2.1/../../../../arm-none-eabi/lib/thumb/v7-m/nofp/libnosys.a(lseek.o)
 .debug_frame   0x000017fc       0x20 /Applications/ArmGNUToolchain/14.2.rel1/arm-none-eabi/bin/../lib/gcc/arm-none-eabi/14.2.1/../../../../arm-none-eabi/lib/thumb/v7-m/nofp/libnosys.a(read.o)
 .debug_frame   0x0000181c       0x20 /Applications/ArmGNUToolchain/14.2.rel1/arm-none-eabi/bin/../lib/gcc/arm-none-eabi/14.2.1/../../../../arm-none-eabi/lib/thumb/v7-m/nofp/libnosys.a(sbrk.o)
 .debug_frame   0x0000183c       0x20 /Applications/ArmGNUToolchain/14.2.rel1/arm-none-eabi/bin/../lib/gcc/arm-none-eabi/14.2.1/../../../../arm-none-eabi/lib/thumb/v7-m/nofp/libnosys.a(write.o)
 .debug_frame   0x0000185c       0x20 /Applications/ArmGNUToolchain/14.2.rel1/arm-none-eabi/bin/../lib/gcc/arm-none-eabi/14.2.1/../../../../arm-none-eabi/lib/thumb/v7-m/nofp/libnosys.a(_exit.o)

.debug_line_str
                0x00000000      0x22d
 .debug_line_str
                0x00000000      0x22d CMakeFiles/STM32F103C8T6-STD-CMAKE.elf.dir/Start/startup_stm32f103xb.s.obj
                                 0x6a (size before relaxing)
 .debug_line_str
                0x0000022d       0xf0 /Applications/ArmGNUToolchain/14.2.rel1/arm-none-eabi/bin/../lib/gcc/arm-none-eabi/14.2.1/../../../../arm-none-eabi/lib/thumb/v7-m/nofp/libc_nano.a(libc_a-strlen.o)
 .debug_line_str
                0x0000022d       0xd3 /Applications/ArmGNUToolchain/14.2.rel1/arm-none-eabi/bin/../lib/gcc/arm-none-eabi/14.2.1/thumb/v7-m/nofp/libgcc.a(_arm_addsubdf3.o)
 .debug_line_str
                0x0000022d       0xd3 /Applications/ArmGNUToolchain/14.2.rel1/arm-none-eabi/bin/../lib/gcc/arm-none-eabi/14.2.1/thumb/v7-m/nofp/libgcc.a(_arm_muldivdf3.o)
 .debug_line_str
                0x0000022d       0xd3 /Applications/ArmGNUToolchain/14.2.rel1/arm-none-eabi/bin/../lib/gcc/arm-none-eabi/14.2.1/thumb/v7-m/nofp/libgcc.a(_arm_cmpdf2.o)
 .debug_line_str
                0x0000022d       0xd3 /Applications/ArmGNUToolchain/14.2.rel1/arm-none-eabi/bin/../lib/gcc/arm-none-eabi/14.2.1/thumb/v7-m/nofp/libgcc.a(_arm_unorddf2.o)
 .debug_line_str
                0x0000022d       0xd3 /Applications/ArmGNUToolchain/14.2.rel1/arm-none-eabi/bin/../lib/gcc/arm-none-eabi/14.2.1/thumb/v7-m/nofp/libgcc.a(_arm_fixdfsi.o)
