Archive member included to satisfy reference by file (symbol)

/Applications/ArmGNUToolchain/14.2.rel1/arm-none-eabi/bin/../lib/gcc/arm-none-eabi/14.2.1/../../../../arm-none-eabi/lib/thumb/v7-m/nofp/libc_nano.a(libc_a-exit.o)
                              /Applications/ArmGNUToolchain/14.2.rel1/arm-none-eabi/bin/../lib/gcc/arm-none-eabi/14.2.1/../../../../arm-none-eabi/lib/thumb/v7-m/nofp/crt0.o (exit)
/Applications/ArmGNUToolchain/14.2.rel1/arm-none-eabi/bin/../lib/gcc/arm-none-eabi/14.2.1/../../../../arm-none-eabi/lib/thumb/v7-m/nofp/libc_nano.a(libc_a-nano-vfprintf_float.o)
                              (_printf_float)
/Applications/ArmGNUToolchain/14.2.rel1/arm-none-eabi/bin/../lib/gcc/arm-none-eabi/14.2.1/../../../../arm-none-eabi/lib/thumb/v7-m/nofp/libc_nano.a(libc_a-nano-vfprintf_i.o)
                              /Applications/ArmGNUToolchain/14.2.rel1/arm-none-eabi/bin/../lib/gcc/arm-none-eabi/14.2.1/../../../../arm-none-eabi/lib/thumb/v7-m/nofp/libc_nano.a(libc_a-nano-vfprintf_float.o) (_printf_common)
/Applications/ArmGNUToolchain/14.2.rel1/arm-none-eabi/bin/../lib/gcc/arm-none-eabi/14.2.1/../../../../arm-none-eabi/lib/thumb/v7-m/nofp/libc_nano.a(libc_a-findfp.o)
                              /Applications/ArmGNUToolchain/14.2.rel1/arm-none-eabi/bin/../lib/gcc/arm-none-eabi/14.2.1/../../../../arm-none-eabi/lib/thumb/v7-m/nofp/libc_nano.a(libc_a-exit.o) (__stdio_exit_handler)
/Applications/ArmGNUToolchain/14.2.rel1/arm-none-eabi/bin/../lib/gcc/arm-none-eabi/14.2.1/../../../../arm-none-eabi/lib/thumb/v7-m/nofp/libc_nano.a(libc_a-fwalk.o)
                              /Applications/ArmGNUToolchain/14.2.rel1/arm-none-eabi/bin/../lib/gcc/arm-none-eabi/14.2.1/../../../../arm-none-eabi/lib/thumb/v7-m/nofp/libc_nano.a(libc_a-findfp.o) (_fwalk_sglue)
/Applications/ArmGNUToolchain/14.2.rel1/arm-none-eabi/bin/../lib/gcc/arm-none-eabi/14.2.1/../../../../arm-none-eabi/lib/thumb/v7-m/nofp/libc_nano.a(libc_a-memset.o)
                              /Applications/ArmGNUToolchain/14.2.rel1/arm-none-eabi/bin/../lib/gcc/arm-none-eabi/14.2.1/../../../../arm-none-eabi/lib/thumb/v7-m/nofp/crt0.o (memset)
/Applications/ArmGNUToolchain/14.2.rel1/arm-none-eabi/bin/../lib/gcc/arm-none-eabi/14.2.1/../../../../arm-none-eabi/lib/thumb/v7-m/nofp/libc_nano.a(libc_a-init.o)
                              /Applications/ArmGNUToolchain/14.2.rel1/arm-none-eabi/bin/../lib/gcc/arm-none-eabi/14.2.1/../../../../arm-none-eabi/lib/thumb/v7-m/nofp/crt0.o (__libc_init_array)
/Applications/ArmGNUToolchain/14.2.rel1/arm-none-eabi/bin/../lib/gcc/arm-none-eabi/14.2.1/../../../../arm-none-eabi/lib/thumb/v7-m/nofp/libc_nano.a(libc_a-lock.o)
                              /Applications/ArmGNUToolchain/14.2.rel1/arm-none-eabi/bin/../lib/gcc/arm-none-eabi/14.2.1/../../../../arm-none-eabi/lib/thumb/v7-m/nofp/libc_nano.a(libc_a-findfp.o) (__retarget_lock_init_recursive)
/Applications/ArmGNUToolchain/14.2.rel1/arm-none-eabi/bin/../lib/gcc/arm-none-eabi/14.2.1/../../../../arm-none-eabi/lib/thumb/v7-m/nofp/libc_nano.a(libc_a-localeconv.o)
                              /Applications/ArmGNUToolchain/14.2.rel1/arm-none-eabi/bin/../lib/gcc/arm-none-eabi/14.2.1/../../../../arm-none-eabi/lib/thumb/v7-m/nofp/libc_nano.a(libc_a-nano-vfprintf_float.o) (_localeconv_r)
/Applications/ArmGNUToolchain/14.2.rel1/arm-none-eabi/bin/../lib/gcc/arm-none-eabi/14.2.1/../../../../arm-none-eabi/lib/thumb/v7-m/nofp/libc_nano.a(libc_a-impure.o)
                              /Applications/ArmGNUToolchain/14.2.rel1/arm-none-eabi/bin/../lib/gcc/arm-none-eabi/14.2.1/../../../../arm-none-eabi/lib/thumb/v7-m/nofp/libc_nano.a(libc_a-findfp.o) (_impure_data)
/Applications/ArmGNUToolchain/14.2.rel1/arm-none-eabi/bin/../lib/gcc/arm-none-eabi/14.2.1/../../../../arm-none-eabi/lib/thumb/v7-m/nofp/libc_nano.a(libc_a-memchr-stub.o)
                              /Applications/ArmGNUToolchain/14.2.rel1/arm-none-eabi/bin/../lib/gcc/arm-none-eabi/14.2.1/../../../../arm-none-eabi/lib/thumb/v7-m/nofp/libc_nano.a(libc_a-nano-vfprintf_i.o) (memchr)
/Applications/ArmGNUToolchain/14.2.rel1/arm-none-eabi/bin/../lib/gcc/arm-none-eabi/14.2.1/../../../../arm-none-eabi/lib/thumb/v7-m/nofp/libc_nano.a(libc_a-strlen.o)
                              /Applications/ArmGNUToolchain/14.2.rel1/arm-none-eabi/bin/../lib/gcc/arm-none-eabi/14.2.1/../../../../arm-none-eabi/lib/thumb/v7-m/nofp/libc_nano.a(libc_a-nano-vfprintf_float.o) (strlen)
/Applications/ArmGNUToolchain/14.2.rel1/arm-none-eabi/bin/../lib/gcc/arm-none-eabi/14.2.1/../../../../arm-none-eabi/lib/thumb/v7-m/nofp/libc_nano.a(libc_a-dtoa.o)
                              /Applications/ArmGNUToolchain/14.2.rel1/arm-none-eabi/bin/../lib/gcc/arm-none-eabi/14.2.1/../../../../arm-none-eabi/lib/thumb/v7-m/nofp/libc_nano.a(libc_a-nano-vfprintf_float.o) (_dtoa_r)
/Applications/ArmGNUToolchain/14.2.rel1/arm-none-eabi/bin/../lib/gcc/arm-none-eabi/14.2.1/../../../../arm-none-eabi/lib/thumb/v7-m/nofp/libc_nano.a(libc_a-malloc.o)
[...]
Memory Configuration

Name             Origin             Length             Attributes
RAM              0x20000000         0x00005000         xrw
FLASH            0x08000000         0x00010000         xr
*default*        0x00000000         0xffffffff

Linker script and memory map

LOAD /Applications/ArmGNUToolchain/14.2.rel1/arm-none-eabi/bin/../lib/gcc/arm-none-eabi/14.2.1/thumb/v7-m/nofp/crti.o
LOAD /Applications/ArmGNUToolchain/14.2.rel1/arm-none-eabi/bin/../lib/gcc/arm-none-eabi/14.2.1/thumb/v7-m/nofp/crtbegin.o
LOAD /Applications/ArmGNUToolchain/14.2.rel1/arm-none-eabi/bin/../lib/gcc/arm-none-eabi/14.2.1/../../../../arm-none-eabi/lib/thumb/v7-m/nofp/crt0.o
LOAD CMakeFiles/STM32F103C8T6-STD-CMAKE.elf.dir/Hardware/Key.c.obj
LOAD CMakeFiles/STM32F103C8T6-STD-CMAKE.elf.dir/Hardware/LED.c.obj
LOAD CMakeFiles/STM32F103C8T6-STD-CMAKE.elf.dir/Hardware/MPU6050.c.obj
LOAD CMakeFiles/STM32F103C8T6-STD-CMAKE.elf.dir/Hardware/MyI2C.c.obj
LOAD CMakeFiles/STM32F103C8T6-STD-CMAKE.elf.dir/Hardware/OLED.c.obj
LOAD CMakeFiles/STM32F103C8T6-STD-CMAKE.elf.dir/Library/misc.c.obj
LOAD CMakeFiles/STM32F103C8T6-STD-CMAKE.elf.dir/Library/stm32f10x_adc.c.obj
LOAD CMakeFiles/STM32F103C8T6-STD-CMAKE.elf.dir/Library/stm32f10x_bkp.c.obj
LOAD CMakeFiles/STM32F103C8T6-STD-CMAKE.elf.dir/Library/stm32f10x_can.c.obj
LOAD CMakeFiles/STM32F103C8T6-STD-CMAKE.elf.dir/Library/stm32f10x_cec.c.obj
LOAD CMakeFiles/STM32F103C8T6-STD-CMAKE.elf.dir/Library/stm32f10x_crc.c.obj
LOAD CMakeFiles/STM32F103C8T6-STD-CMAKE.elf.dir/Library/stm32f10x_dac.c.obj
LOAD CMakeFiles/STM32F103C8T6-STD-CMAKE.elf.dir/Library/stm32f10x_dbgmcu.c.obj
LOAD CMakeFiles/STM32F103C8T6-STD-CMAKE.elf.dir/Library/stm32f10x_dma.c.obj
LOAD CMakeFiles/STM32F103C8T6-STD-CMAKE.elf.dir/Library/stm32f10x_exti.c.obj
LOAD CMakeFiles/STM32F103C8T6-STD-CMAKE.elf.dir/Library/stm32f10x_flash.c.obj
LOAD CMakeFiles/STM32F103C8T6-STD-CMAKE.elf.dir/Library/stm32f10x_fsmc.c.obj
LOAD CMakeFiles/STM32F103C8T6-STD-CMAKE.elf.dir/Library/stm32f10x_gpio.c.obj
LOAD CMakeFiles/STM32F103C8T6-STD-CMAKE.elf.dir/Library/stm32f10x_i2c.c.obj
LOAD CMakeFiles/STM32F103C8T6-STD-CMAKE.elf.dir/Library/stm32f10x_iwdg.c.obj
LOAD CMakeFiles/STM32F103C8T6-STD-CMAKE.elf.dir/Library/stm32f10x_pwr.c.obj
LOAD CMakeFiles/STM32F103C8T6-STD-CMAKE.elf.dir/Library/stm32f10x_rcc.c.obj
LOAD CMakeFiles/STM32F103C8T6-STD-CMAKE.elf.dir/Library/stm32f10x_rtc.c.obj
LOAD CMakeFiles/STM32F103C8T6-STD-CMAKE.elf.dir/Library/stm32f10x_sdio.c.obj
LOAD CMakeFiles/STM32F103C8T6-STD-CMAKE.elf.dir/Library/stm32f10x_spi.c.obj
LOAD CMakeFiles/STM32F103C8T6-STD-CMAKE.elf.dir/Library/stm32f10x_tim.c.obj
LOAD CMakeFiles/STM32F103C8T6-STD-CMAKE.elf.dir/Library/stm32f10x_usart.c.obj
LOAD CMakeFiles/STM32F103C8T6-STD-CMAKE.elf.dir/Library/stm32f10x_wwdg.c.obj
LOAD CMakeFiles/STM32F103C8T6-STD-CMAKE.elf.dir/Start/core_cm3.c.obj
LOAD CMakeFiles/STM32F103C8T6-STD-CMAKE.elf.dir/Start/startup_stm32f103xb.s.obj
LOAD CMakeFiles/STM32F103C8T6-STD-CMAKE.elf.dir/Start/system_stm32f10x.c.obj
LOAD CMakeFiles/STM32F103C8T6-STD-CMAKE.elf.dir/System/Delay.c.obj
LOAD CMakeFiles/STM32F103C8T6-STD-CMAKE.elf.dir/User/main.c.obj
LOAD CMakeFiles/STM32F103C8T6-STD-CMAKE.elf.dir/User/stm32f10x_it.c.obj
START GROUP
LOAD /Applications/ArmGNUToolchain/14.2.rel1/arm-none-eabi/bin/../lib/gcc/arm-none-eabi/14.2.1/thumb/v7-m/nofp/libgcc.a
LOAD /Applications/ArmGNUToolchain/14.2.rel1/arm-none-eabi/bin/../lib/gcc/arm-none-eabi/14.2.1/../../../../arm-none-eabi/lib/thumb/v7-m/nofp/libc_nano.a
END GROUP
START GROUP
LOAD /Applications/ArmGNUToolchain/14.2.rel1/arm-none-eabi/bin/../lib/gcc/arm-none-eabi/14.2.1/thumb/v7-m/nofp/libgcc.a
LOAD /Applications/ArmGNUToolchain/14.2.rel1/arm-none-eabi/bin/../lib/gcc/arm-none-eabi/14.2.1/../../../../arm-none-eabi/lib/thumb/v7-m/nofp/libc_nano.a
LOAD /Applications/ArmGNUToolchain/14.2.rel1/arm-none-eabi/bin/../lib/gcc/arm-none-eabi/14.2.1/../../../../arm-none-eabi/lib/thumb/v7-m/nofp/libnosys.a
END GROUP
START GROUP
LOAD /Applications/ArmGNUToolchain/14.2.rel1/arm-none-eabi/bin/../lib/gcc/arm-none-eabi/14.2.1/thumb/v7-m/nofp/libgcc.a
LOAD /Applications/ArmGNUToolchain/14.2.rel1/arm-none-eabi/bin/../lib/gcc/arm-none-eabi/14.2.1/../../../../arm-none-eabi/lib/thumb/v7-m/nofp/libc_nano.a
LOAD /Applications/ArmGNUToolchain/14.2.rel1/arm-none-eabi/bin/../lib/gcc/arm-none-eabi/14.2.1/../../../../arm-none-eabi/lib/thumb/v7-m/nofp/libnosys.a
END GROUP
LOAD /Applications/ArmGNUToolchain/14.2.rel1/arm-none-eabi/bin/../lib/gcc/arm-none-eabi/14.2.1/thumb/v7-m/nofp/crtend.o
LOAD /Applications/ArmGNUToolchain/14.2.rel1/arm-none-eabi/bin/../lib/gcc/arm-none-eabi/14.2.1/thumb/v7-m/nofp/crtn.o
                0x20005000                        _estack = (ORIGIN (RAM) + LENGTH (RAM))
                0x00000200                        _Min_Heap_Size = 0x200
                0x00000400                        _Min_Stack_Size = 0x400

.isr_vector     0x08000000      0x10c
                0x08000000                        . = ALIGN (0x4)
 *(.isr_vector)
 .isr_vector    0x08000000      0x10c CMakeFiles/STM32F103C8T6-STD-CMAKE.elf.dir/Start/startup_stm32f103xb.s.obj
                0x08000000                g_pfnVectors
                0x0800010c                        . = ALIGN (0x4)

.text           0x08000110     0x3f34
                0x08000110                        . = ALIGN (0x4)
 *(.text)
 .text          0x08000110       0x10 /Applications/ArmGNUToolchain/14.2.rel1/arm-none-eabi/bin/../lib/gcc/arm-none-eabi/14.2.1/../../../../arm-none-eabi/lib/thumb/v7-m/nofp/libc_nano.a(libc_a-strlen.o)
                0x08000110                strlen
 .text          0x08000120      0x378 /Applications/ArmGNUToolchain/14.2.rel1/arm-none-eabi/bin/../lib/gcc/arm-none-eabi/14.2.1/thumb/v7-m/nofp/libgcc.a(_arm_addsubdf3.o)
                0x08000120                __aeabi_drsub
                0x08000128                __subdf3
                0x08000128                __aeabi_dsub
                0x0800012c                __aeabi_dadd
                0x0800012c                __adddf3
                0x080003a4                __aeabi_ui2d
                0x080003a4                __floatunsidf
                0x080003c4                __floatsidf
                0x080003c4                __aeabi_i2d
                0x080003e8                __extendsfdf2
                0x080003e8                __aeabi_f2d
                0x0800042c                __aeabi_ul2d
                0x0800042c                __floatundidf
                0x0800043c                __aeabi_l2d
                0x0800043c                __floatdidf
 .text          0x08000498      0x424 /Applications/ArmGNUToolchain/14.2.rel1/arm-none-eabi/bin/../lib/gcc/arm-none-eabi/14.2.1/thumb/v7-m/nofp/libgcc.a(_arm_muldivdf3.o)
                0x08000498                __aeabi_dmul
                0x08000498                __muldf3
                0x080006ec                __aeabi_ddiv
                0x080006ec                __divdf3
 .text          0x080008bc      0x110 /Applications/ArmGNUToolchain/14.2.rel1/arm-none-eabi/bin/../lib/gcc/arm-none-eabi/14.2.1/thumb/v7-m/nofp/libgcc.a(_arm_cmpdf2.o)
                0x080008bc                __gedf2
                0x080008bc                __gtdf2
                0x080008c4                __ledf2
                0x080008c4                __ltdf2
                0x080008cc                __cmpdf2
                0x080008cc                __eqdf2
                0x080008cc                __nedf2
                0x08000948                __aeabi_cdrcmple
                0x08000958                __aeabi_cdcmple
                0x08000958                __aeabi_cdcmpeq
                0x08000968                __aeabi_dcmpeq
                0x0800097c                __aeabi_dcmplt
                0x08000990                __aeabi_dcmple
                0x080009a4                __aeabi_dcmpge
                0x080009b8                __aeabi_dcmpgt
 .text          0x080009cc       0x2c /Applications/ArmGNUToolchain/14.2.rel1/arm-none-eabi/bin/../lib/gcc/arm-none-eabi/14.2.1/thumb/v7-m/nofp/libgcc.a(_arm_unorddf2.o)
                0x080009cc                __aeabi_dcmpun
                0x080009cc                __unorddf2
 .text          0x080009f8       0x50 /Applications/ArmGNUToolchain/14.2.rel1/arm-none-eabi/bin/../lib/gcc/arm-none-eabi/14.2.1/thumb/v7-m/nofp/libgcc.a(_arm_fixdfsi.o)
                0x080009f8                __fixdfsi
                0x080009f8                __aeabi_d2iz
 *(.text*)
 .text.deregister_tm_clones
                0x08000a48       0x1c /Applications/ArmGNUToolchain/14.2.rel1/arm-none-eabi/bin/../lib/gcc/arm-none-eabi/14.2.1/thumb/v7-m/nofp/crtbegin.o
 .text.register_tm_clones
                0x08000a64       0x24 /Applications/ArmGNUToolchain/14.2.rel1/arm-none-eabi/bin/../lib/gcc/arm-none-eabi/14.2.1/thumb/v7-m/nofp/crtbegin.o
 .text.__do_global_dtors_aux
                0x08000a88       0x28 /Applications/ArmGNUToolchain/14.2.rel1/arm-none-eabi/bin/../lib/gcc/arm-none-eabi/14.2.1/thumb/v7-m/nofp/crtbegin.o
 .text.frame_dummy
                0x08000ab0       0x24 /Applications/ArmGNUToolchain/14.2.rel1/arm-none-eabi/bin/../lib/gcc/arm-none-eabi/14.2.1/thumb/v7-m/nofp/crtbegin.o
 .text.MPU6050_WaitEvent
                0x08000ad4       0x1c CMakeFiles/STM32F103C8T6-STD-CMAKE.elf.dir/Hardware/MPU6050.c.obj
                0x08000ad4                MPU6050_WaitEvent
 .text.MPU6050_WriteReg
                0x08000af0       0x68 CMakeFiles/STM32F103C8T6-STD-CMAKE.elf.dir/Hardware/MPU6050.c.obj
                0x08000af0                MPU6050_WriteReg
 .text.MPU6050_ReadReg
                0x08000b58       0xa0 CMakeFiles/STM32F103C8T6-STD-CMAKE.elf.dir/Hardware/MPU6050.c.obj
                0x08000b58                MPU6050_ReadReg
 .text.MPU6050_Init
                0x08000bf8       0xa8 CMakeFiles/STM32F103C8T6-STD-CMAKE.elf.dir/Hardware/MPU6050.c.obj
                0x08000bf8                MPU6050_Init
 .text.MPU6050_GetID
                0x08000ca0        0xa CMakeFiles/STM32F103C8T6-STD-CMAKE.elf.dir/Hardware/MPU6050.c.obj
                0x08000ca0                MPU6050_GetID
 .text.MPU6050_GetData
                0x08000caa       0x8c CMakeFiles/STM32F103C8T6-STD-CMAKE.elf.dir/Hardware/MPU6050.c.obj
                0x08000caa                MPU6050_GetData
 *fill*         0x08000d36        0x2 
 .text.OLED_I2C_Init
                0x08000d38       0x58 CMakeFiles/STM32F103C8T6-STD-CMAKE.elf.dir/Hardware/OLED.c.obj
                0x08000d38                OLED_I2C_Init
 .text.OLED_I2C_Start
                0x08000d90       0x3c CMakeFiles/STM32F103C8T6-STD-CMAKE.elf.dir/Hardware/OLED.c.obj
                0x08000d90                OLED_I2C_Start
 .text.OLED_I2C_Stop
                0x08000dcc       0x30 CMakeFiles/STM32F103C8T6-STD-CMAKE.elf.dir/Hardware/OLED.c.obj
                0x08000dcc                OLED_I2C_Stop
 .text.OLED_I2C_SendByte
                0x08000dfc       0x60 CMakeFiles/STM32F103C8T6-STD-CMAKE.elf.dir/Hardware/OLED.c.obj
                0x08000dfc                OLED_I2C_SendByte
 .text.OLED_WriteCommand
                0x08000e5c       0x20 CMakeFiles/STM32F103C8T6-STD-CMAKE.elf.dir/Hardware/OLED.c.obj
                0x08000e5c                OLED_WriteCommand
 .text.OLED_WriteData
                0x08000e7c       0x20 CMakeFiles/STM32F103C8T6-STD-CMAKE.elf.dir/Hardware/OLED.c.obj
                0x08000e7c                OLED_WriteData
 .text.OLED_SetCursor
                0x08000e9c       0x20 CMakeFiles/STM32F103C8T6-STD-CMAKE.elf.dir/Hardware/OLED.c.obj
                0x08000e9c                OLED_SetCursor
 .text.OLED_Clear
                0x08000ebc       0x2c CMakeFiles/STM32F103C8T6-STD-CMAKE.elf.dir/Hardware/OLED.c.obj
                0x08000ebc                OLED_Clear
 .text.OLED_ShowChar
                0x08000ee8       0x6c CMakeFiles/STM32F103C8T6-STD-CMAKE.elf.dir/Hardware/OLED.c.obj
                0x08000ee8                OLED_ShowChar
 .text.OLED_ShowString
                0x08000f54       0x22 CMakeFiles/STM32F103C8T6-STD-CMAKE.elf.dir/Hardware/OLED.c.obj
                0x08000f54                OLED_ShowString
 .text.OLED_Pow
                0x08000f76       0x14 CMakeFiles/STM32F103C8T6-STD-CMAKE.elf.dir/Hardware/OLED.c.obj
                0x08000f76                OLED_Pow
 *fill*         0x08000f8a        0x2 
 .text.OLED_ShowSignedNum
                0x08000f8c       0x64 CMakeFiles/STM32F103C8T6-STD-CMAKE.elf.dir/Hardware/OLED.c.obj
                0x08000f8c                OLED_ShowSignedNum
 .text.OLED_ShowHexNum
                0x08000ff0       0x4c CMakeFiles/STM32F103C8T6-STD-CMAKE.elf.dir/Hardware/OLED.c.obj
                0x08000ff0                OLED_ShowHexNum
 .text.OLED_Init
                0x0800103c       0xae CMakeFiles/STM32F103C8T6-STD-CMAKE.elf.dir/Hardware/OLED.c.obj
                0x0800103c                OLED_Init
 .text.GPIO_Init
                0x080010ea       0xb0 CMakeFiles/STM32F103C8T6-STD-CMAKE.elf.dir/Library/stm32f10x_gpio.c.obj
                0x080010ea                GPIO_Init
 .text.GPIO_WriteBit
                0x0800119a        0xa CMakeFiles/STM32F103C8T6-STD-CMAKE.elf.dir/Library/stm32f10x_gpio.c.obj
                0x0800119a                GPIO_WriteBit
 .text.I2C_Init
                0x080011a4       0xd8 CMakeFiles/STM32F103C8T6-STD-CMAKE.elf.dir/Library/stm32f10x_i2c.c.obj
                0x080011a4                I2C_Init
 .text.I2C_Cmd  0x0800127c       0x1c CMakeFiles/STM32F103C8T6-STD-CMAKE.elf.dir/Library/stm32f10x_i2c.c.obj
                0x0800127c                I2C_Cmd
 .text.I2C_GenerateSTART
                0x08001298       0x1c CMakeFiles/STM32F103C8T6-STD-CMAKE.elf.dir/Library/stm32f10x_i2c.c.obj
                0x08001298                I2C_GenerateSTART
 .text.I2C_GenerateSTOP
                0x080012b4       0x1c CMakeFiles/STM32F103C8T6-STD-CMAKE.elf.dir/Library/stm32f10x_i2c.c.obj
                0x080012b4                I2C_GenerateSTOP
 .text.I2C_AcknowledgeConfig
                0x080012d0       0x1c CMakeFiles/STM32F103C8T6-STD-CMAKE.elf.dir/Library/stm32f10x_i2c.c.obj
                0x080012d0                I2C_AcknowledgeConfig
 .text.I2C_SendData
                0x080012ec        0x4 CMakeFiles/STM32F103C8T6-STD-CMAKE.elf.dir/Library/stm32f10x_i2c.c.obj
                0x080012ec                I2C_SendData
 .text.I2C_ReceiveData
                0x080012f0        0x6 CMakeFiles/STM32F103C8T6-STD-CMAKE.elf.dir/Library/stm32f10x_i2c.c.obj
                0x080012f0                I2C_ReceiveData
 .text.I2C_Send7bitAddress
                0x080012f6       0x10 CMakeFiles/STM32F103C8T6-STD-CMAKE.elf.dir/Library/stm32f10x_i2c.c.obj
                0x080012f6                I2C_Send7bitAddress
 .text.I2C_CheckEvent
                0x08001306       0x1a CMakeFiles/STM32F103C8T6-STD-CMAKE.elf.dir/Library/stm32f10x_i2c.c.obj
                0x08001306                I2C_CheckEvent
 .text.RCC_GetClocksFreq
                0x08001320       0xb4 CMakeFiles/STM32F103C8T6-STD-CMAKE.elf.dir/Library/stm32f10x_rcc.c.obj
                0x08001320                RCC_GetClocksFreq
 .text.RCC_APB2PeriphClockCmd
                0x080013d4       0x1c CMakeFiles/STM32F103C8T6-STD-CMAKE.elf.dir/Library/stm32f10x_rcc.c.obj
                0x080013d4                RCC_APB2PeriphClockCmd
 .text.RCC_APB1PeriphClockCmd
                0x080013f0       0x1c CMakeFiles/STM32F103C8T6-STD-CMAKE.elf.dir/Library/stm32f10x_rcc.c.obj
                0x080013f0                RCC_APB1PeriphClockCmd
 .text.Reset_Handler
                0x0800140c       0x48 CMakeFiles/STM32F103C8T6-STD-CMAKE.elf.dir/Start/startup_stm32f103xb.s.obj
                0x0800140c                Reset_Handler
 .text.Default_Handler
                0x08001454        0x2 CMakeFiles/STM32F103C8T6-STD-CMAKE.elf.dir/Start/startup_stm32f103xb.s.obj
                0x08001454                USBWakeUp_IRQHandler
                0x08001454                EXTI2_IRQHandler
                0x08001454                TIM1_CC_IRQHandler
                0x08001454                PVD_IRQHandler
                0x08001454                EXTI3_IRQHandler
                0x08001454                EXTI0_IRQHandler
                0x08001454                I2C2_EV_IRQHandler
                0x08001454                ADC1_2_IRQHandler
                0x08001454                SPI1_IRQHandler
                0x08001454                TAMPER_IRQHandler
                0x08001454                DMA1_Channel4_IRQHandler
                0x08001454                USART3_IRQHandler
                0x08001454                RTC_IRQHandler
                0x08001454                DMA1_Channel7_IRQHandler
                0x08001454                CAN1_RX1_IRQHandler
                0x08001454                TIM4_IRQHandler
                0x08001454                I2C1_EV_IRQHandler
                0x08001454                DMA1_Channel6_IRQHandler
                0x08001454                TIM3_IRQHandler
                0x08001454                RCC_IRQHandler
                0x08001454                TIM1_TRG_COM_IRQHandler
                0x08001454                DMA1_Channel1_IRQHandler
                0x08001454                Default_Handler
                0x08001454                EXTI15_10_IRQHandler
                0x08001454                EXTI9_5_IRQHandler
                0x08001454                SPI2_IRQHandler
                0x08001454                DMA1_Channel5_IRQHandler
                0x08001454                EXTI4_IRQHandler
                0x08001454                USB_LP_CAN1_RX0_IRQHandler
                0x08001454                USB_HP_CAN1_TX_IRQHandler
                0x08001454                DMA1_Channel3_IRQHandler
                0x08001454                TIM1_UP_IRQHandler
                0x08001454                WWDG_IRQHandler
                0x08001454                TIM2_IRQHandler
                0x08001454                TIM1_BRK_IRQHandler
                0x08001454                EXTI1_IRQHandler
                0x08001454                USART2_IRQHandler
                0x08001454                I2C2_ER_IRQHandler
                0x08001454                DMA1_Channel2_IRQHandler
                0x08001454                CAN1_SCE_IRQHandler
                0x08001454                FLASH_IRQHandler
                0x08001454                USART1_IRQHandler
                0x08001454                I2C1_ER_IRQHandler
                0x08001454                RTC_Alarm_IRQHandler
 *fill*         0x08001456        0x2 
 .text.SetSysClockTo72
                0x08001458       0xc4 CMakeFiles/STM32F103C8T6-STD-CMAKE.elf.dir/Start/system_stm32f10x.c.obj
 .text.SetSysClock
                0x0800151c        0x8 CMakeFiles/STM32F103C8T6-STD-CMAKE.elf.dir/Start/system_stm32f10x.c.obj
 .text.SystemInit
                0x08001524       0x50 CMakeFiles/STM32F103C8T6-STD-CMAKE.elf.dir/Start/system_stm32f10x.c.obj
                0x08001524                SystemInit
 .text.main     0x08001574       0xc0 CMakeFiles/STM32F103C8T6-STD-CMAKE.elf.dir/User/main.c.obj
                0x08001574                main
 .text.NMI_Handler
                0x08001634        0x2 CMakeFiles/STM32F103C8T6-STD-CMAKE.elf.dir/User/stm32f10x_it.c.obj
                0x08001634                NMI_Handler
 .text.HardFault_Handler
                0x08001636        0x2 CMakeFiles/STM32F103C8T6-STD-CMAKE.elf.dir/User/stm32f10x_it.c.obj
                0x08001636                HardFault_Handler
 .text.MemManage_Handler
                0x08001638        0x2 CMakeFiles/STM32F103C8T6-STD-CMAKE.elf.dir/User/stm32f10x_it.c.obj
                0x08001638                MemManage_Handler
 .text.BusFault_Handler
                0x0800163a        0x2 CMakeFiles/STM32F103C8T6-STD-CMAKE.elf.dir/User/stm32f10x_it.c.obj
                0x0800163a                BusFault_Handler
 .text.UsageFault_Handler
                0x0800163c        0x2 CMakeFiles/STM32F103C8T6-STD-CMAKE.elf.dir/User/stm32f10x_it.c.obj
                0x0800163c                UsageFault_Handler
 .text.SVC_Handler
                0x0800163e        0x2 CMakeFiles/STM32F103C8T6-STD-CMAKE.elf.dir/User/stm32f10x_it.c.obj
                0x0800163e                SVC_Handler
 .text.DebugMon_Handler
                0x08001640        0x2 CMakeFiles/STM32F103C8T6-STD-CMAKE.elf.dir/User/stm32f10x_it.c.obj
                0x08001640                DebugMon_Handler
 .text.PendSV_Handler
                0x08001642        0x2 CMakeFiles/STM32F103C8T6-STD-CMAKE.elf.dir/User/stm32f10x_it.c.obj
                0x08001642                PendSV_Handler
 .text.SysTick_Handler
                0x08001644        0x2 CMakeFiles/STM32F103C8T6-STD-CMAKE.elf.dir/User/stm32f10x_it.c.obj
                0x08001644                SysTick_Handler
 .text.__cvt    0x08001646       0xc8 /Applications/ArmGNUToolchain/14.2.rel1/arm-none-eabi/bin/../lib/gcc/arm-none-eabi/14.2.1/../../../../arm-none-eabi/lib/thumb/v7-m/nofp/libc_nano.a(libc_a-nano-vfprintf_float.o)
                0x08001646                __cvt
 .text.__exponent
                0x0800170e       0x74 /Applications/ArmGNUToolchain/14.2.rel1/arm-none-eabi/bin/../lib/gcc/arm-none-eabi/14.2.1/../../../../arm-none-eabi/lib/thumb/v7-m/nofp/libc_nano.a(libc_a-nano-vfprintf_float.o)
                0x0800170e                __exponent
 *fill*         0x08001782        0x2 
 .text._printf_float
                0x08001784      0x458 /Applications/ArmGNUToolchain/14.2.rel1/arm-none-eabi/bin/../lib/gcc/arm-none-eabi/14.2.1/../../../../arm-none-eabi/lib/thumb/v7-m/nofp/libc_nano.a(libc_a-nano-vfprintf_float.o)
                0x08001784                _printf_float
 .text._printf_common
                0x08001bdc       0xe4 /Applications/ArmGNUToolchain/14.2.rel1/arm-none-eabi/bin/../lib/gcc/arm-none-eabi/14.2.1/../../../../arm-none-eabi/lib/thumb/v7-m/nofp/libc_nano.a(libc_a-nano-vfprintf_i.o)
                0x08001bdc                _printf_common
 .text._printf_i
                0x08001cc0      0x240 /Applications/ArmGNUToolchain/14.2.rel1/arm-none-eabi/bin/../lib/gcc/arm-none-eabi/14.2.1/../../../../arm-none-eabi/lib/thumb/v7-m/nofp/libc_nano.a(libc_a-nano-vfprintf_i.o)
                0x08001cc0                _printf_i
 .text.std      0x08001f00       0x6c /Applications/ArmGNUToolchain/14.2.rel1/arm-none-eabi/bin/../lib/gcc/arm-none-eabi/14.2.1/../../../../arm-none-eabi/lib/thumb/v7-m/nofp/libc_nano.a(libc_a-findfp.o)
 .text.stdio_exit_handler
                0x08001f6c       0x18 /Applications/ArmGNUToolchain/14.2.rel1/arm-none-eabi/bin/../lib/gcc/arm-none-eabi/14.2.1/../../../../arm-none-eabi/lib/thumb/v7-m/nofp/libc_nano.a(libc_a-findfp.o)
 .text.cleanup_stdio
                0x08001f84       0x40 /Applications/ArmGNUToolchain/14.2.rel1/arm-none-eabi/bin/../lib/gcc/arm-none-eabi/14.2.1/../../../../arm-none-eabi/lib/thumb/v7-m/nofp/libc_nano.a(libc_a-findfp.o)
 .text.global_stdio_init.part.0
                0x08001fc4       0x40 /Applications/ArmGNUToolchain/14.2.rel1/arm-none-eabi/bin/../lib/gcc/arm-none-eabi/14.2.1/../../../../arm-none-eabi/lib/thumb/v7-m/nofp/libc_nano.a(libc_a-findfp.o)
 .text.__sfp_lock_acquire
                0x08002004        0xc /Applications/ArmGNUToolchain/14.2.rel1/arm-none-eabi/bin/../lib/gcc/arm-none-eabi/14.2.1/../../../../arm-none-eabi/lib/thumb/v7-m/nofp/libc_nano.a(libc_a-findfp.o)
                0x08002004                __sfp_lock_acquire
 .text.__sfp_lock_release
                0x08002010        0xc /Applications/ArmGNUToolchain/14.2.rel1/arm-none-eabi/bin/../lib/gcc/arm-none-eabi/14.2.1/../../../../arm-none-eabi/lib/thumb/v7-m/nofp/libc_nano.a(libc_a-findfp.o)
                0x08002010                __sfp_lock_release
 .text.__sinit  0x0800201c       0x30 /Applications/ArmGNUToolchain/14.2.rel1/arm-none-eabi/bin/../lib/gcc/arm-none-eabi/14.2.1/../../../../arm-none-eabi/lib/thumb/v7-m/nofp/libc_nano.a(libc_a-findfp.o)
                0x0800201c                __sinit
 .text._fwalk_sglue
                0x0800204c       0x3c /Applications/ArmGNUToolchain/14.2.rel1/arm-none-eabi/bin/../lib/gcc/arm-none-eabi/14.2.1/../../../../arm-none-eabi/lib/thumb/v7-m/nofp/libc_nano.a(libc_a-fwalk.o)
                0x0800204c                _fwalk_sglue
 .text.memset   0x08002088       0x10 /Applications/ArmGNUToolchain/14.2.rel1/arm-none-eabi/bin/../lib/gcc/arm-none-eabi/14.2.1/../../../../arm-none-eabi/lib/thumb/v7-m/nofp/libc_nano.a(libc_a-memset.o)
                0x08002088                memset
 .text.__libc_init_array
                0x08002098       0x48 /Applications/ArmGNUToolchain/14.2.rel1/arm-none-eabi/bin/../lib/gcc/arm-none-eabi/14.2.1/../../../../arm-none-eabi/lib/thumb/v7-m/nofp/libc_nano.a(libc_a-init.o)
                0x08002098                __libc_init_array
 .text.__retarget_lock_init_recursive
                0x080020e0        0x2 /Applications/ArmGNUToolchain/14.2.rel1/arm-none-eabi/bin/../lib/gcc/arm-none-eabi/14.2.1/../../../../arm-none-eabi/lib/thumb/v7-m/nofp/libc_nano.a(libc_a-lock.o)
                0x080020e0                __retarget_lock_init_recursive
 .text.__retarget_lock_acquire_recursive
                0x080020e2        0x2 /Applications/ArmGNUToolchain/14.2.rel1/arm-none-eabi/bin/../lib/gcc/arm-none-eabi/14.2.1/../../../../arm-none-eabi/lib/thumb/v7-m/nofp/libc_nano.a(libc_a-lock.o)
                0x080020e2                __retarget_lock_acquire_recursive
 .text.__retarget_lock_release_recursive
                0x080020e4        0x2 /Applications/ArmGNUToolchain/14.2.rel1/arm-none-eabi/bin/../lib/gcc/arm-none-eabi/14.2.1/../../../../arm-none-eabi/lib/thumb/v7-m/nofp/libc_nano.a(libc_a-lock.o)
                0x080020e4                __retarget_lock_release_recursive
 *fill*         0x080020e6        0x2 
 .text._localeconv_r
                0x080020e8        0x8 /Applications/ArmGNUToolchain/14.2.rel1/arm-none-eabi/bin/../lib/gcc/arm-none-eabi/14.2.1/../../../../arm-none-eabi/lib/thumb/v7-m/nofp/libc_nano.a(libc_a-localeconv.o)
                0x080020e8                _localeconv_r
 .text.memchr   0x080020f0       0x1c /Applications/ArmGNUToolchain/14.2.rel1/arm-none-eabi/bin/../lib/gcc/arm-none-eabi/14.2.1/../../../../arm-none-eabi/lib/thumb/v7-m/nofp/libc_nano.a(libc_a-memchr-stub.o)
                0x080020f0                memchr
 .text.quorem   0x0800210c      0x110 /Applications/ArmGNUToolchain/14.2.rel1/arm-none-eabi/bin/../lib/gcc/arm-none-eabi/14.2.1/../../../../arm-none-eabi/lib/thumb/v7-m/nofp/libc_nano.a(libc_a-dtoa.o)
 *fill*         0x0800221c        0x4 
 .text._dtoa_r  0x08002220      0xbcc /Applications/ArmGNUToolchain/14.2.rel1/arm-none-eabi/bin/../lib/gcc/arm-none-eabi/14.2.1/../../../../arm-none-eabi/lib/thumb/v7-m/nofp/libc_nano.a(libc_a-dtoa.o)
                0x08002220                _dtoa_r
 .text.malloc   0x08002dec       0x10 /Applications/ArmGNUToolchain/14.2.rel1/arm-none-eabi/bin/../lib/gcc/arm-none-eabi/14.2.1/../../../../arm-none-eabi/lib/thumb/v7-m/nofp/libc_nano.a(libc_a-malloc.o)
                0x08002dec                malloc
 .text.sbrk_aligned
                0x08002dfc       0x44 /Applications/ArmGNUToolchain/14.2.rel1/arm-none-eabi/bin/../lib/gcc/arm-none-eabi/14.2.1/../../../../arm-none-eabi/lib/thumb/v7-m/nofp/libc_nano.a(libc_a-mallocr.o)
 .text._malloc_r
                0x08002e40      0x100 /Applications/ArmGNUToolchain/14.2.rel1/arm-none-eabi/bin/../lib/gcc/arm-none-eabi/14.2.1/../../../../arm-none-eabi/lib/thumb/v7-m/nofp/libc_nano.a(libc_a-mallocr.o)
                0x08002e40                _malloc_r
 .text.__sflush_r
                0x08002f40       0xfc /Applications/ArmGNUToolchain/14.2.rel1/arm-none-eabi/bin/../lib/gcc/arm-none-eabi/14.2.1/../../../../arm-none-eabi/lib/thumb/v7-m/nofp/libc_nano.a(libc_a-fflush.o)
                0x08002f40                __sflush_r
 .text._fflush_r
                0x0800303c       0x50 /Applications/ArmGNUToolchain/14.2.rel1/arm-none-eabi/bin/../lib/gcc/arm-none-eabi/14.2.1/../../../../arm-none-eabi/lib/thumb/v7-m/nofp/libc_nano.a(libc_a-fflush.o)
                0x0800303c                _fflush_r
 .text.__malloc_lock
                0x0800308c        0xc /Applications/ArmGNUToolchain/14.2.rel1/arm-none-eabi/bin/../lib/gcc/arm-none-eabi/14.2.1/../../../../arm-none-eabi/lib/thumb/v7-m/nofp/libc_nano.a(libc_a-mlock.o)
                0x0800308c                __malloc_lock
 .text.__malloc_unlock
                0x08003098        0xc /Applications/ArmGNUToolchain/14.2.rel1/arm-none-eabi/bin/../lib/gcc/arm-none-eabi/14.2.1/../../../../arm-none-eabi/lib/thumb/v7-m/nofp/libc_nano.a(libc_a-mlock.o)
                0x08003098                __malloc_unlock
 .text._Balloc  0x080030a4       0x7c /Applications/ArmGNUToolchain/14.2.rel1/arm-none-eabi/bin/../lib/gcc/arm-none-eabi/14.2.1/../../../../arm-none-eabi/lib/thumb/v7-m/nofp/libc_nano.a(libc_a-mprec.o)
                0x080030a4                _Balloc
 .text._Bfree   0x08003120       0x44 /Applications/ArmGNUToolchain/14.2.rel1/arm-none-eabi/bin/../lib/gcc/arm-none-eabi/14.2.1/../../../../arm-none-eabi/lib/thumb/v7-m/nofp/libc_nano.a(libc_a-mprec.o)
                0x08003120                _Bfree
 .text.__multadd
                0x08003164       0x8c /Applications/ArmGNUToolchain/14.2.rel1/arm-none-eabi/bin/../lib/gcc/arm-none-eabi/14.2.1/../../../../arm-none-eabi/lib/thumb/v7-m/nofp/libc_nano.a(libc_a-mprec.o)
                0x08003164                __multadd
 .text.__hi0bits
                0x080031f0       0x3e /Applications/ArmGNUToolchain/14.2.rel1/arm-none-eabi/bin/../lib/gcc/arm-none-eabi/14.2.1/../../../../arm-none-eabi/lib/thumb/v7-m/nofp/libc_nano.a(libc_a-mprec.o)
                0x080031f0                __hi0bits
 .text.__lo0bits
                0x0800322e       0x5a /Applications/ArmGNUToolchain/14.2.rel1/arm-none-eabi/bin/../lib/gcc/arm-none-eabi/14.2.1/../../../../arm-none-eabi/lib/thumb/v7-m/nofp/libc_nano.a(libc_a-mprec.o)
                0x0800322e                __lo0bits
 .text.__i2b    0x08003288       0x2c /Applications/ArmGNUToolchain/14.2.rel1/arm-none-eabi/bin/../lib/gcc/arm-none-eabi/14.2.1/../../../../arm-none-eabi/lib/thumb/v7-m/nofp/libc_nano.a(libc_a-mprec.o)
                0x08003288                __i2b
 .text.__multiply
                0x080032b4      0x150 /Applications/ArmGNUToolchain/14.2.rel1/arm-none-eabi/bin/../lib/gcc/arm-none-eabi/14.2.1/../../../../arm-none-eabi/lib/thumb/v7-m/nofp/libc_nano.a(libc_a-mprec.o)
                0x080032b4                __multiply
 .text.__pow5mult
                0x08003404       0xb8 /Applications/ArmGNUToolchain/14.2.rel1/arm-none-eabi/bin/../lib/gcc/arm-none-eabi/14.2.1/../../../../arm-none-eabi/lib/thumb/v7-m/nofp/libc_nano.a(libc_a-mprec.o)
                0x08003404                __pow5mult
 .text.__lshift
                0x080034bc       0xd8 /Applications/ArmGNUToolchain/14.2.rel1/arm-none-eabi/bin/../lib/gcc/arm-none-eabi/14.2.1/../../../../arm-none-eabi/lib/thumb/v7-m/nofp/libc_nano.a(libc_a-mprec.o)
                0x080034bc                __lshift
 .text.__mcmp   0x08003594       0x36 /Applications/ArmGNUToolchain/14.2.rel1/arm-none-eabi/bin/../lib/gcc/arm-none-eabi/14.2.1/../../../../arm-none-eabi/lib/thumb/v7-m/nofp/libc_nano.a(libc_a-mprec.o)
                0x08003594                __mcmp
 *fill*         0x080035ca        0x2 
 .text.__mdiff  0x080035cc      0x130 /Applications/ArmGNUToolchain/14.2.rel1/arm-none-eabi/bin/../lib/gcc/arm-none-eabi/14.2.1/../../../../arm-none-eabi/lib/thumb/v7-m/nofp/libc_nano.a(libc_a-mprec.o)
                0x080035cc                __mdiff
 .text.__d2b    0x080036fc       0xb0 /Applications/ArmGNUToolchain/14.2.rel1/arm-none-eabi/bin/../lib/gcc/arm-none-eabi/14.2.1/../../../../arm-none-eabi/lib/thumb/v7-m/nofp/libc_nano.a(libc_a-mprec.o)
                0x080036fc                __d2b
 .text.__sread  0x080037ac       0x22 /Applications/ArmGNUToolchain/14.2.rel1/arm-none-eabi/bin/../lib/gcc/arm-none-eabi/14.2.1/../../../../arm-none-eabi/lib/thumb/v7-m/nofp/libc_nano.a(libc_a-stdio.o)
                0x080037ac                __sread
 .text.__swrite
                0x080037ce       0x38 /Applications/ArmGNUToolchain/14.2.rel1/arm-none-eabi/bin/../lib/gcc/arm-none-eabi/14.2.1/../../../../arm-none-eabi/lib/thumb/v7-m/nofp/libc_nano.a(libc_a-stdio.o)
                0x080037ce                __swrite
 .text.__sseek  0x08003806       0x26 /Applications/ArmGNUToolchain/14.2.rel1/arm-none-eabi/bin/../lib/gcc/arm-none-eabi/14.2.1/../../../../arm-none-eabi/lib/thumb/v7-m/nofp/libc_nano.a(libc_a-stdio.o)
                0x08003806                __sseek
 .text.__sclose
                0x0800382c        0x8 /Applications/ArmGNUToolchain/14.2.rel1/arm-none-eabi/bin/../lib/gcc/arm-none-eabi/14.2.1/../../../../arm-none-eabi/lib/thumb/v7-m/nofp/libc_nano.a(libc_a-stdio.o)
                0x0800382c                __sclose
 .text._lseek_r
                0x08003834       0x24 /Applications/ArmGNUToolchain/14.2.rel1/arm-none-eabi/bin/../lib/gcc/arm-none-eabi/14.2.1/../../../../arm-none-eabi/lib/thumb/v7-m/nofp/libc_nano.a(libc_a-lseekr.o)
                0x08003834                _lseek_r
 .text._read_r  0x08003858       0x24 /Applications/ArmGNUToolchain/14.2.rel1/arm-none-eabi/bin/../lib/gcc/arm-none-eabi/14.2.1/../../../../arm-none-eabi/lib/thumb/v7-m/nofp/libc_nano.a(libc_a-readr.o)
                0x08003858                _read_r
 .text._sbrk_r  0x0800387c       0x20 /Applications/ArmGNUToolchain/14.2.rel1/arm-none-eabi/bin/../lib/gcc/arm-none-eabi/14.2.1/../../../../arm-none-eabi/lib/thumb/v7-m/nofp/libc_nano.a(libc_a-sbrkr.o)
                0x0800387c                _sbrk_r
 .text._write_r
                0x0800389c       0x24 /Applications/ArmGNUToolchain/14.2.rel1/arm-none-eabi/bin/../lib/gcc/arm-none-eabi/14.2.1/../../../../arm-none-eabi/lib/thumb/v7-m/nofp/libc_nano.a(libc_a-writer.o)
                0x0800389c                _write_r
 .text._close_r
                0x080038c0       0x20 /Applications/ArmGNUToolchain/14.2.rel1/arm-none-eabi/bin/../lib/gcc/arm-none-eabi/14.2.1/../../../../arm-none-eabi/lib/thumb/v7-m/nofp/libc_nano.a(libc_a-closer.o)
                0x080038c0                _close_r
 .text.memcpy   0x080038e0       0x1c /Applications/ArmGNUToolchain/14.2.rel1/arm-none-eabi/bin/../lib/gcc/arm-none-eabi/14.2.1/../../../../arm-none-eabi/lib/thumb/v7-m/nofp/libc_nano.a(libc_a-memcpy-stub.o)
                0x080038e0                memcpy
 .text.__assert_func
                0x080038fc       0x3c /Applications/ArmGNUToolchain/14.2.rel1/arm-none-eabi/bin/../lib/gcc/arm-none-eabi/14.2.1/../../../../arm-none-eabi/lib/thumb/v7-m/nofp/libc_nano.a(libc_a-assert.o)
                0x080038fc                __assert_func
 .text._calloc_r
                0x08003938       0x28 /Applications/ArmGNUToolchain/14.2.rel1/arm-none-eabi/bin/../lib/gcc/arm-none-eabi/14.2.1/../../../../arm-none-eabi/lib/thumb/v7-m/nofp/libc_nano.a(libc_a-callocr.o)
                0x08003938                _calloc_r
 .text._free_r  0x08003960       0x90 /Applications/ArmGNUToolchain/14.2.rel1/arm-none-eabi/bin/../lib/gcc/arm-none-eabi/14.2.1/../../../../arm-none-eabi/lib/thumb/v7-m/nofp/libc_nano.a(libc_a-freer.o)
                0x08003960                _free_r
 .text.__ascii_mbtowc
                0x080039f0       0x24 /Applications/ArmGNUToolchain/14.2.rel1/arm-none-eabi/bin/../lib/gcc/arm-none-eabi/14.2.1/../../../../arm-none-eabi/lib/thumb/v7-m/nofp/libc_nano.a(libc_a-mbtowc_r.o)
                0x080039f0                __ascii_mbtowc
 .text.fprintf  0x08003a14       0x24 /Applications/ArmGNUToolchain/14.2.rel1/arm-none-eabi/bin/../lib/gcc/arm-none-eabi/14.2.1/../../../../arm-none-eabi/lib/thumb/v7-m/nofp/libc_nano.a(libc_a-fprintf.o)
                0x08003a14                fprintf
                0x08003a14                fiprintf
 .text.__ascii_wctomb
                0x08003a38       0x1a /Applications/ArmGNUToolchain/14.2.rel1/arm-none-eabi/bin/../lib/gcc/arm-none-eabi/14.2.1/../../../../arm-none-eabi/lib/thumb/v7-m/nofp/libc_nano.a(libc_a-wctomb_r.o)
                0x08003a38                __ascii_wctomb
 .text.abort    0x08003a52        0xe /Applications/ArmGNUToolchain/14.2.rel1/arm-none-eabi/bin/../lib/gcc/arm-none-eabi/14.2.1/../../../../arm-none-eabi/lib/thumb/v7-m/nofp/libc_nano.a(libc_a-abort.o)
                0x08003a52                abort
 .text.__sfputc_r
                0x08003a60       0x2a /Applications/ArmGNUToolchain/14.2.rel1/arm-none-eabi/bin/../lib/gcc/arm-none-eabi/14.2.1/../../../../arm-none-eabi/lib/thumb/v7-m/nofp/libc_nano.a(libc_a-nano-vfprintf.o)
 .text.__sfputs_r
                0x08003a8a       0x24 /Applications/ArmGNUToolchain/14.2.rel1/arm-none-eabi/bin/../lib/gcc/arm-none-eabi/14.2.1/../../../../arm-none-eabi/lib/thumb/v7-m/nofp/libc_nano.a(libc_a-nano-vfprintf.o)
                0x08003a8a                __sfputs_r
 *fill*         0x08003aae        0x2 
 .text._vfprintf_r
                0x08003ab0      0x230 /Applications/ArmGNUToolchain/14.2.rel1/arm-none-eabi/bin/../lib/gcc/arm-none-eabi/14.2.1/../../../../arm-none-eabi/lib/thumb/v7-m/nofp/libc_nano.a(libc_a-nano-vfprintf.o)
                0x08003ab0                _vfiprintf_r
                0x08003ab0                _vfprintf_r
 .text.__swbuf_r
                0x08003ce0       0x7c /Applications/ArmGNUToolchain/14.2.rel1/arm-none-eabi/bin/../lib/gcc/arm-none-eabi/14.2.1/../../../../arm-none-eabi/lib/thumb/v7-m/nofp/libc_nano.a(libc_a-wbuf.o)
                0x08003ce0                __swbuf_r
 .text.__swsetup_r
                0x08003d5c       0xa8 /Applications/ArmGNUToolchain/14.2.rel1/arm-none-eabi/bin/../lib/gcc/arm-none-eabi/14.2.1/../../../../arm-none-eabi/lib/thumb/v7-m/nofp/libc_nano.a(libc_a-wsetup.o)
                0x08003d5c                __swsetup_r
 .text.__swhatbuf_r
                0x08003e04       0x48 /Applications/ArmGNUToolchain/14.2.rel1/arm-none-eabi/bin/../lib/gcc/arm-none-eabi/14.2.1/../../../../arm-none-eabi/lib/thumb/v7-m/nofp/libc_nano.a(libc_a-makebuf.o)
                0x08003e04                __swhatbuf_r
 .text.__smakebuf_r
                0x08003e4c       0x72 /Applications/ArmGNUToolchain/14.2.rel1/arm-none-eabi/bin/../lib/gcc/arm-none-eabi/14.2.1/../../../../arm-none-eabi/lib/thumb/v7-m/nofp/libc_nano.a(libc_a-makebuf.o)
                0x08003e4c                __smakebuf_r
 .text._raise_r
                0x08003ebe       0x50 /Applications/ArmGNUToolchain/14.2.rel1/arm-none-eabi/bin/../lib/gcc/arm-none-eabi/14.2.1/../../../../arm-none-eabi/lib/thumb/v7-m/nofp/libc_nano.a(libc_a-signal.o)
                0x08003ebe                _raise_r
 *fill*         0x08003f0e        0x2 
 .text.raise    0x08003f10       0x10 /Applications/ArmGNUToolchain/14.2.rel1/arm-none-eabi/bin/../lib/gcc/arm-none-eabi/14.2.1/../../../../arm-none-eabi/lib/thumb/v7-m/nofp/libc_nano.a(libc_a-signal.o)
                0x08003f10                raise
 .text._isatty_r
                0x08003f20       0x20 /Applications/ArmGNUToolchain/14.2.rel1/arm-none-eabi/bin/../lib/gcc/arm-none-eabi/14.2.1/../../../../arm-none-eabi/lib/thumb/v7-m/nofp/libc_nano.a(libc_a-isattyr.o)
                0x08003f20                _isatty_r
 .text._kill_r  0x08003f40       0x24 /Applications/ArmGNUToolchain/14.2.rel1/arm-none-eabi/bin/../lib/gcc/arm-none-eabi/14.2.1/../../../../arm-none-eabi/lib/thumb/v7-m/nofp/libc_nano.a(libc_a-signalr.o)
                0x08003f40                _kill_r
 .text._getpid_r
                0x08003f64        0x4 /Applications/ArmGNUToolchain/14.2.rel1/arm-none-eabi/bin/../lib/gcc/arm-none-eabi/14.2.1/../../../../arm-none-eabi/lib/thumb/v7-m/nofp/libc_nano.a(libc_a-signalr.o)
                0x08003f64                _getpid_r
 .text._fstat_r
                0x08003f68       0x24 /Applications/ArmGNUToolchain/14.2.rel1/arm-none-eabi/bin/../lib/gcc/arm-none-eabi/14.2.1/../../../../arm-none-eabi/lib/thumb/v7-m/nofp/libc_nano.a(libc_a-fstatr.o)
                0x08003f68                _fstat_r
 .text._close   0x08003f8c       0x10 /Applications/ArmGNUToolchain/14.2.rel1/arm-none-eabi/bin/../lib/gcc/arm-none-eabi/14.2.1/../../../../arm-none-eabi/lib/thumb/v7-m/nofp/libnosys.a(close.o)
                0x08003f8c                _close
 .text._fstat   0x08003f9c       0x10 /Applications/ArmGNUToolchain/14.2.rel1/arm-none-eabi/bin/../lib/gcc/arm-none-eabi/14.2.1/../../../../arm-none-eabi/lib/thumb/v7-m/nofp/libnosys.a(fstat.o)
                0x08003f9c                _fstat
 .text._getpid  0x08003fac       0x10 /Applications/ArmGNUToolchain/14.2.rel1/arm-none-eabi/bin/../lib/gcc/arm-none-eabi/14.2.1/../../../../arm-none-eabi/lib/thumb/v7-m/nofp/libnosys.a(getpid.o)
                0x08003fac                _getpid
 .text._isatty  0x08003fbc       0x10 /Applications/ArmGNUToolchain/14.2.rel1/arm-none-eabi/bin/../lib/gcc/arm-none-eabi/14.2.1/../../../../arm-none-eabi/lib/thumb/v7-m/nofp/libnosys.a(isatty.o)
                0x08003fbc                _isatty
 .text._kill    0x08003fcc       0x10 /Applications/ArmGNUToolchain/14.2.rel1/arm-none-eabi/bin/../lib/gcc/arm-none-eabi/14.2.1/../../../../arm-none-eabi/lib/thumb/v7-m/nofp/libnosys.a(kill.o)
                0x08003fcc                _kill
 .text._lseek   0x08003fdc       0x10 /Applications/ArmGNUToolchain/14.2.rel1/arm-none-eabi/bin/../lib/gcc/arm-none-eabi/14.2.1/../../../../arm-none-eabi/lib/thumb/v7-m/nofp/libnosys.a(lseek.o)
                0x08003fdc                _lseek
 .text._read    0x08003fec       0x10 /Applications/ArmGNUToolchain/14.2.rel1/arm-none-eabi/bin/../lib/gcc/arm-none-eabi/14.2.1/../../../../arm-none-eabi/lib/thumb/v7-m/nofp/libnosys.a(read.o)
                0x08003fec                _read
 .text._sbrk    0x08003ffc       0x1c /Applications/ArmGNUToolchain/14.2.rel1/arm-none-eabi/bin/../lib/gcc/arm-none-eabi/14.2.1/../../../../arm-none-eabi/lib/thumb/v7-m/nofp/libnosys.a(sbrk.o)
                0x08003ffc                _sbrk
 .text._write   0x08004018       0x10 /Applications/ArmGNUToolchain/14.2.rel1/arm-none-eabi/bin/../lib/gcc/arm-none-eabi/14.2.1/../../../../arm-none-eabi/lib/thumb/v7-m/nofp/libnosys.a(write.o)
                0x08004018                _write
 .text._exit    0x08004028        0x4 /Applications/ArmGNUToolchain/14.2.rel1/arm-none-eabi/bin/../lib/gcc/arm-none-eabi/14.2.1/../../../../arm-none-eabi/lib/thumb/v7-m/nofp/libnosys.a(_exit.o)
                0x08004028                _exit
 *(.glue_7)
 .glue_7        0x0800402c        0x0 linker stubs
 *(.glue_7t)
 .glue_7t       0x0800402c        0x0 linker stubs
 *(.eh_frame)
 .eh_frame      0x0800402c        0x0 /Applications/ArmGNUToolchain/14.2.rel1/arm-none-eabi/bin/../lib/gcc/arm-none-eabi/14.2.1/thumb/v7-m/nofp/crtbegin.o
 *(.init)
 .init          0x0800402c        0x4 /Applications/ArmGNUToolchain/14.2.rel1/arm-none-eabi/bin/../lib/gcc/arm-none-eabi/14.2.1/thumb/v7-m/nofp/crti.o
                0x0800402c                _init
 .init          0x08004030        0x8 /Applications/ArmGNUToolchain/14.2.rel1/arm-none-eabi/bin/../lib/gcc/arm-none-eabi/14.2.1/thumb/v7-m/nofp/crtn.o
 *(.fini)
 .fini          0x08004038        0x4 /Applications/ArmGNUToolchain/14.2.rel1/arm-none-eabi/bin/../lib/gcc/arm-none-eabi/14.2.1/thumb/v7-m/nofp/crti.o
                0x08004038                _fini
 .fini          0x0800403c        0x8 /Applications/ArmGNUToolchain/14.2.rel1/arm-none-eabi/bin/../lib/gcc/arm-none-eabi/14.2.1/thumb/v7-m/nofp/crtn.o
                0x08004044                        . = ALIGN (0x4)
                0x08004044                        _etext = .

.vfp11_veneer   0x08004044        0x0
 .vfp11_veneer  0x08004044        0x0 linker stubs

.v4_bx          0x08004044        0x0
 .v4_bx         0x08004044        0x0 linker stubs

.iplt           0x08004044        0x0
 .iplt          0x08004044        0x0 /Applications/ArmGNUToolchain/14.2.rel1/arm-none-eabi/bin/../lib/gcc/arm-none-eabi/14.2.1/thumb/v7-m/nofp/crtbegin.o

.rodata         0x08004048      0x98c
                0x08004048                        . = ALIGN (0x4)
 *(.rodata)
 *(.rodata*)
 .rodata.OLED_F8x16
                0x08004048      0x5f0 CMakeFiles/STM32F103C8T6-STD-CMAKE.elf.dir/Hardware/OLED.c.obj
                0x08004048                OLED_F8x16
 .rodata.ADCPrescTable
                0x08004638        0x4 CMakeFiles/STM32F103C8T6-STD-CMAKE.elf.dir/Library/stm32f10x_rcc.c.obj
 .rodata.APBAHBPrescTable
                0x0800463c       0x10 CMakeFiles/STM32F103C8T6-STD-CMAKE.elf.dir/Library/stm32f10x_rcc.c.obj
 .rodata.main.str1.4
                0x0800464c        0x4 CMakeFiles/STM32F103C8T6-STD-CMAKE.elf.dir/User/main.c.obj
 .rodata._printf_float.str1.1
                0x08004650      0x183 /Applications/ArmGNUToolchain/14.2.rel1/arm-none-eabi/bin/../lib/gcc/arm-none-eabi/14.2.1/../../../../arm-none-eabi/lib/thumb/v7-m/nofp/libc_nano.a(libc_a-nano-vfprintf_float.o)
                                 0x12 (size before relaxing)
 .rodata._printf_i.str1.1
                0x080047d3       0x22 /Applications/ArmGNUToolchain/14.2.rel1/arm-none-eabi/bin/../lib/gcc/arm-none-eabi/14.2.1/../../../../arm-none-eabi/lib/thumb/v7-m/nofp/libc_nano.a(libc_a-nano-vfprintf_i.o)
 .rodata._dtoa_r.str1.1
                0x080047d3       0x98 /Applications/ArmGNUToolchain/14.2.rel1/arm-none-eabi/bin/../lib/gcc/arm-none-eabi/14.2.1/../../../../arm-none-eabi/lib/thumb/v7-m/nofp/libc_nano.a(libc_a-dtoa.o)
 .rodata._Balloc.str1.1
                0x080047d3       0x79 /Applications/ArmGNUToolchain/14.2.rel1/arm-none-eabi/bin/../lib/gcc/arm-none-eabi/14.2.1/../../../../arm-none-eabi/lib/thumb/v7-m/nofp/libc_nano.a(libc_a-mprec.o)
 .rodata.__multadd.str1.1
                0x080047d3       0x11 /Applications/ArmGNUToolchain/14.2.rel1/arm-none-eabi/bin/../lib/gcc/arm-none-eabi/14.2.1/../../../../arm-none-eabi/lib/thumb/v7-m/nofp/libc_nano.a(libc_a-mprec.o)
 *fill*         0x080047d3        0x1 
 .rodata.p05.0  0x080047d4        0xc /Applications/ArmGNUToolchain/14.2.rel1/arm-none-eabi/bin/../lib/gcc/arm-none-eabi/14.2.1/../../../../arm-none-eabi/lib/thumb/v7-m/nofp/libc_nano.a(libc_a-mprec.o)
 .rodata.__mprec_bigtens
                0x080047e0       0x28 /Applications/ArmGNUToolchain/14.2.rel1/arm-none-eabi/bin/../lib/gcc/arm-none-eabi/14.2.1/../../../../arm-none-eabi/lib/thumb/v7-m/nofp/libc_nano.a(libc_a-mprec.o)
                0x080047e0                __mprec_bigtens
 .rodata.__mprec_tens
                0x08004808       0xc8 /Applications/ArmGNUToolchain/14.2.rel1/arm-none-eabi/bin/../lib/gcc/arm-none-eabi/14.2.1/../../../../arm-none-eabi/lib/thumb/v7-m/nofp/libc_nano.a(libc_a-mprec.o)
                0x08004808                __mprec_tens
 .rodata._setlocale_r.str1.1
                0x080048d0        0x9 /Applications/ArmGNUToolchain/14.2.rel1/arm-none-eabi/bin/../lib/gcc/arm-none-eabi/14.2.1/../../../../arm-none-eabi/lib/thumb/v7-m/nofp/libc_nano.a(libc_a-locale.o)
 .rodata.str1.1
                0x080048d0        0x2 /Applications/ArmGNUToolchain/14.2.rel1/arm-none-eabi/bin/../lib/gcc/arm-none-eabi/14.2.1/../../../../arm-none-eabi/lib/thumb/v7-m/nofp/libc_nano.a(libc_a-locale.o)
 .rodata._ctype_
                0x080048d0      0x101 /Applications/ArmGNUToolchain/14.2.rel1/arm-none-eabi/bin/../lib/gcc/arm-none-eabi/14.2.1/../../../../arm-none-eabi/lib/thumb/v7-m/nofp/libc_nano.a(libc_a-ctype_.o)
                0x080048d0                _ctype_
 .rodata.__assert_func.str1.1
                0x080049d1       0x3d /Applications/ArmGNUToolchain/14.2.rel1/arm-none-eabi/bin/../lib/gcc/arm-none-eabi/14.2.1/../../../../arm-none-eabi/lib/thumb/v7-m/nofp/libc_nano.a(libc_a-assert.o)
 .rodata._vfprintf_r.str1.1
                0x080049d1       0x11 /Applications/ArmGNUToolchain/14.2.rel1/arm-none-eabi/bin/../lib/gcc/arm-none-eabi/14.2.1/../../../../arm-none-eabi/lib/thumb/v7-m/nofp/libc_nano.a(libc_a-nano-vfprintf.o)
                0x08004a10                        . = ALIGN (0x4)
 *fill*         0x080049d1        0x3 

.ARM.extab
 *(.ARM.extab* .gnu.linkonce.armextab.*)

.ARM            0x080049d4        0x8
                0x080049d4                        __exidx_start = .
 *(.ARM.exidx*)
 .ARM.exidx     0x080049d4        0x8 /Applications/ArmGNUToolchain/14.2.rel1/arm-none-eabi/bin/../lib/gcc/arm-none-eabi/14.2.1/../../../../arm-none-eabi/lib/thumb/v7-m/nofp/libc_nano.a(libc_a-strlen.o)
                0x080049dc                        __exidx_end = .

.rel.dyn        0x080049dc        0x0
 .rel.iplt      0x080049dc        0x0 /Applications/ArmGNUToolchain/14.2.rel1/arm-none-eabi/bin/../lib/gcc/arm-none-eabi/14.2.1/thumb/v7-m/nofp/crtbegin.o

.preinit_array  0x080049dc        0x0
                0x080049dc                        PROVIDE (__preinit_array_start = .)
 *(.preinit_array*)
                0x080049dc                        PROVIDE (__preinit_array_end = .)

.init_array     0x080049dc        0x4
                0x080049dc                        PROVIDE (__init_array_start = .)
 *(SORT_BY_NAME(.init_array.*))
 *(.init_array*)
 .init_array    0x080049dc        0x4 /Applications/ArmGNUToolchain/14.2.rel1/arm-none-eabi/bin/../lib/gcc/arm-none-eabi/14.2.1/thumb/v7-m/nofp/crtbegin.o
                0x080049e0                        PROVIDE (__init_array_end = .)

.fini_array     0x080049e0        0x4
                [!provide]                        PROVIDE (__fini_array_start = .)
 *(SORT_BY_NAME(.fini_array.*))
 *(.fini_array*)
 .fini_array    0x080049e0        0x4 /Applications/ArmGNUToolchain/14.2.rel1/arm-none-eabi/bin/../lib/gcc/arm-none-eabi/14.2.1/thumb/v7-m/nofp/crtbegin.o
                [!provide]                        PROVIDE (__fini_array_end = .)
                0x080049e4                        _sidata = LOADADDR (.data)

.data           0x20000000      0x1c8 load address 0x080049e4
                0x20000000                        . = ALIGN (0x4)
                0x20000000                        _sdata = .
 *(.data)
 *(.data*)
 .data.__sglue  0x20000000        0xc /Applications/ArmGNUToolchain/14.2.rel1/arm-none-eabi/bin/../lib/gcc/arm-none-eabi/14.2.1/../../../../arm-none-eabi/lib/thumb/v7-m/nofp/libc_nano.a(libc_a-findfp.o)
                0x20000000                __sglue
 .data._impure_ptr
                0x2000000c        0x4 /Applications/ArmGNUToolchain/14.2.rel1/arm-none-eabi/bin/../lib/gcc/arm-none-eabi/14.2.1/../../../../arm-none-eabi/lib/thumb/v7-m/nofp/libc_nano.a(libc_a-impure.o)
                0x2000000c                _impure_ptr
 .data._impure_data
                0x20000010       0x4c /Applications/ArmGNUToolchain/14.2.rel1/arm-none-eabi/bin/../lib/gcc/arm-none-eabi/14.2.1/../../../../arm-none-eabi/lib/thumb/v7-m/nofp/libc_nano.a(libc_a-impure.o)
                0x20000010                _impure_data
 .data.__global_locale
                0x2000005c      0x16c /Applications/ArmGNUToolchain/14.2.rel1/arm-none-eabi/bin/../lib/gcc/arm-none-eabi/14.2.1/../../../../arm-none-eabi/lib/thumb/v7-m/nofp/libc_nano.a(libc_a-locale.o)
                0x2000005c                __global_locale
                0x200001c8                        . = ALIGN (0x4)
                0x200001c8                        _edata = .

.tm_clone_table
                0x200001c8        0x0 load address 0x08004bac
 .tm_clone_table
                0x200001c8        0x0 /Applications/ArmGNUToolchain/14.2.rel1/arm-none-eabi/bin/../lib/gcc/arm-none-eabi/14.2.1/thumb/v7-m/nofp/crtbegin.o
 .tm_clone_table
                0x200001c8        0x0 /Applications/ArmGNUToolchain/14.2.rel1/arm-none-eabi/bin/../lib/gcc/arm-none-eabi/14.2.1/thumb/v7-m/nofp/crtend.o

.igot.plt       0x200001c8        0x0 load address 0x08004bac
 .igot.plt      0x200001c8        0x0 /Applications/ArmGNUToolchain/14.2.rel1/arm-none-eabi/bin/../lib/gcc/arm-none-eabi/14.2.1/thumb/v7-m/nofp/crtbegin.o
                0x200001c8                        . = ALIGN (0x4)

.bss            0x200001c8      0x17c load address 0x08004bac
                0x200001c8                        _sbss = .
                0x200001c8                        __bss_start__ = _sbss
 *(.bss)
 *(.bss*)
 .bss.completed.1
                0x200001c8        0x1 /Applications/ArmGNUToolchain/14.2.rel1/arm-none-eabi/bin/../lib/gcc/arm-none-eabi/14.2.1/thumb/v7-m/nofp/crtbegin.o
 *fill*         0x200001c9        0x3 
 .bss.object.0  0x200001cc       0x18 /Applications/ArmGNUToolchain/14.2.rel1/arm-none-eabi/bin/../lib/gcc/arm-none-eabi/14.2.1/thumb/v7-m/nofp/crtbegin.o
 .bss.GZ        0x200001e4        0x2 CMakeFiles/STM32F103C8T6-STD-CMAKE.elf.dir/User/main.c.obj
                0x200001e4                GZ
 .bss.GY        0x200001e6        0x2 CMakeFiles/STM32F103C8T6-STD-CMAKE.elf.dir/User/main.c.obj
                0x200001e6                GY
 .bss.GX        0x200001e8        0x2 CMakeFiles/STM32F103C8T6-STD-CMAKE.elf.dir/User/main.c.obj
                0x200001e8                GX
 .bss.AZ        0x200001ea        0x2 CMakeFiles/STM32F103C8T6-STD-CMAKE.elf.dir/User/main.c.obj
                0x200001ea                AZ
 .bss.AY        0x200001ec        0x2 CMakeFiles/STM32F103C8T6-STD-CMAKE.elf.dir/User/main.c.obj
                0x200001ec                AY
 .bss.AX        0x200001ee        0x2 CMakeFiles/STM32F103C8T6-STD-CMAKE.elf.dir/User/main.c.obj
                0x200001ee                AX
 .bss.ID        0x200001f0        0x1 CMakeFiles/STM32F103C8T6-STD-CMAKE.elf.dir/User/main.c.obj
                0x200001f0                ID
 *fill*         0x200001f1        0x3 
 .bss.__sf      0x200001f4      0x138 /Applications/ArmGNUToolchain/14.2.rel1/arm-none-eabi/bin/../lib/gcc/arm-none-eabi/14.2.1/../../../../arm-none-eabi/lib/thumb/v7-m/nofp/libc_nano.a(libc_a-findfp.o)
                0x200001f4                __sf
 .bss.__stdio_exit_handler
                0x2000032c        0x4 /Applications/ArmGNUToolchain/14.2.rel1/arm-none-eabi/bin/../lib/gcc/arm-none-eabi/14.2.1/../../../../arm-none-eabi/lib/thumb/v7-m/nofp/libc_nano.a(libc_a-findfp.o)
                0x2000032c                __stdio_exit_handler
 .bss.__lock___malloc_recursive_mutex
                0x20000330        0x1 /Applications/ArmGNUToolchain/14.2.rel1/arm-none-eabi/bin/../lib/gcc/arm-none-eabi/14.2.1/../../../../arm-none-eabi/lib/thumb/v7-m/nofp/libc_nano.a(libc_a-lock.o)
                0x20000330                __lock___malloc_recursive_mutex
 .bss.__lock___sfp_recursive_mutex
                0x20000331        0x1 /Applications/ArmGNUToolchain/14.2.rel1/arm-none-eabi/bin/../lib/gcc/arm-none-eabi/14.2.1/../../../../arm-none-eabi/lib/thumb/v7-m/nofp/libc_nano.a(libc_a-lock.o)
                0x20000331                __lock___sfp_recursive_mutex
 *fill*         0x20000332        0x2 
 .bss.__malloc_sbrk_start
                0x20000334        0x4 /Applications/ArmGNUToolchain/14.2.rel1/arm-none-eabi/bin/../lib/gcc/arm-none-eabi/14.2.1/../../../../arm-none-eabi/lib/thumb/v7-m/nofp/libc_nano.a(libc_a-mallocr.o)
                0x20000334                __malloc_sbrk_start
 .bss.__malloc_free_list
                0x20000338        0x4 /Applications/ArmGNUToolchain/14.2.rel1/arm-none-eabi/bin/../lib/gcc/arm-none-eabi/14.2.1/../../../../arm-none-eabi/lib/thumb/v7-m/nofp/libc_nano.a(libc_a-mallocr.o)
                0x20000338                __malloc_free_list
 .bss.errno     0x2000033c        0x4 /Applications/ArmGNUToolchain/14.2.rel1/arm-none-eabi/bin/../lib/gcc/arm-none-eabi/14.2.1/../../../../arm-none-eabi/lib/thumb/v7-m/nofp/libc_nano.a(libc_a-reent.o)
                0x2000033c                errno
 .bss.heap_end.0
                0x20000340        0x4 /Applications/ArmGNUToolchain/14.2.rel1/arm-none-eabi/bin/../lib/gcc/arm-none-eabi/14.2.1/../../../../arm-none-eabi/lib/thumb/v7-m/nofp/libnosys.a(sbrk.o)
 *(COMMON)
                0x20000344                        . = ALIGN (0x4)
                0x20000344                        _ebss = .
                0x20000344                        __bss_end__ = _ebss

._user_heap_stack
                0x20000344      0x604 load address 0x08004bac
                0x20000348                        . = ALIGN (0x8)
 *fill*         0x20000344        0x4 
                0x20000348                        PROVIDE (end = .)
                [!provide]                        PROVIDE (_end = .)
                0x20000548                        . = (. + _Min_Heap_Size)
 *fill*         0x20000348      0x200 
                0x20000948                        . = (. + _Min_Stack_Size)
 *fill*         0x20000548      0x400 
                0x20000948                        . = ALIGN (0x8)

/DISCARD/
 libc.a(*)
 libm.a(*)
 libgcc.a(*)
OUTPUT(STM32F103C8T6-STD-CMAKE.elf elf32-littlearm)
LOAD linker stubs
LOAD /Applications/ArmGNUToolchain/14.2.rel1/arm-none-eabi/bin/../lib/gcc/arm-none-eabi/14.2.1/../../../../arm-none-eabi/lib/thumb/v7-m/nofp/libc.a
LOAD /Applications/ArmGNUToolchain/14.2.rel1/arm-none-eabi/bin/../lib/gcc/arm-none-eabi/14.2.1/../../../../arm-none-eabi/lib/thumb/v7-m/nofp/libm.a
LOAD /Applications/ArmGNUToolchain/14.2.rel1/arm-none-eabi/bin/../lib/gcc/arm-none-eabi/14.2.1/thumb/v7-m/nofp/libgcc.a

.ARM.attributes
                0x00000000       0x29
 .ARM.attributes
                0x00000000       0x1d /Applications/ArmGNUToolchain/14.2.rel1/arm-none-eabi/bin/../lib/gcc/arm-none-eabi/14.2.1/thumb/v7-m/nofp/crti.o
 .ARM.attributes
                0x0000001d       0x2d /Applications/ArmGNUToolchain/14.2.rel1/arm-none-eabi/bin/../lib/gcc/arm-none-eabi/14.2.1/thumb/v7-m/nofp/crtbegin.o
 .ARM.attributes
                0x0000004a       0x2d CMakeFiles/STM32F103C8T6-STD-CMAKE.elf.dir/Hardware/MPU6050.c.obj
 .ARM.attributes
                0x00000077       0x2d CMakeFiles/STM32F103C8T6-STD-CMAKE.elf.dir/Hardware/OLED.c.obj
 .ARM.attributes
                0x000000a4       0x2d CMakeFiles/STM32F103C8T6-STD-CMAKE.elf.dir/Library/stm32f10x_gpio.c.obj
 .ARM.attributes
                0x000000d1       0x2d CMakeFiles/STM32F103C8T6-STD-CMAKE.elf.dir/Library/stm32f10x_i2c.c.obj
 .ARM.attributes
                0x000000fe       0x2d CMakeFiles/STM32F103C8T6-STD-CMAKE.elf.dir/Library/stm32f10x_rcc.c.obj
 .ARM.attributes
                0x0000012b       0x21 CMakeFiles/STM32F103C8T6-STD-CMAKE.elf.dir/Start/startup_stm32f103xb.s.obj
 .ARM.attributes
                0x0000014c       0x2d CMakeFiles/STM32F103C8T6-STD-CMAKE.elf.dir/Start/system_stm32f10x.c.obj
 .ARM.attributes
                0x00000179       0x2d CMakeFiles/STM32F103C8T6-STD-CMAKE.elf.dir/User/main.c.obj
 .ARM.attributes
                0x000001a6       0x2d CMakeFiles/STM32F103C8T6-STD-CMAKE.elf.dir/User/stm32f10x_it.c.obj
 .ARM.attributes
                0x000001d3       0x2d /Applications/ArmGNUToolchain/14.2.rel1/arm-none-eabi/bin/../lib/gcc/arm-none-eabi/14.2.1/../../../../arm-none-eabi/lib/thumb/v7-m/nofp/libc_nano.a(libc_a-nano-vfprintf_float.o)
 .ARM.attributes
                0x00000200       0x2d /Applications/ArmGNUToolchain/14.2.rel1/arm-none-eabi/bin/../lib/gcc/arm-none-eabi/14.2.1/../../../../arm-none-eabi/lib/thumb/v7-m/nofp/libc_nano.a(libc_a-nano-vfprintf_i.o)
 .ARM.attributes
                0x0000022d       0x2d /Applications/ArmGNUToolchain/14.2.rel1/arm-none-eabi/bin/../lib/gcc/arm-none-eabi/14.2.1/../../../../arm-none-eabi/lib/thumb/v7-m/nofp/libc_nano.a(libc_a-findfp.o)
 .ARM.attributes
                0x0000025a       0x2d /Applications/ArmGNUToolchain/14.2.rel1/arm-none-eabi/bin/../lib/gcc/arm-none-eabi/14.2.1/../../../../arm-none-eabi/lib/thumb/v7-m/nofp/libc_nano.a(libc_a-fwalk.o)
 .ARM.attributes
                0x00000287       0x2d /Applications/ArmGNUToolchain/14.2.rel1/arm-none-eabi/bin/../lib/gcc/arm-none-eabi/14.2.1/../../../../arm-none-eabi/lib/thumb/v7-m/nofp/libc_nano.a(libc_a-memset.o)
 .ARM.attributes
                0x000002b4       0x2d /Applications/ArmGNUToolchain/14.2.rel1/arm-none-eabi/bin/../lib/gcc/arm-none-eabi/14.2.1/../../../../arm-none-eabi/lib/thumb/v7-m/nofp/libc_nano.a(libc_a-init.o)
 .ARM.attributes
                0x000002e1       0x2d /Applications/ArmGNUToolchain/14.2.rel1/arm-none-eabi/bin/../lib/gcc/arm-none-eabi/14.2.1/../../../../arm-none-eabi/lib/thumb/v7-m/nofp/libc_nano.a(libc_a-lock.o)
 .ARM.attributes
                0x0000030e       0x2d /Applications/ArmGNUToolchain/14.2.rel1/arm-none-eabi/bin/../lib/gcc/arm-none-eabi/14.2.1/../../../../arm-none-eabi/lib/thumb/v7-m/nofp/libc_nano.a(libc_a-localeconv.o)
 .ARM.attributes
                0x0000033b       0x2d /Applications/ArmGNUToolchain/14.2.rel1/arm-none-eabi/bin/../lib/gcc/arm-none-eabi/14.2.1/../../../../arm-none-eabi/lib/thumb/v7-m/nofp/libc_nano.a(libc_a-impure.o)
 .ARM.attributes
                0x00000368       0x2d /Applications/ArmGNUToolchain/14.2.rel1/arm-none-eabi/bin/../lib/gcc/arm-none-eabi/14.2.1/../../../../arm-none-eabi/lib/thumb/v7-m/nofp/libc_nano.a(libc_a-memchr-stub.o)
 .ARM.attributes
                0x00000395       0x17 /Applications/ArmGNUToolchain/14.2.rel1/arm-none-eabi/bin/../lib/gcc/arm-none-eabi/14.2.1/../../../../arm-none-eabi/lib/thumb/v7-m/nofp/libc_nano.a(libc_a-strlen.o)
 .ARM.attributes
                0x000003ac       0x2d /Applications/ArmGNUToolchain/14.2.rel1/arm-none-eabi/bin/../lib/gcc/arm-none-eabi/14.2.1/../../../../arm-none-eabi/lib/thumb/v7-m/nofp/libc_nano.a(libc_a-dtoa.o)
 .ARM.attributes
                0x000003d9       0x2d /Applications/ArmGNUToolchain/14.2.rel1/arm-none-eabi/bin/../lib/gcc/arm-none-eabi/14.2.1/../../../../arm-none-eabi/lib/thumb/v7-m/nofp/libc_nano.a(libc_a-malloc.o)
 .ARM.attributes
                0x00000406       0x2d /Applications/ArmGNUToolchain/14.2.rel1/arm-none-eabi/bin/../lib/gcc/arm-none-eabi/14.2.1/../../../../arm-none-eabi/lib/thumb/v7-m/nofp/libc_nano.a(libc_a-mallocr.o)
 .ARM.attributes
                0x00000433       0x2d /Applications/ArmGNUToolchain/14.2.rel1/arm-none-eabi/bin/../lib/gcc/arm-none-eabi/14.2.1/../../../../arm-none-eabi/lib/thumb/v7-m/nofp/libc_nano.a(libc_a-fflush.o)
 .ARM.attributes
                0x00000460       0x2d /Applications/ArmGNUToolchain/14.2.rel1/arm-none-eabi/bin/../lib/gcc/arm-none-eabi/14.2.1/../../../../arm-none-eabi/lib/thumb/v7-m/nofp/libc_nano.a(libc_a-mlock.o)
 .ARM.attributes
                0x0000048d       0x2d /Applications/ArmGNUToolchain/14.2.rel1/arm-none-eabi/bin/../lib/gcc/arm-none-eabi/14.2.1/../../../../arm-none-eabi/lib/thumb/v7-m/nofp/libc_nano.a(libc_a-mprec.o)
 .ARM.attributes
                0x000004ba       0x2d /Applications/ArmGNUToolchain/14.2.rel1/arm-none-eabi/bin/../lib/gcc/arm-none-eabi/14.2.1/../../../../arm-none-eabi/lib/thumb/v7-m/nofp/libc_nano.a(libc_a-stdio.o)
 .ARM.attributes
                0x000004e7       0x2d /Applications/ArmGNUToolchain/14.2.rel1/arm-none-eabi/bin/../lib/gcc/arm-none-eabi/14.2.1/../../../../arm-none-eabi/lib/thumb/v7-m/nofp/libc_nano.a(libc_a-lseekr.o)
 .ARM.attributes
                0x00000514       0x2d /Applications/ArmGNUToolchain/14.2.rel1/arm-none-eabi/bin/../lib/gcc/arm-none-eabi/14.2.1/../../../../arm-none-eabi/lib/thumb/v7-m/nofp/libc_nano.a(libc_a-readr.o)
 .ARM.attributes
                0x00000541       0x2d /Applications/ArmGNUToolchain/14.2.rel1/arm-none-eabi/bin/../lib/gcc/arm-none-eabi/14.2.1/../../../../arm-none-eabi/lib/thumb/v7-m/nofp/libc_nano.a(libc_a-sbrkr.o)
 .ARM.attributes
                0x0000056e       0x2d /Applications/ArmGNUToolchain/14.2.rel1/arm-none-eabi/bin/../lib/gcc/arm-none-eabi/14.2.1/../../../../arm-none-eabi/lib/thumb/v7-m/nofp/libc_nano.a(libc_a-writer.o)
 .ARM.attributes
                0x0000059b       0x2d /Applications/ArmGNUToolchain/14.2.rel1/arm-none-eabi/bin/../lib/gcc/arm-none-eabi/14.2.1/../../../../arm-none-eabi/lib/thumb/v7-m/nofp/libc_nano.a(libc_a-locale.o)
 .ARM.attributes
                0x000005c8       0x2d /Applications/ArmGNUToolchain/14.2.rel1/arm-none-eabi/bin/../lib/gcc/arm-none-eabi/14.2.1/../../../../arm-none-eabi/lib/thumb/v7-m/nofp/libc_nano.a(libc_a-closer.o)
 .ARM.attributes
                0x000005f5       0x2d /Applications/ArmGNUToolchain/14.2.rel1/arm-none-eabi/bin/../lib/gcc/arm-none-eabi/14.2.1/../../../../arm-none-eabi/lib/thumb/v7-m/nofp/libc_nano.a(libc_a-reent.o)
 .ARM.attributes
                0x00000622       0x2d /Applications/ArmGNUToolchain/14.2.rel1/arm-none-eabi/bin/../lib/gcc/arm-none-eabi/14.2.1/../../../../arm-none-eabi/lib/thumb/v7-m/nofp/libc_nano.a(libc_a-memcpy-stub.o)
 .ARM.attributes
                0x0000064f       0x2d /Applications/ArmGNUToolchain/14.2.rel1/arm-none-eabi/bin/../lib/gcc/arm-none-eabi/14.2.1/../../../../arm-none-eabi/lib/thumb/v7-m/nofp/libc_nano.a(libc_a-ctype_.o)
 .ARM.attributes
                0x0000067c       0x2d /Applications/ArmGNUToolchain/14.2.rel1/arm-none-eabi/bin/../lib/gcc/arm-none-eabi/14.2.1/../../../../arm-none-eabi/lib/thumb/v7-m/nofp/libc_nano.a(libc_a-assert.o)
 .ARM.attributes
                0x000006a9       0x2d /Applications/ArmGNUToolchain/14.2.rel1/arm-none-eabi/bin/../lib/gcc/arm-none-eabi/14.2.1/../../../../arm-none-eabi/lib/thumb/v7-m/nofp/libc_nano.a(libc_a-callocr.o)
 .ARM.attributes
                0x000006d6       0x2d /Applications/ArmGNUToolchain/14.2.rel1/arm-none-eabi/bin/../lib/gcc/arm-none-eabi/14.2.1/../../../../arm-none-eabi/lib/thumb/v7-m/nofp/libc_nano.a(libc_a-freer.o)
 .ARM.attributes
                0x00000703       0x2d /Applications/ArmGNUToolchain/14.2.rel1/arm-none-eabi/bin/../lib/gcc/arm-none-eabi/14.2.1/../../../../arm-none-eabi/lib/thumb/v7-m/nofp/libc_nano.a(libc_a-mbtowc_r.o)
 .ARM.attributes
                0x00000730       0x2d /Applications/ArmGNUToolchain/14.2.rel1/arm-none-eabi/bin/../lib/gcc/arm-none-eabi/14.2.1/../../../../arm-none-eabi/lib/thumb/v7-m/nofp/libc_nano.a(libc_a-fprintf.o)
 .ARM.attributes
                0x0000075d       0x2d /Applications/ArmGNUToolchain/14.2.rel1/arm-none-eabi/bin/../lib/gcc/arm-none-eabi/14.2.1/../../../../arm-none-eabi/lib/thumb/v7-m/nofp/libc_nano.a(libc_a-wctomb_r.o)
 .ARM.attributes
                0x0000078a       0x2d /Applications/ArmGNUToolchain/14.2.rel1/arm-none-eabi/bin/../lib/gcc/arm-none-eabi/14.2.1/../../../../arm-none-eabi/lib/thumb/v7-m/nofp/libc_nano.a(libc_a-abort.o)
 .ARM.attributes
                0x000007b7       0x2d /Applications/ArmGNUToolchain/14.2.rel1/arm-none-eabi/bin/../lib/gcc/arm-none-eabi/14.2.1/../../../../arm-none-eabi/lib/thumb/v7-m/nofp/libc_nano.a(libc_a-nano-vfprintf.o)
 .ARM.attributes
                0x000007e4       0x2d /Applications/ArmGNUToolchain/14.2.rel1/arm-none-eabi/bin/../lib/gcc/arm-none-eabi/14.2.1/../../../../arm-none-eabi/lib/thumb/v7-m/nofp/libc_nano.a(libc_a-wbuf.o)
 .ARM.attributes
                0x00000811       0x2d /Applications/ArmGNUToolchain/14.2.rel1/arm-none-eabi/bin/../lib/gcc/arm-none-eabi/14.2.1/../../../../arm-none-eabi/lib/thumb/v7-m/nofp/libc_nano.a(libc_a-wsetup.o)
 .ARM.attributes
                0x0000083e       0x2d /Applications/ArmGNUToolchain/14.2.rel1/arm-none-eabi/bin/../lib/gcc/arm-none-eabi/14.2.1/../../../../arm-none-eabi/lib/thumb/v7-m/nofp/libc_nano.a(libc_a-makebuf.o)
 .ARM.attributes
                0x0000086b       0x2d /Applications/ArmGNUToolchain/14.2.rel1/arm-none-eabi/bin/../lib/gcc/arm-none-eabi/14.2.1/../../../../arm-none-eabi/lib/thumb/v7-m/nofp/libc_nano.a(libc_a-signal.o)
 .ARM.attributes
                0x00000898       0x2d /Applications/ArmGNUToolchain/14.2.rel1/arm-none-eabi/bin/../lib/gcc/arm-none-eabi/14.2.1/../../../../arm-none-eabi/lib/thumb/v7-m/nofp/libc_nano.a(libc_a-isattyr.o)
 .ARM.attributes
                0x000008c5       0x2d /Applications/ArmGNUToolchain/14.2.rel1/arm-none-eabi/bin/../lib/gcc/arm-none-eabi/14.2.1/../../../../arm-none-eabi/lib/thumb/v7-m/nofp/libc_nano.a(libc_a-signalr.o)
 .ARM.attributes
                0x000008f2       0x2d /Applications/ArmGNUToolchain/14.2.rel1/arm-none-eabi/bin/../lib/gcc/arm-none-eabi/14.2.1/../../../../arm-none-eabi/lib/thumb/v7-m/nofp/libc_nano.a(libc_a-fstatr.o)
 .ARM.attributes
                0x0000091f       0x1d /Applications/ArmGNUToolchain/14.2.rel1/arm-none-eabi/bin/../lib/gcc/arm-none-eabi/14.2.1/thumb/v7-m/nofp/libgcc.a(_arm_addsubdf3.o)
 .ARM.attributes
                0x0000093c       0x1d /Applications/ArmGNUToolchain/14.2.rel1/arm-none-eabi/bin/../lib/gcc/arm-none-eabi/14.2.1/thumb/v7-m/nofp/libgcc.a(_arm_muldivdf3.o)
 .ARM.attributes
                0x00000959       0x1d /Applications/ArmGNUToolchain/14.2.rel1/arm-none-eabi/bin/../lib/gcc/arm-none-eabi/14.2.1/thumb/v7-m/nofp/libgcc.a(_arm_cmpdf2.o)
 .ARM.attributes
                0x00000976       0x1d /Applications/ArmGNUToolchain/14.2.rel1/arm-none-eabi/bin/../lib/gcc/arm-none-eabi/14.2.1/thumb/v7-m/nofp/libgcc.a(_arm_unorddf2.o)
 .ARM.attributes
                0x00000993       0x1d /Applications/ArmGNUToolchain/14.2.rel1/arm-none-eabi/bin/../lib/gcc/arm-none-eabi/14.2.1/thumb/v7-m/nofp/libgcc.a(_arm_fixdfsi.o)
 .ARM.attributes
                0x000009b0       0x2d /Applications/ArmGNUToolchain/14.2.rel1/arm-none-eabi/bin/../lib/gcc/arm-none-eabi/14.2.1/../../../../arm-none-eabi/lib/thumb/v7-m/nofp/libnosys.a(close.o)
 .ARM.attributes
                0x000009dd       0x2d /Applications/ArmGNUToolchain/14.2.rel1/arm-none-eabi/bin/../lib/gcc/arm-none-eabi/14.2.1/../../../../arm-none-eabi/lib/thumb/v7-m/nofp/libnosys.a(fstat.o)
 .ARM.attributes
                0x00000a0a       0x2d /Applications/ArmGNUToolchain/14.2.rel1/arm-none-eabi/bin/../lib/gcc/arm-none-eabi/14.2.1/../../../../arm-none-eabi/lib/thumb/v7-m/nofp/libnosys.a(getpid.o)
 .ARM.attributes
                0x00000a37       0x2d /Applications/ArmGNUToolchain/14.2.rel1/arm-none-eabi/bin/../lib/gcc/arm-none-eabi/14.2.1/../../../../arm-none-eabi/lib/thumb/v7-m/nofp/libnosys.a(isatty.o)
 .ARM.attributes
                0x00000a64       0x2d /Applications/ArmGNUToolchain/14.2.rel1/arm-none-eabi/bin/../lib/gcc/arm-none-eabi/14.2.1/../../../../arm-none-eabi/lib/thumb/v7-m/nofp/libnosys.a(kill.o)
 .ARM.attributes
                0x00000a91       0x2d /Applications/ArmGNUToolchain/14.2.rel1/arm-none-eabi/bin/../lib/gcc/arm-none-eabi/14.2.1/../../../../arm-none-eabi/lib/thumb/v7-m/nofp/libnosys.a(lseek.o)
 .ARM.attributes
                0x00000abe       0x2d /Applications/ArmGNUToolchain/14.2.rel1/arm-none-eabi/bin/../lib/gcc/arm-none-eabi/14.2.1/../../../../arm-none-eabi/lib/thumb/v7-m/nofp/libnosys.a(read.o)
 .ARM.attributes
                0x00000aeb       0x2d /Applications/ArmGNUToolchain/14.2.rel1/arm-none-eabi/bin/../lib/gcc/arm-none-eabi/14.2.1/../../../../arm-none-eabi/lib/thumb/v7-m/nofp/libnosys.a(sbrk.o)
 .ARM.attributes
                0x00000b18       0x2d /Applications/ArmGNUToolchain/14.2.rel1/arm-none-eabi/bin/../lib/gcc/arm-none-eabi/14.2.1/../../../../arm-none-eabi/lib/thumb/v7-m/nofp/libnosys.a(write.o)
 .ARM.attributes
                0x00000b45       0x2d /Applications/ArmGNUToolchain/14.2.rel1/arm-none-eabi/bin/../lib/gcc/arm-none-eabi/14.2.1/../../../../arm-none-eabi/lib/thumb/v7-m/nofp/libnosys.a(_exit.o)
 .ARM.attributes
                0x00000b72       0x2d /Applications/ArmGNUToolchain/14.2.rel1/arm-none-eabi/bin/../lib/gcc/arm-none-eabi/14.2.1/thumb/v7-m/nofp/crtend.o
 .ARM.attributes
                0x00000b9f       0x1d /Applications/ArmGNUToolchain/14.2.rel1/arm-none-eabi/bin/../lib/gcc/arm-none-eabi/14.2.1/thumb/v7-m/nofp/crtn.o

.comment        0x00000000       0x45
 .comment       0x00000000       0x45 CMakeFiles/STM32F103C8T6-STD-CMAKE.elf.dir/Hardware/MPU6050.c.obj
                                 0x46 (size before relaxing)
 .comment       0x00000045       0x46 CMakeFiles/STM32F103C8T6-STD-CMAKE.elf.dir/Hardware/OLED.c.obj
 .comment       0x00000045       0x46 CMakeFiles/STM32F103C8T6-STD-CMAKE.elf.dir/Library/stm32f10x_gpio.c.obj
 .comment       0x00000045       0x46 CMakeFiles/STM32F103C8T6-STD-CMAKE.elf.dir/Library/stm32f10x_i2c.c.obj
 .comment       0x00000045       0x46 CMakeFiles/STM32F103C8T6-STD-CMAKE.elf.dir/Library/stm32f10x_rcc.c.obj
 .comment       0x00000045       0x46 CMakeFiles/STM32F103C8T6-STD-CMAKE.elf.dir/Start/system_stm32f10x.c.obj
 .comment       0x00000045       0x46 CMakeFiles/STM32F103C8T6-STD-CMAKE.elf.dir/User/main.c.obj
 .comment       0x00000045       0x46 CMakeFiles/STM32F103C8T6-STD-CMAKE.elf.dir/User/stm32f10x_it.c.obj

.debug_info     0x00000000     0x3f0d
 .debug_info    0x00000000      0xb1f CMakeFiles/STM32F103C8T6-STD-CMAKE.elf.dir/Hardware/MPU6050.c.obj
 .debug_info    0x00000b1f      0xde9 CMakeFiles/STM32F103C8T6-STD-CMAKE.elf.dir/Hardware/OLED.c.obj
 .debug_info    0x00001908      0x8be CMakeFiles/STM32F103C8T6-STD-CMAKE.elf.dir/Library/stm32f10x_gpio.c.obj
 .debug_info    0x000021c6      0xbea CMakeFiles/STM32F103C8T6-STD-CMAKE.elf.dir/Library/stm32f10x_i2c.c.obj
 .debug_info    0x00002db0      0x8bc CMakeFiles/STM32F103C8T6-STD-CMAKE.elf.dir/Library/stm32f10x_rcc.c.obj
 .debug_info    0x0000366c       0x30 CMakeFiles/STM32F103C8T6-STD-CMAKE.elf.dir/Start/startup_stm32f103xb.s.obj
 .debug_info    0x0000369c      0x439 CMakeFiles/STM32F103C8T6-STD-CMAKE.elf.dir/Start/system_stm32f10x.c.obj
 .debug_info    0x00003ad5      0x33b CMakeFiles/STM32F103C8T6-STD-CMAKE.elf.dir/User/main.c.obj
 .debug_info    0x00003e10       0xfd CMakeFiles/STM32F103C8T6-STD-CMAKE.elf.dir/User/stm32f10x_it.c.obj

.debug_abbrev   0x00000000      0xdba
 .debug_abbrev  0x00000000      0x1dd CMakeFiles/STM32F103C8T6-STD-CMAKE.elf.dir/Hardware/MPU6050.c.obj
 .debug_abbrev  0x000001dd      0x253 CMakeFiles/STM32F103C8T6-STD-CMAKE.elf.dir/Hardware/OLED.c.obj
 .debug_abbrev  0x00000430      0x250 CMakeFiles/STM32F103C8T6-STD-CMAKE.elf.dir/Library/stm32f10x_gpio.c.obj
 .debug_abbrev  0x00000680      0x21f CMakeFiles/STM32F103C8T6-STD-CMAKE.elf.dir/Library/stm32f10x_i2c.c.obj
 .debug_abbrev  0x0000089f      0x20d CMakeFiles/STM32F103C8T6-STD-CMAKE.elf.dir/Library/stm32f10x_rcc.c.obj
 .debug_abbrev  0x00000aac       0x24 CMakeFiles/STM32F103C8T6-STD-CMAKE.elf.dir/Start/startup_stm32f103xb.s.obj
 .debug_abbrev  0x00000ad0      0x1c7 CMakeFiles/STM32F103C8T6-STD-CMAKE.elf.dir/Start/system_stm32f10x.c.obj
 .debug_abbrev  0x00000c97       0xde CMakeFiles/STM32F103C8T6-STD-CMAKE.elf.dir/User/main.c.obj
 .debug_abbrev  0x00000d75       0x45 CMakeFiles/STM32F103C8T6-STD-CMAKE.elf.dir/User/stm32f10x_it.c.obj

.debug_loclists
                0x00000000     0x14f4
 .debug_loclists
                0x00000000      0x1c0 CMakeFiles/STM32F103C8T6-STD-CMAKE.elf.dir/Hardware/MPU6050.c.obj
 .debug_loclists
                0x000001c0      0x54d CMakeFiles/STM32F103C8T6-STD-CMAKE.elf.dir/Hardware/OLED.c.obj
 .debug_loclists
                0x0000070d      0x4d7 CMakeFiles/STM32F103C8T6-STD-CMAKE.elf.dir/Library/stm32f10x_gpio.c.obj
 .debug_loclists
                0x00000be4      0x51d CMakeFiles/STM32F103C8T6-STD-CMAKE.elf.dir/Library/stm32f10x_i2c.c.obj
 .debug_loclists
                0x00001101      0x33c CMakeFiles/STM32F103C8T6-STD-CMAKE.elf.dir/Library/stm32f10x_rcc.c.obj
 .debug_loclists
                0x0000143d       0xb7 CMakeFiles/STM32F103C8T6-STD-CMAKE.elf.dir/Start/system_stm32f10x.c.obj

.debug_aranges  0x00000000      0x4a0
 .debug_aranges
                0x00000000       0x48 CMakeFiles/STM32F103C8T6-STD-CMAKE.elf.dir/Hardware/MPU6050.c.obj
 .debug_aranges
                0x00000048       0x98 CMakeFiles/STM32F103C8T6-STD-CMAKE.elf.dir/Hardware/OLED.c.obj
 .debug_aranges
                0x000000e0       0xa8 CMakeFiles/STM32F103C8T6-STD-CMAKE.elf.dir/Library/stm32f10x_gpio.c.obj
 .debug_aranges
                0x00000188      0x120 CMakeFiles/STM32F103C8T6-STD-CMAKE.elf.dir/Library/stm32f10x_i2c.c.obj
 .debug_aranges
                0x000002a8      0x118 CMakeFiles/STM32F103C8T6-STD-CMAKE.elf.dir/Library/stm32f10x_rcc.c.obj
 .debug_aranges
                0x000003c0       0x28 CMakeFiles/STM32F103C8T6-STD-CMAKE.elf.dir/Start/startup_stm32f103xb.s.obj
 .debug_aranges
                0x000003e8       0x38 CMakeFiles/STM32F103C8T6-STD-CMAKE.elf.dir/Start/system_stm32f10x.c.obj
 .debug_aranges
                0x00000420       0x20 CMakeFiles/STM32F103C8T6-STD-CMAKE.elf.dir/User/main.c.obj
 .debug_aranges
                0x00000440       0x60 CMakeFiles/STM32F103C8T6-STD-CMAKE.elf.dir/User/stm32f10x_it.c.obj

.debug_rnglists
                0x00000000      0x356
 .debug_rnglists
                0x00000000       0x34 CMakeFiles/STM32F103C8T6-STD-CMAKE.elf.dir/Hardware/MPU6050.c.obj
 .debug_rnglists
                0x00000034       0x6e CMakeFiles/STM32F103C8T6-STD-CMAKE.elf.dir/Hardware/OLED.c.obj
 .debug_rnglists
                0x000000a2       0x7b CMakeFiles/STM32F103C8T6-STD-CMAKE.elf.dir/Library/stm32f10x_gpio.c.obj
 .debug_rnglists
                0x0000011d       0xd4 CMakeFiles/STM32F103C8T6-STD-CMAKE.elf.dir/Library/stm32f10x_i2c.c.obj
 .debug_rnglists
                0x000001f1       0xce CMakeFiles/STM32F103C8T6-STD-CMAKE.elf.dir/Library/stm32f10x_rcc.c.obj
 .debug_rnglists
                0x000002bf       0x19 CMakeFiles/STM32F103C8T6-STD-CMAKE.elf.dir/Start/startup_stm32f103xb.s.obj
 .debug_rnglists
                0x000002d8       0x27 CMakeFiles/STM32F103C8T6-STD-CMAKE.elf.dir/Start/system_stm32f10x.c.obj
 .debug_rnglists
                0x000002ff       0x14 CMakeFiles/STM32F103C8T6-STD-CMAKE.elf.dir/User/main.c.obj
 .debug_rnglists
                0x00000313       0x43 CMakeFiles/STM32F103C8T6-STD-CMAKE.elf.dir/User/stm32f10x_it.c.obj

.debug_line     0x00000000     0x29f5
 .debug_line    0x00000000      0x399 CMakeFiles/STM32F103C8T6-STD-CMAKE.elf.dir/Hardware/MPU6050.c.obj
 .debug_line    0x00000399      0x642 CMakeFiles/STM32F103C8T6-STD-CMAKE.elf.dir/Hardware/OLED.c.obj
 .debug_line    0x000009db      0x6d5 CMakeFiles/STM32F103C8T6-STD-CMAKE.elf.dir/Library/stm32f10x_gpio.c.obj
 .debug_line    0x000010b0      0x9bc CMakeFiles/STM32F103C8T6-STD-CMAKE.elf.dir/Library/stm32f10x_i2c.c.obj
 .debug_line    0x00001a6c      0x890 CMakeFiles/STM32F103C8T6-STD-CMAKE.elf.dir/Library/stm32f10x_rcc.c.obj
 .debug_line    0x000022fc       0x78 CMakeFiles/STM32F103C8T6-STD-CMAKE.elf.dir/Start/startup_stm32f103xb.s.obj
 .debug_line    0x00002374      0x3d5 CMakeFiles/STM32F103C8T6-STD-CMAKE.elf.dir/Start/system_stm32f10x.c.obj
 .debug_line    0x00002749      0x193 CMakeFiles/STM32F103C8T6-STD-CMAKE.elf.dir/User/main.c.obj
 .debug_line    0x000028dc      0x119 CMakeFiles/STM32F103C8T6-STD-CMAKE.elf.dir/User/stm32f10x_it.c.obj

.debug_str      0x00000000     0x1222
 .debug_str     0x00000000     0x1222 CMakeFiles/STM32F103C8T6-STD-CMAKE.elf.dir/Hardware/MPU6050.c.obj
                                0x5b3 (size before relaxing)
 .debug_str     0x00001222      0x4cc CMakeFiles/STM32F103C8T6-STD-CMAKE.elf.dir/Hardware/OLED.c.obj
 .debug_str     0x00001222      0x570 CMakeFiles/STM32F103C8T6-STD-CMAKE.elf.dir/Library/stm32f10x_gpio.c.obj
 .debug_str     0x00001222      0x6cf CMakeFiles/STM32F103C8T6-STD-CMAKE.elf.dir/Library/stm32f10x_i2c.c.obj
 .debug_str     0x00001222      0x65a CMakeFiles/STM32F103C8T6-STD-CMAKE.elf.dir/Library/stm32f10x_rcc.c.obj
 .debug_str     0x00001222       0x86 CMakeFiles/STM32F103C8T6-STD-CMAKE.elf.dir/Start/startup_stm32f103xb.s.obj
 .debug_str     0x00001222      0x31e CMakeFiles/STM32F103C8T6-STD-CMAKE.elf.dir/Start/system_stm32f10x.c.obj
 .debug_str     0x00001222      0x251 CMakeFiles/STM32F103C8T6-STD-CMAKE.elf.dir/User/main.c.obj
 .debug_str     0x00001222      0x22d CMakeFiles/STM32F103C8T6-STD-CMAKE.elf.dir/User/stm32f10x_it.c.obj

.debug_frame    0x00000000     0x1b40
 .debug_frame   0x00000000       0xc0 CMakeFiles/STM32F103C8T6-STD-CMAKE.elf.dir/Hardware/MPU6050.c.obj
 .debug_frame   0x000000c0      0x1d8 CMakeFiles/STM32F103C8T6-STD-CMAKE.elf.dir/Hardware/OLED.c.obj
 .debug_frame   0x00000298      0x168 CMakeFiles/STM32F103C8T6-STD-CMAKE.elf.dir/Library/stm32f10x_gpio.c.obj
 .debug_frame   0x00000400      0x250 CMakeFiles/STM32F103C8T6-STD-CMAKE.elf.dir/Library/stm32f10x_i2c.c.obj
 .debug_frame   0x00000650      0x228 CMakeFiles/STM32F103C8T6-STD-CMAKE.elf.dir/Library/stm32f10x_rcc.c.obj
 .debug_frame   0x00000878       0x6c CMakeFiles/STM32F103C8T6-STD-CMAKE.elf.dir/Start/system_stm32f10x.c.obj
 .debug_frame   0x000008e4       0x2c CMakeFiles/STM32F103C8T6-STD-CMAKE.elf.dir/User/main.c.obj
 .debug_frame   0x00000910       0xa0 CMakeFiles/STM32F103C8T6-STD-CMAKE.elf.dir/User/stm32f10x_it.c.obj
 .debug_frame   0x000009b0       0x90 /Applications/ArmGNUToolchain/14.2.rel1/arm-none-eabi/bin/../lib/gcc/arm-none-eabi/14.2.1/../../../../arm-none-eabi/lib/thumb/v7-m/nofp/libc_nano.a(libc_a-nano-vfprintf_float.o)
 .debug_frame   0x00000a40       0x60 /Applications/ArmGNUToolchain/14.2.rel1/arm-none-eabi/bin/../lib/gcc/arm-none-eabi/14.2.1/../../../../arm-none-eabi/lib/thumb/v7-m/nofp/libc_nano.a(libc_a-nano-vfprintf_i.o)
 .debug_frame   0x00000aa0      0x144 /Applications/ArmGNUToolchain/14.2.rel1/arm-none-eabi/bin/../lib/gcc/arm-none-eabi/14.2.1/../../../../arm-none-eabi/lib/thumb/v7-m/nofp/libc_nano.a(libc_a-findfp.o)
 .debug_frame   0x00000be4       0x34 /Applications/ArmGNUToolchain/14.2.rel1/arm-none-eabi/bin/../lib/gcc/arm-none-eabi/14.2.1/../../../../arm-none-eabi/lib/thumb/v7-m/nofp/libc_nano.a(libc_a-fwalk.o)
 .debug_frame   0x00000c18       0x20 /Applications/ArmGNUToolchain/14.2.rel1/arm-none-eabi/bin/../lib/gcc/arm-none-eabi/14.2.1/../../../../arm-none-eabi/lib/thumb/v7-m/nofp/libc_nano.a(libc_a-memset.o)
 .debug_frame   0x00000c38       0x2c /Applications/ArmGNUToolchain/14.2.rel1/arm-none-eabi/bin/../lib/gcc/arm-none-eabi/14.2.1/../../../../arm-none-eabi/lib/thumb/v7-m/nofp/libc_nano.a(libc_a-init.o)
 .debug_frame   0x00000c64       0xb0 /Applications/ArmGNUToolchain/14.2.rel1/arm-none-eabi/bin/../lib/gcc/arm-none-eabi/14.2.1/../../../../arm-none-eabi/lib/thumb/v7-m/nofp/libc_nano.a(libc_a-lock.o)
 .debug_frame   0x00000d14       0x40 /Applications/ArmGNUToolchain/14.2.rel1/arm-none-eabi/bin/../lib/gcc/arm-none-eabi/14.2.1/../../../../arm-none-eabi/lib/thumb/v7-m/nofp/libc_nano.a(libc_a-localeconv.o)
 .debug_frame   0x00000d54       0x28 /Applications/ArmGNUToolchain/14.2.rel1/arm-none-eabi/bin/../lib/gcc/arm-none-eabi/14.2.1/../../../../arm-none-eabi/lib/thumb/v7-m/nofp/libc_nano.a(libc_a-memchr-stub.o)
 .debug_frame   0x00000d7c       0x20 /Applications/ArmGNUToolchain/14.2.rel1/arm-none-eabi/bin/../lib/gcc/arm-none-eabi/14.2.1/../../../../arm-none-eabi/lib/thumb/v7-m/nofp/libc_nano.a(libc_a-strlen.o)
 .debug_frame   0x00000d9c       0x6c /Applications/ArmGNUToolchain/14.2.rel1/arm-none-eabi/bin/../lib/gcc/arm-none-eabi/14.2.1/../../../../arm-none-eabi/lib/thumb/v7-m/nofp/libc_nano.a(libc_a-dtoa.o)
 .debug_frame   0x00000e08       0x30 /Applications/ArmGNUToolchain/14.2.rel1/arm-none-eabi/bin/../lib/gcc/arm-none-eabi/14.2.1/../../../../arm-none-eabi/lib/thumb/v7-m/nofp/libc_nano.a(libc_a-malloc.o)
 .debug_frame   0x00000e38       0x50 /Applications/ArmGNUToolchain/14.2.rel1/arm-none-eabi/bin/../lib/gcc/arm-none-eabi/14.2.1/../../../../arm-none-eabi/lib/thumb/v7-m/nofp/libc_nano.a(libc_a-mallocr.o)
 .debug_frame   0x00000e88       0x5c /Applications/ArmGNUToolchain/14.2.rel1/arm-none-eabi/bin/../lib/gcc/arm-none-eabi/14.2.1/../../../../arm-none-eabi/lib/thumb/v7-m/nofp/libc_nano.a(libc_a-fflush.o)
 .debug_frame   0x00000ee4       0x30 /Applications/ArmGNUToolchain/14.2.rel1/arm-none-eabi/bin/../lib/gcc/arm-none-eabi/14.2.1/../../../../arm-none-eabi/lib/thumb/v7-m/nofp/libc_nano.a(libc_a-mlock.o)
 .debug_frame   0x00000f14      0x25c /Applications/ArmGNUToolchain/14.2.rel1/arm-none-eabi/bin/../lib/gcc/arm-none-eabi/14.2.1/../../../../arm-none-eabi/lib/thumb/v7-m/nofp/libc_nano.a(libc_a-mprec.o)
 .debug_frame   0x00001170       0x88 /Applications/ArmGNUToolchain/14.2.rel1/arm-none-eabi/bin/../lib/gcc/arm-none-eabi/14.2.1/../../../../arm-none-eabi/lib/thumb/v7-m/nofp/libc_nano.a(libc_a-stdio.o)
 .debug_frame   0x000011f8       0x2c /Applications/ArmGNUToolchain/14.2.rel1/arm-none-eabi/bin/../lib/gcc/arm-none-eabi/14.2.1/../../../../arm-none-eabi/lib/thumb/v7-m/nofp/libc_nano.a(libc_a-lseekr.o)
 .debug_frame   0x00001224       0x2c /Applications/ArmGNUToolchain/14.2.rel1/arm-none-eabi/bin/../lib/gcc/arm-none-eabi/14.2.1/../../../../arm-none-eabi/lib/thumb/v7-m/nofp/libc_nano.a(libc_a-readr.o)
 .debug_frame   0x00001250       0x2c /Applications/ArmGNUToolchain/14.2.rel1/arm-none-eabi/bin/../lib/gcc/arm-none-eabi/14.2.1/../../../../arm-none-eabi/lib/thumb/v7-m/nofp/libc_nano.a(libc_a-sbrkr.o)
 .debug_frame   0x0000127c       0x2c /Applications/ArmGNUToolchain/14.2.rel1/arm-none-eabi/bin/../lib/gcc/arm-none-eabi/14.2.1/../../../../arm-none-eabi/lib/thumb/v7-m/nofp/libc_nano.a(libc_a-writer.o)
 .debug_frame   0x000012a8       0x48 /Applications/ArmGNUToolchain/14.2.rel1/arm-none-eabi/bin/../lib/gcc/arm-none-eabi/14.2.1/../../../../arm-none-eabi/lib/thumb/v7-m/nofp/libc_nano.a(libc_a-locale.o)
 .debug_frame   0x000012f0       0x2c /Applications/ArmGNUToolchain/14.2.rel1/arm-none-eabi/bin/../lib/gcc/arm-none-eabi/14.2.1/../../../../arm-none-eabi/lib/thumb/v7-m/nofp/libc_nano.a(libc_a-closer.o)
 .debug_frame   0x0000131c       0x38 /Applications/ArmGNUToolchain/14.2.rel1/arm-none-eabi/bin/../lib/gcc/arm-none-eabi/14.2.1/../../../../arm-none-eabi/lib/thumb/v7-m/nofp/libc_nano.a(libc_a-reent.o)
 .debug_frame   0x00001354       0x28 /Applications/ArmGNUToolchain/14.2.rel1/arm-none-eabi/bin/../lib/gcc/arm-none-eabi/14.2.1/../../../../arm-none-eabi/lib/thumb/v7-m/nofp/libc_nano.a(libc_a-memcpy-stub.o)
 .debug_frame   0x0000137c       0x40 /Applications/ArmGNUToolchain/14.2.rel1/arm-none-eabi/bin/../lib/gcc/arm-none-eabi/14.2.1/../../../../arm-none-eabi/lib/thumb/v7-m/nofp/libc_nano.a(libc_a-assert.o)
 .debug_frame   0x000013bc       0x2c /Applications/ArmGNUToolchain/14.2.rel1/arm-none-eabi/bin/../lib/gcc/arm-none-eabi/14.2.1/../../../../arm-none-eabi/lib/thumb/v7-m/nofp/libc_nano.a(libc_a-callocr.o)
 .debug_frame   0x000013e8       0x38 /Applications/ArmGNUToolchain/14.2.rel1/arm-none-eabi/bin/../lib/gcc/arm-none-eabi/14.2.1/../../../../arm-none-eabi/lib/thumb/v7-m/nofp/libc_nano.a(libc_a-freer.o)
 .debug_frame   0x00001420       0x48 /Applications/ArmGNUToolchain/14.2.rel1/arm-none-eabi/bin/../lib/gcc/arm-none-eabi/14.2.1/../../../../arm-none-eabi/lib/thumb/v7-m/nofp/libc_nano.a(libc_a-mbtowc_r.o)
 .debug_frame   0x00001468       0x64 /Applications/ArmGNUToolchain/14.2.rel1/arm-none-eabi/bin/../lib/gcc/arm-none-eabi/14.2.1/../../../../arm-none-eabi/lib/thumb/v7-m/nofp/libc_nano.a(libc_a-fprintf.o)
 .debug_frame   0x000014cc       0x3c /Applications/ArmGNUToolchain/14.2.rel1/arm-none-eabi/bin/../lib/gcc/arm-none-eabi/14.2.1/../../../../arm-none-eabi/lib/thumb/v7-m/nofp/libc_nano.a(libc_a-wctomb_r.o)
 .debug_frame   0x00001508       0x28 /Applications/ArmGNUToolchain/14.2.rel1/arm-none-eabi/bin/../lib/gcc/arm-none-eabi/14.2.1/../../../../arm-none-eabi/lib/thumb/v7-m/nofp/libc_nano.a(libc_a-abort.o)
 .debug_frame   0x00001530       0xa8 /Applications/ArmGNUToolchain/14.2.rel1/arm-none-eabi/bin/../lib/gcc/arm-none-eabi/14.2.1/../../../../arm-none-eabi/lib/thumb/v7-m/nofp/libc_nano.a(libc_a-nano-vfprintf.o)
 .debug_frame   0x000015d8       0x40 /Applications/ArmGNUToolchain/14.2.rel1/arm-none-eabi/bin/../lib/gcc/arm-none-eabi/14.2.1/../../../../arm-none-eabi/lib/thumb/v7-m/nofp/libc_nano.a(libc_a-wbuf.o)
 .debug_frame   0x00001618       0x2c /Applications/ArmGNUToolchain/14.2.rel1/arm-none-eabi/bin/../lib/gcc/arm-none-eabi/14.2.1/../../../../arm-none-eabi/lib/thumb/v7-m/nofp/libc_nano.a(libc_a-wsetup.o)
 .debug_frame   0x00001644       0x58 /Applications/ArmGNUToolchain/14.2.rel1/arm-none-eabi/bin/../lib/gcc/arm-none-eabi/14.2.1/../../../../arm-none-eabi/lib/thumb/v7-m/nofp/libc_nano.a(libc_a-makebuf.o)
 .debug_frame   0x0000169c       0xcc /Applications/ArmGNUToolchain/14.2.rel1/arm-none-eabi/bin/../lib/gcc/arm-none-eabi/14.2.1/../../../../arm-none-eabi/lib/thumb/v7-m/nofp/libc_nano.a(libc_a-signal.o)
 .debug_frame   0x00001768       0x2c /Applications/ArmGNUToolchain/14.2.rel1/arm-none-eabi/bin/../lib/gcc/arm-none-eabi/14.2.1/../../../../arm-none-eabi/lib/thumb/v7-m/nofp/libc_nano.a(libc_a-isattyr.o)
 .debug_frame   0x00001794       0x3c /Applications/ArmGNUToolchain/14.2.rel1/arm-none-eabi/bin/../lib/gcc/arm-none-eabi/14.2.1/../../../../arm-none-eabi/lib/thumb/v7-m/nofp/libc_nano.a(libc_a-signalr.o)
 .debug_frame   0x000017d0       0x2c /Applications/ArmGNUToolchain/14.2.rel1/arm-none-eabi/bin/../lib/gcc/arm-none-eabi/14.2.1/../../../../arm-none-eabi/lib/thumb/v7-m/nofp/libc_nano.a(libc_a-fstatr.o)
 .debug_frame   0x000017fc       0xac /Applications/ArmGNUToolchain/14.2.rel1/arm-none-eabi/bin/../lib/gcc/arm-none-eabi/14.2.1/thumb/v7-m/nofp/libgcc.a(_arm_addsubdf3.o)
 .debug_frame   0x000018a8       0x50 /Applications/ArmGNUToolchain/14.2.rel1/arm-none-eabi/bin/../lib/gcc/arm-none-eabi/14.2.1/thumb/v7-m/nofp/libgcc.a(_arm_muldivdf3.o)
 .debug_frame   0x000018f8       0xc4 /Applications/ArmGNUToolchain/14.2.rel1/arm-none-eabi/bin/../lib/gcc/arm-none-eabi/14.2.1/thumb/v7-m/nofp/libgcc.a(_arm_cmpdf2.o)
 .debug_frame   0x000019bc       0x20 /Applications/ArmGNUToolchain/14.2.rel1/arm-none-eabi/bin/../lib/gcc/arm-none-eabi/14.2.1/thumb/v7-m/nofp/libgcc.a(_arm_unorddf2.o)
 .debug_frame   0x000019dc       0x24 /Applications/ArmGNUToolchain/14.2.rel1/arm-none-eabi/bin/../lib/gcc/arm-none-eabi/14.2.1/thumb/v7-m/nofp/libgcc.a(_arm_fixdfsi.o)
 .debug_frame   0x00001a00       0x20 /Applications/ArmGNUToolchain/14.2.rel1/arm-none-eabi/bin/../lib/gcc/arm-none-eabi/14.2.1/../../../../arm-none-eabi/lib/thumb/v7-m/nofp/libnosys.a(close.o)
 .debug_frame   0x00001a20       0x20 /Applications/ArmGNUToolchain/14.2.rel1/arm-none-eabi/bin/../lib/gcc/arm-none-eabi/14.2.1/../../../../arm-none-eabi/lib/thumb/v7-m/nofp/libnosys.a(fstat.o)
 .debug_frame   0x00001a40       0x20 /Applications/ArmGNUToolchain/14.2.rel1/arm-none-eabi/bin/../lib/gcc/arm-none-eabi/14.2.1/../../../../arm-none-eabi/lib/thumb/v7-m/nofp/libnosys.a(getpid.o)
 .debug_frame   0x00001a60       0x20 /Applications/ArmGNUToolchain/14.2.rel1/arm-none-eabi/bin/../lib/gcc/arm-none-eabi/14.2.1/../../../../arm-none-eabi/lib/thumb/v7-m/nofp/libnosys.a(isatty.o)
 .debug_frame   0x00001a80       0x20 /Applications/ArmGNUToolchain/14.2.rel1/arm-none-eabi/bin/../lib/gcc/arm-none-eabi/14.2.1/../../../../arm-none-eabi/lib/thumb/v7-m/nofp/libnosys.a(kill.o)
 .debug_frame   0x00001aa0       0x20 /Applications/ArmGNUToolchain/14.2.rel1/arm-none-eabi/bin/../lib/gcc/arm-none-eabi/14.2.1/../../../../arm-none-eabi/lib/thumb/v7-m/nofp/libnosys.a(lseek.o)
 .debug_frame   0x00001ac0       0x20 /Applications/ArmGNUToolchain/14.2.rel1/arm-none-eabi/bin/../lib/gcc/arm-none-eabi/14.2.1/../../../../arm-none-eabi/lib/thumb/v7-m/nofp/libnosys.a(read.o)
 .debug_frame   0x00001ae0       0x20 /Applications/ArmGNUToolchain/14.2.rel1/arm-none-eabi/bin/../lib/gcc/arm-none-eabi/14.2.1/../../../../arm-none-eabi/lib/thumb/v7-m/nofp/libnosys.a(sbrk.o)
 .debug_frame   0x00001b00       0x20 /Applications/ArmGNUToolchain/14.2.rel1/arm-none-eabi/bin/../lib/gcc/arm-none-eabi/14.2.1/../../../../arm-none-eabi/lib/thumb/v7-m/nofp/libnosys.a(write.o)
 .debug_frame   0x00001b20       0x20 /Applications/ArmGNUToolchain/14.2.rel1/arm-none-eabi/bin/../lib/gcc/arm-none-eabi/14.2.1/../../../../arm-none-eabi/lib/thumb/v7-m/nofp/libnosys.a(_exit.o)

.debug_line_str
                0x00000000      0x22d
 .debug_line_str
                0x00000000      0x22d CMakeFiles/STM32F103C8T6-STD-CMAKE.elf.dir/Start/startup_stm32f103xb.s.obj
                                 0x6a (size before relaxing)
 .debug_line_str
                0x0000022d       0xf0 /Applications/ArmGNUToolchain/14.2.rel1/arm-none-eabi/bin/../lib/gcc/arm-none-eabi/14.2.1/../../../../arm-none-eabi/lib/thumb/v7-m/nofp/libc_nano.a(libc_a-strlen.o)
 .debug_line_str
                0x0000022d       0xd3 /Applications/ArmGNUToolchain/14.2.rel1/arm-none-eabi/bin/../lib/gcc/arm-none-eabi/14.2.1/thumb/v7-m/nofp/libgcc.a(_arm_addsubdf3.o)
 .debug_line_str
                0x0000022d       0xd3 /Applications/ArmGNUToolchain/14.2.rel1/arm-none-eabi/bin/../lib/gcc/arm-none-eabi/14.2.1/thumb/v7-m/nofp/libgcc.a(_arm_muldivdf3.o)
 .debug_line_str
                0x0000022d       0xd3 /Applications/ArmGNUToolchain/14.2.rel1/arm-none-eabi/bin/../lib/gcc/arm-none-eabi/14.2.1/thumb/v7-m/nofp/libgcc.a(_arm_cmpdf2.o)
 .debug_line_str
                0x0000022d       0xd3 /Applications/ArmGNUToolchain/14.2.rel1/arm-none-eabi/bin/../lib/gcc/arm-none-eabi/14.2.1/thumb/v7-m/nofp/libgcc.a(_arm_unorddf2.o)
 .debug_line_str
                0x0000022d       0xd3 /Applications/ArmGNUToolchain/14.2.rel1/arm-none-eabi/bin/../lib/gcc/arm-none-eabi/14.2.1/thumb/v7-m/nofp/libgcc.a(_arm_fixdfsi.o)
